Component: ARM Compiler 5.05 (build 41) Tool: armlink [4d0eb9]

==============================================================================

Section Cross References

    main.o(.text) refers to feqf.o(x$fpl$feqf) for __aeabi_cfcmpeq
    main.o(.text) refers to main.o(i._ZN4mbed6PwmOut5writeEf) for mbed::PwmOut::write(float)
    main.o(.text) refers to fdiv.o(.text) for __aeabi_fdiv
    main.o(.text) refers to faddsub.o(x$fpl$fsub) for __aeabi_fsub
    main.o(.text) refers to fmul.o(x$fpl$fmul) for __aeabi_fmul
    main.o(.text) refers to faddsub.o(x$fpl$fadd) for __aeabi_fadd
    main.o(.text) refers to frlef.o(x$fpl$frleqf) for __aeabi_cfrcmple
    main.o(.text) refers to flef.o(x$fpl$fleqf) for __aeabi_cfcmple
    main.o(.text) refers to Timer.o(i._ZN4mbed5TimerC1Ev) for mbed::Timer::Timer()
    main.o(.text) refers to main.o(i._ZN4mbed9DigitalIncviEv) for mbed::DigitalIn::operator int()
    main.o(.text) refers to Timer.o(i._ZN4mbed5Timer5startEv) for mbed::Timer::start()
    main.o(.text) refers to Timer.o(i._ZN4mbed5Timer7read_msEv) for mbed::Timer::read_ms()
    main.o(.text) refers to Timer.o(i._ZN4mbed5Timer5resetEv) for mbed::Timer::reset()
    main.o(.text) refers to Timer.o(i._ZN4mbed5Timer7read_usEv) for mbed::Timer::read_us()
    main.o(.text) refers to fflti.o(.text) for __aeabi_i2f
    main.o(.text) refers to main.o(i._ZN4mbed10DigitalOutaSEi) for mbed::DigitalOut::operator =(int)
    main.o(.text) refers to wait_api.o(i.wait_us) for wait_us
    main.o(.text) refers to analogin_api.o(i.analogin_read) for analogin_read
    main.o(.text) refers to f2d.o(.text) for __aeabi_f2d
    main.o(.text) refers to dmul.o(.text) for __aeabi_dmul
    main.o(.text) refers to d2f.o(.text) for __aeabi_d2f
    main.o(.text) refers to ffixi.o(.text) for __aeabi_f2iz
    main.o(.text) refers to main.o(.bss) for motor
    main.o(.text) refers to main.o(.data) for target_velocity
    main.o(.text) refers to Stream.o(i._ZN4mbed6Stream6printfEPKcz) for mbed::Stream::printf(const char*, ...)
    main.o(.text) refers to wait_api.o(i.wait) for wait
    main.o(.text) refers to main.o(i._ZN4mbed6PwmOut6periodEf) for mbed::PwmOut::period(float)
    main.o(.text) refers to thread.o(.text) for rtos::Thread::Thread(void(*)(const void*), void*, osPriority, unsigned, unsigned char*)
    main.o(.text) refers to Serial.o(i._ZN4mbed6SerialC1E7PinNameS1_PKc) for mbed::Serial::Serial(PinName, PinName, const char*)
    main.o(.text) refers to aeabi_atexit.o(i.__aeabi_atexit) for __aeabi_atexit
    main.o(.text) refers to main.o(i._ZN4mbed10DigitalOutC1E7PinName) for mbed::DigitalOut::DigitalOut(PinName)
    main.o(.text) refers to main.o(i._ZN4mbed6PwmOutC1E7PinName) for mbed::PwmOut::PwmOut(PinName)
    main.o(.text) refers to analogin_api.o(i.analogin_init) for analogin_init
    main.o(.text) refers to gpio_api.o(i.gpio_init) for gpio_init
    main.o(.text) refers to Serial.o(i._ZN4mbed6SerialD1Ev) for mbed::Serial::~Serial()
    main.o(.ARM.exidx) refers to main.o(.text) for .text
    main.o(.init_array) refers to main.o(.text) for __sti___8_main_cpp_serial
    main.o(.init_array) refers to init_aeabi.o(.text) for __cpp_initialize__aeabi_
    hal_cm0.o(.emb_text) refers to rtx_conf_cm.o(.constdata) for os_flags
    hal_cm0.o(.emb_text) refers to rt_membox.o(.text) for rt_alloc_box
    hal_cm0.o(.emb_text) refers to rt_system.o(.text) for rt_stk_check
    hal_cm0.o(.emb_text) refers to rt_task.o(.data) for os_tsk
    hal_cm0.o(.emb_text) refers to svc_table.o(SVC_TABLE) for SVC_Count
    rt_cmsis.o(.text) refers to aeabi_sdiv.o(.text) for __aeabi_uidivmod
    rt_cmsis.o(.text) refers to rt_task.o(.text) for rt_sys_init
    rt_cmsis.o(.text) refers to rtx_conf_cm.o(.text) for sysThreadError
    rt_cmsis.o(.text) refers to rt_mailbox.o(.text) for rt_mbx_init
    rt_cmsis.o(.text) refers to rtx_conf_cm.o(.constdata) for os_clockrate
    rt_cmsis.o(.text) refers to rt_cmsis.o(.data) for os_initialized
    rt_cmsis.o(.text) refers to rt_task.o(.data) for os_tsk
    rt_cmsis.o(.text) refers to rtx_conf_cm.o(.bss) for os_active_TCB
    rt_cmsis.o(.text) refers to rtx_conf_cm.o(.data) for os_messageQ_def_osTimerMessageQ
    rt_cmsis.o(.text) refers to rt_time.o(.text) for rt_dly_wait
    rt_cmsis.o(.text) refers to rt_event.o(.text) for rt_evt_set
    rt_cmsis.o(.text) refers to rt_mutex.o(.text) for rt_mut_init
    rt_cmsis.o(.text) refers to rt_semaphore.o(.text) for rt_sem_init
    rt_cmsis.o(.text) refers to rt_membox.o(.text) for _init_box
    rt_cmsis.o(.text) refers to rt_list.o(.text) for rt_put_prio
    rt_cmsis.o(.text) refers to rt_system.o(.text) for rt_psh_req
    rt_cmsis.o(.text) refers to hal_cm.o(.text) for rt_ret_val
    rt_event.o(.text) refers to rt_task.o(.text) for rt_block
    rt_event.o(.text) refers to rt_list.o(.text) for rt_rmv_dly
    rt_event.o(.text) refers to hal_cm.o(.text) for rt_ret_val2
    rt_event.o(.text) refers to rt_system.o(.text) for rt_psh_req
[...]
    rt_get_TID                               0x00002cad   Thumb Code    34  rt_task.o(.text)
    __user_perthread_libspace                0x00002ccf   Thumb Code    20  rt_task.o(.text)
    rt_init_context                          0x00002ce3   Thumb Code    52  rt_task.o(.text)
    rt_switch_req                            0x00002d17   Thumb Code    10  rt_task.o(.text)
    rt_dispatch                              0x00002d21   Thumb Code    74  rt_task.o(.text)
    rt_block                                 0x00002d6b   Thumb Code    48  rt_task.o(.text)
    rt_tsk_pass                              0x00002d9b   Thumb Code    38  rt_task.o(.text)
    rt_tsk_self                              0x00002dc1   Thumb Code    18  rt_task.o(.text)
    rt_tsk_prio                              0x00002dd3   Thumb Code   130  rt_task.o(.text)
    rt_tsk_delete                            0x00002e55   Thumb Code   136  rt_task.o(.text)
    rt_sys_init                              0x00002edd   Thumb Code   142  rt_task.o(.text)
    rt_sys_start                             0x00002f6b   Thumb Code    88  rt_task.o(.text)
    os_idle_demon                            0x00003009   Thumb Code     4  rtx_conf_cm.o(.text)
    os_error                                 0x0000300d   Thumb Code    10  rtx_conf_cm.o(.text)
    sysThreadError                           0x00003017   Thumb Code    14  rtx_conf_cm.o(.text)
    _mutex_initialize                        0x00003025   Thumb Code    48  rtx_conf_cm.o(.text)
    _mutex_acquire                           0x00003055   Thumb Code    24  rtx_conf_cm.o(.text)
    _mutex_release                           0x0000306d   Thumb Code    22  rtx_conf_cm.o(.text)
    set_main_stack                           0x00003083   Thumb Code    16  rtx_conf_cm.o(.text)
    rt_time_get                              0x000030d1   Thumb Code     6  rt_time.o(.text)
    rt_dly_wait                              0x000030d7   Thumb Code    14  rt_time.o(.text)
    rt_itv_set                               0x000030e5   Thumb Code    20  rt_time.o(.text)
    rt_itv_wait                              0x000030f9   Thumb Code    56  rt_time.o(.text)
    rtos::Thread::Thread(void(*)(const void*), void*, osPriority, unsigned, unsigned char*) 0x00003139   Thumb Code    92  thread.o(.text)
    rtos::Thread::Thread__sub_object(void(*)(const void*), void*, osPriority, unsigned, unsigned char*) 0x00003139   Thumb Code     0  thread.o(.text)
    rtos::Thread::terminate()                0x00003195   Thumb Code    12  thread.o(.text)
    rtos::Thread::set_priority(osPriority)   0x000031a1   Thumb Code    16  thread.o(.text)
    rtos::Thread::get_priority()             0x000031b1   Thumb Code    12  thread.o(.text)
    rtos::Thread::signal_set(int)            0x000031bd   Thumb Code    16  thread.o(.text)
    rtos::Thread::get_state()                0x000031cd   Thumb Code     6  thread.o(.text)
    rtos::Thread::signal_wait(int, unsigned) 0x000031d3   Thumb Code    22  thread.o(.text)
    rtos::Thread::wait(unsigned)             0x000031e9   Thumb Code    12  thread.o(.text)
    rtos::Thread::yield()                    0x000031f5   Thumb Code     8  thread.o(.text)
    rtos::Thread::gettid()                   0x000031fd   Thumb Code     8  thread.o(.text)
    rtos::Thread::~Thread()                  0x00003205   Thumb Code    32  thread.o(.text)
    rtos::Thread::~Thread__sub_object()      0x00003205   Thumb Code     0  thread.o(.text)
    rtos::Thread::~Thread__deallocating()    0x00003225   Thumb Code    18  thread.o(.text)
    _malloc_internal                         0x0000326d   Thumb Code   126  h1_alloc_mt.o(.text)
    malloc                                   0x000032eb   Thumb Code    20  h1_alloc_mt.o(.text)
    _free_internal                           0x000032ff   Thumb Code    96  h1_free_mt.o(.text)
    free                                     0x0000335f   Thumb Code    20  h1_free_mt.o(.text)
    __2fprintf                               0x00003373   Thumb Code    22  __2fprintf.o(.text)
    __2sprintf                               0x00003389   Thumb Code    40  __2sprintf.o(.text)
    _printf_str                              0x000033b5   Thumb Code    82  _printf_str.o(.text)
    _printf_int_dec                          0x00003409   Thumb Code    90  _printf_dec.o(.text)
    _printf_longlong_hex                     0x00003475   Thumb Code    88  _printf_hex_int_ll_ptr.o(.text)
    _printf_int_hex                          0x000034cd   Thumb Code    28  _printf_hex_int_ll_ptr.o(.text)
    _printf_ll_hex                           0x000034e9   Thumb Code    10  _printf_hex_int_ll_ptr.o(.text)
    _printf_hex_ptr                          0x000034f3   Thumb Code    22  _printf_hex_int_ll_ptr.o(.text)
    __printf                                 0x0000350d   Thumb Code   386  __printf_flags_ss_wp.o(.text)
    __0sscanf                                0x00003695   Thumb Code    54  __0sscanf.o(.text)
    _scanf_int                               0x000036d5   Thumb Code   330  _scanf_int.o(.text)
    setbuf                                   0x0000381f   Thumb Code    26  setbuf.o(.text)
    _fclose$unlocked                         0x00003839   Thumb Code     0  fclose.o(.text)
    _fclose_internal                         0x00003839   Thumb Code    72  fclose.o(.text)
    fclose                                   0x00003885   Thumb Code    46  fclose_locked.o(.text)
    _do_fflush                               0x000038b9   Thumb Code    70  fflush_locked.o(.text)
    fflush                                   0x000038ff   Thumb Code    60  fflush_locked.o(.text)
    setvbuf                                  0x00003945   Thumb Code   104  setvbuf_locked.o(.text)
    freopen                                  0x00003a59   Thumb Code    38  fopen_locked.o(.text)
    fopen                                    0x00003a7f   Thumb Code   102  fopen_locked.o(.text)
    strlen                                   0x00003af1   Thumb Code    62  strlen.o(.text)
    strncmp                                  0x00003b35   Thumb Code   154  strncmp.o(.text)
    _memset_w                                0x00003bd5   Thumb Code    26  rt_memclr.o(.text)
    _memset                                  0x00003bef   Thumb Code    30  rt_memclr.o(.text)
    __aeabi_memclr                           0x00003c0d   Thumb Code     4  rt_memclr.o(.text)
    __rt_memclr                              0x00003c0d   Thumb Code     0  rt_memclr.o(.text)
    __aeabi_memclr4                          0x00003c11   Thumb Code     0  rt_memclr.o(.text)
    __aeabi_memclr8                          0x00003c11   Thumb Code     0  rt_memclr.o(.text)
    __rt_memclr_w                            0x00003c11   Thumb Code     4  rt_memclr.o(.text)
    strcmp                                   0x00003c15   Thumb Code   132  strcmp.o(.text)
    __aeabi_uidiv                            0x00003c9d   Thumb Code     0  aeabi_sdiv.o(.text)
    __aeabi_uidivmod                         0x00003c9d   Thumb Code    20  aeabi_sdiv.o(.text)
    __aeabi_idiv                             0x00003cb1   Thumb Code     0  aeabi_sdiv.o(.text)
    __aeabi_idivmod                          0x00003cb1   Thumb Code   326  aeabi_sdiv.o(.text)
    __cpp_initialize__aeabi_                 0x00003df9   Thumb Code    26  init_aeabi.o(.text)
    __aeabi_d2f                              0x00003e1d   Thumb Code     0  d2f.o(.text)
    _d2f                                     0x00003e1d   Thumb Code   120  d2f.o(.text)
    __aeabi_dmul                             0x00003e99   Thumb Code     0  dmul.o(.text)
    _dmul                                    0x00003e99   Thumb Code   558  dmul.o(.text)
    __aeabi_f2d                              0x000040e1   Thumb Code     0  f2d.o(.text)
    _f2d                                     0x000040e1   Thumb Code    80  f2d.o(.text)
    __aeabi_fdiv                             0x00004135   Thumb Code     0  fdiv.o(.text)
    _fdiv                                    0x00004135   Thumb Code   334  fdiv.o(.text)
    _frdiv                                   0x00004283   Thumb Code     8  fdiv.o(.text)
    __aeabi_f2iz                             0x00004295   Thumb Code     0  ffixi.o(.text)
    _ffix                                    0x00004295   Thumb Code    76  ffixi.o(.text)
    __aeabi_f2uiz                            0x000042e1   Thumb Code     0  ffixui.o(.text)
    _ffixu                                   0x000042e1   Thumb Code    48  ffixui.o(.text)
    __aeabi_i2f_normalise                    0x00004311   Thumb Code    72  fflti.o(.text)
    __aeabi_i2f                              0x00004359   Thumb Code    16  fflti.o(.text)
    _fflt                                    0x00004359   Thumb Code     0  fflti.o(.text)
    __aeabi_ui2f                             0x00004369   Thumb Code     6  fflti.o(.text)
    _ffltu                                   0x00004369   Thumb Code     0  fflti.o(.text)
    __ARM_scalbnf                            0x00004371   Thumb Code    64  fscalbn.o(.text)
    __rt_heap_descriptor                     0x000043b5   Thumb Code    10  rt_heap_descriptor_twolibspace.o(.text)
    __rt_new_handler_addr                    0x000043bf   Thumb Code    10  rt_new_handler_addr_twolibspace.o(.text)
    __rt_ddtor_pointer_addr                  0x000043c9   Thumb Code    10  rt_ddtor_pointer_addr_twolibspace.o(.text)
    _terminate_user_alloc                    0x000043d3   Thumb Code     2  init_alloc.o(.text)
    _init_user_alloc                         0x000043d5   Thumb Code     2  init_alloc.o(.text)
    __Heap_Full                              0x000043d7   Thumb Code    32  init_alloc.o(.text)
    __Heap_Broken                            0x000043f7   Thumb Code    10  init_alloc.o(.text)
    _init_alloc                              0x00004401   Thumb Code    90  init_alloc.o(.text)
    __Heap_Initialize                        0x0000445b   Thumb Code    18  h1_init_mt.o(.text)
    __Heap_DescSize                          0x0000446d   Thumb Code     4  h1_init_mt.o(.text)
    _printf_pre_padding                      0x00004471   Thumb Code    44  _printf_pad.o(.text)
    _printf_post_padding                     0x0000449d   Thumb Code    34  _printf_pad.o(.text)
    _printf_truncate_signed                  0x000044bf   Thumb Code    18  _printf_truncate.o(.text)
    _printf_truncate_unsigned                0x000044d1   Thumb Code    18  _printf_truncate.o(.text)
    _printf_int_common                       0x000044e3   Thumb Code   176  _printf_intcommon.o(.text)
    _printf_charcount                        0x00004593   Thumb Code    38  _printf_charcount.o(.text)
    _printf_char_common                      0x000045c3   Thumb Code    32  _printf_char_common.o(.text)
    _sputc                                   0x000045e9   Thumb Code    10  _sputc.o(.text)
    _printf_cs_common                        0x000045f3   Thumb Code    22  _printf_char.o(.text)
    _printf_char                             0x00004609   Thumb Code    16  _printf_char.o(.text)
    _printf_string                           0x00004619   Thumb Code     8  _printf_char.o(.text)
    _printf_wctomb                           0x00004621   Thumb Code   182  _printf_wctomb.o(.text)
    _printf_longlong_dec                     0x000046dd   Thumb Code    94  _printf_longlong_dec.o(.text)
    _printf_longlong_oct                     0x0000474d   Thumb Code    68  _printf_oct_int_ll.o(.text)
    _printf_int_oct                          0x00004791   Thumb Code    24  _printf_oct_int_ll.o(.text)
    _printf_ll_oct                           0x000047a9   Thumb Code    10  _printf_oct_int_ll.o(.text)
    _chval                                   0x000047bd   Thumb Code    30  _chval.o(.text)
    __vfscanf_char                           0x000047e9   Thumb Code    28  scanf_char.o(.text)
    _sgetc                                   0x0000480d   Thumb Code    32  _sgetc.o(.text)
    _sbackspace                              0x0000482d   Thumb Code    36  _sgetc.o(.text)
    __flsbuf                                 0x00004851   Thumb Code   486  flsbuf.o(.text)
    __flsbuf_byte                            0x00004851   Thumb Code     0  flsbuf.o(.text)
    __flsbuf_wide                            0x00004851   Thumb Code     0  flsbuf.o(.text)
    _fseek                                   0x00004a41   Thumb Code   240  fseek.o(.text)
    fseek                                    0x00004a41   Thumb Code     0  fseek.o(.text)
    _seterr                                  0x00004b35   Thumb Code    20  stdio.o(.text)
    _writebuf                                0x00004b49   Thumb Code    76  stdio.o(.text)
    _fflush                                  0x00004b95   Thumb Code    76  stdio.o(.text)
    _deferredlazyseek                        0x00004be1   Thumb Code    60  stdio.o(.text)
    _initio                                  0x00004c25   Thumb Code   246  initio_locked.o(.text)
    _terminateio                             0x00004d1b   Thumb Code   164  initio_locked.o(.text)
    __rt_SIGPVFN                             0x00004df1   Thumb Code    12  defsig_pvfn_outer.o(.text)
    __rt_udiv10                              0x00004dfd   Thumb Code    40  rtudiv10.o(.text)
    __default_new_handler()                  0x00004e25   Thumb Code     8  arm_newhandler_noexceptions.o(.text)
    __fpl_fcmp_InfNaN                        0x00004e2d   Thumb Code    96  fcmpin.o(.text)
    __Heap_ProvideMemory                     0x00004e91   Thumb Code    54  h1_extend_mt.o(.text)
    _ll_udiv10                               0x00004ec7   Thumb Code   122  lludiv10.o(.text)
    isspace                                  0x00004f41   Thumb Code    18  isspace.o(.text)
    __lib_sel_fp_printf                      0x00004f55   Thumb Code     2  _printf_fp_dec.o(.text)
    _printf_fp_dec_real                      0x000050ef   Thumb Code   620  _printf_fp_dec.o(.text)
    _printf_char_file                        0x00005369   Thumb Code    54  _printf_char_file_locked.o(.text)
    _printf_lcs_common                       0x000053a5   Thumb Code    22  _printf_wchar.o(.text)
    _printf_wchar                            0x000053bb   Thumb Code    16  _printf_wchar.o(.text)
    _printf_wstring                          0x000053cb   Thumb Code     8  _printf_wchar.o(.text)
    __vfscanf                                0x000053d5   Thumb Code   880  _scanf.o(.text)
    _ftell_internal                          0x00005755   Thumb Code    66  ftell.o(.text)
    ftell                                    0x00005755   Thumb Code     0  ftell.o(.text)
    _wcrtomb                                 0x00005797   Thumb Code    64  _wcrtomb.o(.text)
    __sig_exit                               0x000057d7   Thumb Code    12  defsig_exit.o(.text)
    __rt_SIGRTRED                            0x000057e3   Thumb Code    12  defsig_rtred_outer.o(.text)
    __rt_SIGRTMEM                            0x000057ef   Thumb Code    12  defsig_rtmem_outer.o(.text)
    __rt_SIGPVFN_inner                       0x000057fd   Thumb Code    14  defsig_pvfn_inner.o(.text)
    std::terminate()                         0x0000582d   Thumb Code    28  arm_exceptions_terminate.o(.text)
    __cxa_get_globals                        0x0000584f   Thumb Code    66  arm_exceptions_globs.o(.text)
    __fpl_cmpreturn                          0x0000589d   Thumb Code    44  cmpret.o(.text)
    __fpl_fcheck_NaN2                        0x000058cd   Thumb Code    10  fnan2.o(.text)
    _sys_exit                                0x000058dd   Thumb Code     8  sys_exit.o(.text)
    __rt_ctype_table                         0x000058e9   Thumb Code    16  rt_ctype_table.o(.text)
    __rt_locale                              0x000058f9   Thumb Code    10  rt_locale_twolibspace.o(.text)
    __rt_eh_globals_addr                     0x00005903   Thumb Code    10  rt_eh_globals_addr_twolibspace.o(.text)
    __aeabi_errno_addr                       0x0000590d   Thumb Code     8  rt_errno_addr_twolibspace.o(.text)
    __errno$twolibspace                      0x0000590d   Thumb Code     0  rt_errno_addr_twolibspace.o(.text)
    __rt_errno_addr$twolibspace              0x0000590d   Thumb Code     0  rt_errno_addr_twolibspace.o(.text)
    _printf_fp_infnan                        0x00005915   Thumb Code   120  _printf_fp_infnan.o(.text)
    _btod_etento                             0x0000599d   Thumb Code   196  bigflt0.o(.text)
    _btod_d2e                                0x00005a65   Thumb Code    64  btod.o(.text)
    _btod_emul                               0x00005e5b   Thumb Code    24  btod.o(.text)
    _btod_emuld                              0x00005e73   Thumb Code    60  btod.o(.text)
    _btod_ediv                               0x00005eaf   Thumb Code    22  btod.o(.text)
    _btod_edivd                              0x00005ec5   Thumb Code    60  btod.o(.text)
    abort                                    0x00005f0d   Thumb Code    16  abort.o(.text)
    __default_signal_display                 0x00005f1d   Thumb Code    52  defsig_general.o(.text)
    __rt_SIGRTRED_inner                      0x00005f51   Thumb Code    14  defsig_rtred_inner.o(.text)
    __rt_SIGRTMEM_inner                      0x00005f85   Thumb Code    22  defsig_rtmem_inner.o(.text)
    __ARM_exceptions_buffer_init             0x00005fd5   Thumb Code    18  arm_exceptions_mem.o(.text)
    __ARM_exceptions_buffer_allocate         0x00005fe7   Thumb Code    26  arm_exceptions_mem.o(.text)
    __ARM_exceptions_buffer_free             0x00006001   Thumb Code    22  arm_exceptions_mem.o(.text)
    __fpl_return_NaN                         0x00006017   Thumb Code    94  retnan.o(.text)
    _ttywrch                                 0x00006075   Thumb Code    12  sys_wrch.o(.text)
    __I$use$semihosting                      0x00006081   Thumb Code     0  use_no_semi.o(.text)
    __use_no_semihosting_swi                 0x00006081   Thumb Code     2  use_no_semi.o(.text)
    __rt_SIGABRT                             0x00006083   Thumb Code    12  defsig_abrt_outer.o(.text)
    __semihosting_library_function           0x00006083   Thumb Code     0  indicate_semi.o(.text)
    __rt_SIGABRT_inner                       0x00006091   Thumb Code    14  defsig_abrt_inner.o(.text)
    __decompress                             0x000060c1   Thumb Code     0  __dczerorl.o(.text)
    __decompress0                            0x000060c1   Thumb Code    58  __dczerorl.o(.text)
    SVC_Count                                0x000060fc   Data           4  svc_table.o(SVC_TABLE)
    SVC_Table                                0x00006100   Data           0  svc_table.o(SVC_TABLE)
    main                                     0x00006101   Thumb Code    12  retarget.o(i.$Sub$$main)
    NVIC_SetVector                           0x00006119   Thumb Code    46  cmsis_nvic.o(i.NVIC_SetVector)
    SystemInit                               0x00006151   Thumb Code   122  system_MKL25Z4.o(i.SystemInit)
    mbed::DigitalOut::DigitalOut(PinName)    0x00006209   Thumb Code    20  main.o(i._ZN4mbed10DigitalOutC1E7PinName)
    mbed::DigitalOut::DigitalOut__sub_object(PinName) 0x00006209   Thumb Code     0  main.o(i._ZN4mbed10DigitalOutC1E7PinName)
    mbed::DigitalOut::operator =(int)        0x0000621d   Thumb Code    30  main.o(i._ZN4mbed10DigitalOutaSEi)
    mbed::FileHandle::flen()                 0x0000623b   Thumb Code    58  retarget.o(i._ZN4mbed10FileHandle4flenEv)
    mbed::FileHandle::~FileHandle()          0x00006275   Thumb Code     0  retarget.o(i._ZN4mbed10FileHandleD2Ev)
    mbed::FileHandle::~FileHandle__sub_object() 0x00006275   Thumb Code    30  retarget.o(i._ZN4mbed10FileHandleD2Ev)
    mbed::SerialBase::_base_putc(int)        0x0000629d   Thumb Code    12  SerialBase.o(i._ZN4mbed10SerialBase10_base_putcEi)
    mbed::SerialBase::_irq_handler(unsigned, SerialIrq) 0x000062a9   Thumb Code    16  SerialBase.o(i._ZN4mbed10SerialBase12_irq_handlerEj9SerialIrq)
    mbed::SerialBase::SerialBase(PinName, PinName) 0x000062b9   Thumb Code    52  SerialBase.o(i._ZN4mbed10SerialBaseC1E7PinNameS1_)
    mbed::SerialBase::SerialBase__sub_object(PinName, PinName) 0x000062b9   Thumb Code     0  SerialBase.o(i._ZN4mbed10SerialBaseC1E7PinNameS1_)
    mbed::FunctionPointer::call()            0x000062f5   Thumb Code    26  FunctionPointer.o(i._ZN4mbed15FunctionPointer4callEv)
    mbed::FunctionPointer::FunctionPointer(void(*)()) 0x0000630f   Thumb Code     8  FunctionPointer.o(i._ZN4mbed15FunctionPointerC1EPFvvE)
    mbed::FunctionPointer::FunctionPointer__sub_object(void(*)()) 0x0000630f   Thumb Code     0  FunctionPointer.o(i._ZN4mbed15FunctionPointerC1EPFvvE)
    mbed::Timer::reset()                     0x00006317   Thumb Code    16  Timer.o(i._ZN4mbed5Timer5resetEv)
    mbed::Timer::start()                     0x00006327   Thumb Code    16  Timer.o(i._ZN4mbed5Timer5startEv)
    mbed::Timer::read_ms()                   0x00006337   Thumb Code    16  Timer.o(i._ZN4mbed5Timer7read_msEv)
    mbed::Timer::read_us()                   0x00006347   Thumb Code    14  Timer.o(i._ZN4mbed5Timer7read_usEv)
    mbed::Timer::slicetime()                 0x00006355   Thumb Code    20  Timer.o(i._ZN4mbed5Timer9slicetimeEv)
    mbed::Timer::Timer()                     0x00006369   Thumb Code    12  Timer.o(i._ZN4mbed5TimerC1Ev)
    mbed::Timer::Timer__sub_object()         0x00006369   Thumb Code     0  Timer.o(i._ZN4mbed5TimerC1Ev)
    mbed::PwmOut::write(float)               0x00006375   Thumb Code    16  main.o(i._ZN4mbed6PwmOut5writeEf)
    mbed::PwmOut::period(float)              0x00006385   Thumb Code    16  main.o(i._ZN4mbed6PwmOut6periodEf)
    mbed::PwmOut::PwmOut(PinName)            0x00006395   Thumb Code    18  main.o(i._ZN4mbed6PwmOutC1E7PinName)
    mbed::PwmOut::PwmOut__sub_object(PinName) 0x00006395   Thumb Code     0  main.o(i._ZN4mbed6PwmOutC1E7PinName)
    mbed::Serial::_putc(int)                 0x000063a7   Thumb Code    10  Serial.o(i._ZN4mbed6Serial5_putcEi)
    mbed::Serial::Serial(PinName, PinName, const char*) 0x000063b1   Thumb Code    28  Serial.o(i._ZN4mbed6SerialC1E7PinNameS1_PKc)
    mbed::Serial::Serial__sub_object(PinName, PinName, const char*) 0x000063b1   Thumb Code     0  Serial.o(i._ZN4mbed6SerialC1E7PinNameS1_PKc)
    mbed::Serial::~Serial()                  0x000063d1   Thumb Code     8  Serial.o(i._ZN4mbed6SerialD1Ev)
    mbed::Serial::~Serial__sub_object()      0x000063d1   Thumb Code     0  Serial.o(i._ZN4mbed6SerialD1Ev)
    mbed::Stream::flen()                     0x000063d9   Thumb Code     4  Stream.o(i._ZN4mbed6Stream4flenEv)
    mbed::Stream::close()                    0x000063dd   Thumb Code     4  Stream.o(i._ZN4mbed6Stream5closeEv)
    mbed::Stream::lseek(long, int)           0x000063e1   Thumb Code     4  Stream.o(i._ZN4mbed6Stream5lseekEli)
    mbed::Stream::write(const void*, unsigned) 0x000063e5   Thumb Code    36  Stream.o(i._ZN4mbed6Stream5writeEPKvj)
    mbed::Stream::isatty()                   0x00006409   Thumb Code     4  Stream.o(i._ZN4mbed6Stream6isattyEv)
    mbed::Stream::printf(const char*, ...)   0x0000640d   Thumb Code    32  Stream.o(i._ZN4mbed6Stream6printfEPKcz)
    mbed::Stream::Stream__sub_object(const char*) 0x0000642d   Thumb Code    46  Stream.o(i._ZN4mbed6StreamC2EPKc)
    mbed::Stream::~Stream()                  0x00006469   Thumb Code     0  Stream.o(i._ZN4mbed6StreamD2Ev)
    mbed::Stream::~Stream__sub_object()      0x00006469   Thumb Code    26  Stream.o(i._ZN4mbed6StreamD2Ev)
    mbed::FileBase::getPathType()            0x00006489   Thumb Code     4  FileBase.o(i._ZN4mbed8FileBase11getPathTypeEv)
    mbed::FileBase::lookup(const char*, unsigned) 0x0000648d   Thumb Code    54  FileBase.o(i._ZN4mbed8FileBase6lookupEPKcj)
    mbed::FileBase::FileBase(const char*, mbed::PathType) 0x000064c9   Thumb Code    28  FileBase.o(i._ZN4mbed8FileBaseC1EPKcNS_8PathTypeE)
    mbed::FileBase::FileBase__sub_object(const char*, mbed::PathType) 0x000064c9   Thumb Code     0  FileBase.o(i._ZN4mbed8FileBaseC1EPKcNS_8PathTypeE)
    mbed::FileBase::~FileBase()              0x000064ed   Thumb Code    38  FileBase.o(i._ZN4mbed8FileBaseD1Ev)
    mbed::FileBase::~FileBase__sub_object()  0x000064ed   Thumb Code     0  FileBase.o(i._ZN4mbed8FileBaseD1Ev)
    mbed::FileLike::FileLike__sub_object(const char*) 0x0000651d   Thumb Code    24  FileLike.o(i._ZN4mbed8FileLikeC2EPKc)
    mbed::FileLike::~FileLike()              0x0000653d   Thumb Code     0  FileLike.o(i._ZN4mbed8FileLikeD2Ev)
    mbed::FileLike::~FileLike__sub_object()  0x0000653d   Thumb Code    16  FileLike.o(i._ZN4mbed8FileLikeD2Ev)
    mbed::FilePath::fileSystem()             0x0000654d   Thumb Code    16  FilePath.o(i._ZN4mbed8FilePath10fileSystemEv)
    mbed::FilePath::isFileSystem()           0x0000655d   Thumb Code    20  FilePath.o(i._ZN4mbed8FilePath12isFileSystemEv)
    mbed::FilePath::file()                   0x00006571   Thumb Code    22  FilePath.o(i._ZN4mbed8FilePath4fileEv)
    mbed::FilePath::exists()                 0x00006587   Thumb Code    10  FilePath.o(i._ZN4mbed8FilePath6existsEv)
    mbed::FilePath::isFile()                 0x00006591   Thumb Code    24  FilePath.o(i._ZN4mbed8FilePath6isFileEv)
    mbed::FilePath::fileName()               0x000065a9   Thumb Code     4  FilePath.o(i._ZN4mbed8FilePath8fileNameEv)
    mbed::FilePath::FilePath(const char*)    0x000065ad   Thumb Code    66  FilePath.o(i._ZN4mbed8FilePathC1EPKc)
    mbed::FilePath::FilePath__sub_object(const char*) 0x000065ad   Thumb Code     0  FilePath.o(i._ZN4mbed8FilePathC1EPKc)
    mbed::DigitalIn::operator int()          0x000065ef   Thumb Code    28  main.o(i._ZN4mbed9DigitalIncviEv)
    operator delete[] (void*)                0x0000660b   Thumb Code     8  array_del.o(i._ZdaPv)
    operator delete (void*)                  0x00006613   Thumb Code     8  delete.o(i._ZdlPv)
    operator new[] (unsigned)                0x0000661b   Thumb Code     8  array_new.o(i._Znaj)
    operator new(unsigned)                   0x00006625   Thumb Code    36  new.o(i._Znwj)
    __ARM_common_ll_muluu                    0x0000664d   Thumb Code    48  btod.o(i.__ARM_common_ll_muluu)
    __ARM_common_switch8                     0x0000667d   Thumb Code    26  system_MKL25Z4.o(i.__ARM_common_switch8)
    __ARM_fpclassify                         0x00006699   Thumb Code    40  fpclassify.o(i.__ARM_fpclassify)
    __aeabi_atexit                           0x000066c5   Thumb Code    44  aeabi_atexit.o(i.__aeabi_atexit)
    __aeabi_vec_ctor_nocookie_nodtor         0x000066f1   Thumb Code    34  aeabi_vec_ctor_nocookie_nodtor.o(i.__aeabi_vec_ctor_nocookie_nodtor)
    __cxa_finalize                           0x00006713   Thumb Code    66  cxa_finalize.o(i.__cxa_finalize)
    __cxa_pure_virtual                       0x00006755   Thumb Code    10  pure_virt.o(i.__cxa_pure_virtual)
    __user_setup_stackheap                   0x00006761   Thumb Code    10  sys.o(i.__user_setup_stackheap)
    _is_digit                                0x00006771   Thumb Code    14  __printf_wp.o(i._is_digit)
    _sys_close                               0x00006781   Thumb Code    38  retarget.o(i._sys_close)
    _sys_flen                                0x000067ad   Thumb Code    34  retarget.o(i._sys_flen)
    _sys_istty                               0x000067d5   Thumb Code    34  retarget.o(i._sys_istty)
    _sys_open                                0x000067fd   Thumb Code   244  retarget.o(i._sys_open)
    _sys_seek                                0x000068fd   Thumb Code    36  retarget.o(i._sys_seek)
    _sys_write                               0x00006925   Thumb Code    76  retarget.o(i._sys_write)
    analogin_init                            0x0000697d   Thumb Code   166  analogin_api.o(i.analogin_init)
    analogin_read                            0x00006a55   Thumb Code    18  analogin_api.o(i.analogin_read)
    analogin_read_u16                        0x00006a6d   Thumb Code    22  analogin_api.o(i.analogin_read_u16)
    exit                                     0x00006a89   Thumb Code    24  exit.o(i.exit)
    _fputc$unlocked                          0x00006b5d   Thumb Code    30  fputc.o(i.fputc)
    gpio_dir                                 0x00006b7b   Thumb Code    30  gpio_api.o(i.gpio_dir)
    gpio_init                                0x00006b99   Thumb Code    76  gpio_api.o(i.gpio_init)
    gpio_set                                 0x00006be9   Thumb Code    20  gpio_api.o(i.gpio_set)
    mbed_die                                 0x00006cf1   Thumb Code    42  board.o(i.mbed_die)
    mbed_interface_connected                 0x00006d21   Thumb Code     8  mbed_interface.o(i.mbed_interface_connected)
    mbed_main                                0x00006d29   Thumb Code     2  retarget.o(i.mbed_main)
    pin_function                             0x00006d2d   Thumb Code    54  pinmap.o(i.pin_function)
    pin_mode                                 0x00006d6d   Thumb Code    20  pinmap.o(i.pin_mode)
    pinmap_find_peripheral                   0x00006d85   Thumb Code    24  pinmap_common.o(i.pinmap_find_peripheral)
    pinmap_merge                             0x00006d9d   Thumb Code    32  pinmap_common.o(i.pinmap_merge)
    pinmap_peripheral                        0x00006dd5   Thumb Code    36  pinmap_common.o(i.pinmap_peripheral)
    pinmap_pinout                            0x00006e1d   Thumb Code    56  pinmap_common.o(i.pinmap_pinout)
    pwmout_init                              0x00006e6d   Thumb Code   188  pwmout_api.o(i.pwmout_init)
    pwmout_period                            0x00006f65   Thumb Code    28  pwmout_api.o(i.pwmout_period)
    pwmout_period_ms                         0x00006f85   Thumb Code    14  pwmout_api.o(i.pwmout_period_ms)
    pwmout_period_us                         0x00006f95   Thumb Code    44  pwmout_api.o(i.pwmout_period_us)
    pwmout_read                              0x00006fc5   Thumb Code    52  pwmout_api.o(i.pwmout_read)
    pwmout_write                             0x00006ffd   Thumb Code    56  pwmout_api.o(i.pwmout_write)
    semihost_connected                       0x00007039   Thumb Code     6  semihost_api.o(i.semihost_connected)
    semihost_exit                            0x00007045   Thumb Code    12  semihost_api.o(i.semihost_exit)
    serial_baud                              0x00007051   Thumb Code    88  serial_api.o(i.serial_baud)
    serial_format                            0x000070b5   Thumb Code   186  serial_api.o(i.serial_format)
    serial_init                              0x00007229   Thumb Code   266  serial_api.o(i.serial_init)
    serial_irq_handler                       0x00007375   Thumb Code    14  serial_api.o(i.serial_irq_handler)
    serial_putc                              0x0000738d   Thumb Code    22  serial_api.o(i.serial_putc)
    serial_writable                          0x000073a3   Thumb Code    26  serial_api.o(i.serial_writable)
    us_ticker_clear_interrupt                0x000073bd   Thumb Code     2  us_ticker.o(i.us_ticker_clear_interrupt)
    us_ticker_disable_interrupt              0x000073c1   Thumb Code    12  us_ticker.o(i.us_ticker_disable_interrupt)
    us_ticker_init                           0x000073d1   Thumb Code    84  us_ticker.o(i.us_ticker_init)
    us_ticker_irq_handler                    0x0000743d   Thumb Code    58  us_ticker_api.o(i.us_ticker_irq_handler)
    us_ticker_read                           0x0000747d   Thumb Code    22  us_ticker.o(i.us_ticker_read)
    us_ticker_set_interrupt                  0x0000749d   Thumb Code    58  us_ticker.o(i.us_ticker_set_interrupt)
    wait                                     0x000074e1   Thumb Code    18  wait_api.o(i.wait)
    wait_ms                                  0x000074f9   Thumb Code    14  wait_api.o(i.wait_ms)
    wait_us                                  0x00007507   Thumb Code    22  wait_api.o(i.wait_us)
    _get_lc_numeric                          0x0000751d   Thumb Code    44  lc_numeric_c.o(locale$$code)
    _get_lc_ctype                            0x00007549   Thumb Code    44  lc_ctype_c.o(locale$$code)
    __aeabi_fadd                             0x00007575   Thumb Code     0  faddsub.o(x$fpl$fadd)
    _fadd                                    0x00007575   Thumb Code   134  faddsub.o(x$fpl$fadd)
    __aeabi_cfcmpeq                          0x00007601   Thumb Code     0  feqf.o(x$fpl$feqf)
    _fcmpeq                                  0x00007601   Thumb Code    78  feqf.o(x$fpl$feqf)
    __aeabi_cfcmple                          0x00007655   Thumb Code     0  flef.o(x$fpl$fleqf)
    _fcmple                                  0x00007655   Thumb Code    78  flef.o(x$fpl$fleqf)
    __aeabi_fmul                             0x000076a9   Thumb Code     0  fmul.o(x$fpl$fmul)
    _fmul                                    0x000076a9   Thumb Code   172  fmul.o(x$fpl$fmul)
    __aeabi_cfrcmple                         0x00007759   Thumb Code     0  frlef.o(x$fpl$frleqf)
    _frcmple                                 0x00007759   Thumb Code    84  frlef.o(x$fpl$frleqf)
    __aeabi_fsub                             0x000077b1   Thumb Code     0  faddsub.o(x$fpl$fsub)
    _fsub                                    0x000077b1   Thumb Code   204  faddsub.o(x$fpl$fsub)
    _printf_fp_dec                           0x00007881   Thumb Code    16  printf1.o(x$fpl$printf1)
    __I$use$fp                               0x00007890   Number         0  usenofp.o(x$fpl$usenofp)
    os_maxtaskrun                            0x00007890   Data           2  rtx_conf_cm.o(.constdata)
    os_rrobin                                0x00007894   Data           4  rtx_conf_cm.o(.constdata)
    os_trv                                   0x00007898   Data           4  rtx_conf_cm.o(.constdata)
    os_flags                                 0x0000789c   Data           1  rtx_conf_cm.o(.constdata)
    os_clockrate                             0x000078a0   Data           4  rtx_conf_cm.o(.constdata)
    os_timernum                              0x000078a4   Data           4  rtx_conf_cm.o(.constdata)
    idle_task_stack_size                     0x000078a8   Data           2  rtx_conf_cm.o(.constdata)
    os_fifo_size                             0x000078aa   Data           1  rtx_conf_cm.o(.constdata)
    __stdin_name                             0x000078ab   Data           7  retarget.o(.constdata)
    __stdout_name                            0x000078b2   Data           8  retarget.o(.constdata)
    __stderr_name                            0x000078ba   Data           8  retarget.o(.constdata)
    vtable for mbed::FileHandle              0x00007d3c   Data          44  retarget.o(.constdata__ZTVN4mbed10FileHandleE)
    vtable for mbed::Serial                  0x00007d68   Data          68  Serial.o(.constdata__ZTVN4mbed6SerialE)
    vtable for mbed::Stream                  0x00007dac   Data          68  Stream.o(.constdata__ZTVN4mbed6StreamE)
    vtable for mbed::FileBase                0x00007df0   Data          16  FileBase.o(.constdata__ZTVN4mbed8FileBaseE)
    vtable for mbed::FileLike                0x00007e00   Data          60  FileLike.o(.constdata__ZTVN4mbed8FileLikeE)
    vtable for rtos::Thread                  0x00007e3c   Data          16  thread.o(.constdata__ZTVN4rtos6ThreadE)
    Region$$Table$$Base                      0x00007e4c   Number         0  anon$$obj.o(Region$$Table)
    Region$$Table$$Limit                     0x00007e6c   Number         0  anon$$obj.o(Region$$Table)
    __ctype                                  0x00007e95   Data           0  lc_ctype_c.o(locale$$data)
    SHT$$INIT_ARRAY$$Base                    0x00007f98   Number         0  main.o(.init_array)
    SHT$$INIT_ARRAY$$Limit                   0x00007f9c   Number         0  init_aeabi.o(.init_array)
    Aout                                     0x1ffff0c8   Data           1  main.o(.data)
    target_velocity                          0x1ffff0cc   Data           4  main.o(.data)
    motor_pwm                                0x1ffff0d0   Data           4  main.o(.data)
    midpoint                                 0x1ffff0d4   Data           4  main.o(.data)
    os_initialized                           0x1ffff0d8   Data           1  rt_cmsis.o(.data)
    os_running                               0x1ffff0d9   Data           1  rt_cmsis.o(.data)
    os_timer_head                            0x1ffff0dc   Data           4  rt_cmsis.o(.data)
    os_robin                                 0x1ffff0e0   Data           8  rt_robin.o(.data)
    os_tick_irqn                             0x1ffff0e8   Data           4  rt_system.o(.data)
    os_tsk                                   0x1ffff0f0   Data           8  rt_task.o(.data)
    os_thread_def_osTimerThread              0x1ffff0f8   Data         160  rtx_conf_cm.o(.data)
    osThreadId_osTimerThread                 0x1ffff198   Data           4  rtx_conf_cm.o(.data)
    os_messageQ_def_osTimerMessageQ          0x1ffff19c   Data           8  rtx_conf_cm.o(.data)
    osMessageQId_osTimerMessageQ             0x1ffff1a4   Data           4  rtx_conf_cm.o(.data)
    os_thread_def_main                       0x1ffff1ac   Data         160  rtx_conf_cm.o(.data)
    os_time                                  0x1ffff24c   Data           4  rt_time.o(.data)
    SystemCoreClock                          0x1ffff250   Data           4  system_MKL25Z4.o(.data)
    stdio_uart_inited                        0x1ffff258   Data           4  serial_api.o(.data)
    stdio_uart                               0x1ffff260   Data           8  serial_api.o(.data)
    mbed::FileBase::_head                    0x1ffff278   Data           4  FileBase.o(.data)
    __aeabi_stdin                            0x1ffff284   Data           4  stdio_streams.o(.data)
    __aeabi_stdout                           0x1ffff288   Data           4  stdio_streams.o(.data)
    __aeabi_stderr                           0x1ffff28c   Data           4  stdio_streams.o(.data)
    _stream_list_lock                        0x1ffff290   Data           4  streamlock.o(.data)
    serial                                   0x1ffff294   Data          92  main.o(.bss)
    led_green                                0x1ffff2f0   Data          24  main.o(.bss)
    led_red                                  0x1ffff308   Data          24  main.o(.bss)
    led_blue                                 0x1ffff320   Data          24  main.o(.bss)
    servo                                    0x1ffff338   Data          12  main.o(.bss)
    motor                                    0x1ffff344   Data          12  main.o(.bss)
    IN_HS1                                   0x1ffff350   Data          12  main.o(.bss)
    motor2                                   0x1ffff35c   Data          12  main.o(.bss)
    IN_HS2                                   0x1ffff368   Data          12  main.o(.bss)
    CLK                                      0x1ffff374   Data          24  main.o(.bss)
    SI                                       0x1ffff38c   Data          24  main.o(.bss)
    encoder                                  0x1ffff3a4   Data          24  main.o(.bss)
    buffer                                   0x1ffff3bc   Data         512  main.o(.bss)
    os_rdy                                   0x1ffff5bc   Data          24  rt_list.o(.bss)
    os_dly                                   0x1ffff5d4   Data          24  rt_list.o(.bss)
    os_idle_TCB                              0x1ffff5ec   Data         144  rt_task.o(.bss)
    idle_task_stack                          0x1ffff67c   Data         512  rtx_conf_cm.o(.bss)
    os_fifo                                  0x1ffff87c   Data         132  rtx_conf_cm.o(.bss)
    os_active_TCB                            0x1ffff900   Data          28  rtx_conf_cm.o(.bss)
    os_thread_def_stack_osTimerThread        0x1ffff91c   Data        2048  rtx_conf_cm.o(.bss)
    os_messageQ_q_osTimerMessageQ            0x2000011c   Data          32  rtx_conf_cm.o(.bss)
    __libspace_start                         0x20000218   Data          96  libspace.o(.bss)
    __stdin                                  0x20000278   Data          84  stdio_streams.o(.bss)
    __temporary_stack_top$libspace           0x20000278   Data           0  libspace.o(.bss)
    __stdout                                 0x200002cc   Data          84  stdio_streams.o(.bss)
    __stderr                                 0x20000320   Data          84  stdio_streams.o(.bss)
    Image$$RW_IRAM1$$ZI$$Limit               0x20000374   Number         0  anon$$obj.o ABSOLUTE



==============================================================================

Memory Map of the image

  Image Entry point : 0x000000c1

  Load Region LR_IROM1 (Base: 0x00000000, Size: 0x00008170, Max: 0x00020000, ABSOLUTE, COMPRESSED[0x00007fc8])

    Execution Region ER_IROM1 (Base: 0x00000000, Size: 0x00007f9c, Max: 0x00020000, ABSOLUTE)

    Base Addr    Size         Type   Attr      Idx    E Section Name        Object

    0x00000000   0x000000c0   Data   RO         1627    RESET               startup_MKL25Z4.o
    0x000000c0   0x00000008   Code   RO         2452  * !!!main             c_p.l(__main.o)
    0x000000c8   0x0000003c   Code   RO         3161    !!!scatter          c_p.l(__scatter.o)
    0x00000104   0x0000001c   Code   RO         3163    !!handler_zi        c_p.l(__scatter_zi.o)
    0x00000120   0x00000002   Code   RO         2381    .ARM.Collect$$_printf_percent$$00000000  c_p.l(_printf_percent.o)
    0x00000122   0x0000000a   Code   RO         2693    .ARM.Collect$$_printf_percent$$00000001  c_p.l(_printf_n.o)
    0x0000012c   0x0000000a   Code   RO         2379    .ARM.Collect$$_printf_percent$$00000002  c_p.l(_printf_p.o)
    0x00000136   0x0000000a   Code   RO         2698    .ARM.Collect$$_printf_percent$$00000003  c_p.l(_printf_f.o)
    0x00000140   0x0000000a   Code   RO         2699    .ARM.Collect$$_printf_percent$$00000004  c_p.l(_printf_e.o)
    0x0000014a   0x0000000a   Code   RO         2700    .ARM.Collect$$_printf_percent$$00000005  c_p.l(_printf_g.o)
    0x00000154   0x0000000a   Code   RO         2701    .ARM.Collect$$_printf_percent$$00000006  c_p.l(_printf_a.o)
    0x0000015e   0x0000000a   Code   RO         2706    .ARM.Collect$$_printf_percent$$00000007  c_p.l(_printf_ll.o)
    0x00000168   0x0000000a   Code   RO         2696    .ARM.Collect$$_printf_percent$$00000008  c_p.l(_printf_i.o)
    0x00000172   0x0000000a   Code   RO         2380    .ARM.Collect$$_printf_percent$$00000009  c_p.l(_printf_d.o)
    0x0000017c   0x0000000a   Code   RO         2697    .ARM.Collect$$_printf_percent$$0000000A  c_p.l(_printf_u.o)
    0x00000186   0x0000000a   Code   RO         2695    .ARM.Collect$$_printf_percent$$0000000B  c_p.l(_printf_o.o)
    0x00000190   0x0000000a   Code   RO         2694    .ARM.Collect$$_printf_percent$$0000000C  c_p.l(_printf_x.o)
    0x0000019a   0x0000000a   Code   RO         2703    .ARM.Collect$$_printf_percent$$0000000D  c_p.l(_printf_lli.o)
    0x000001a4   0x0000000a   Code   RO         2704    .ARM.Collect$$_printf_percent$$0000000E  c_p.l(_printf_lld.o)
    0x000001ae   0x0000000a   Code   RO         2705    .ARM.Collect$$_printf_percent$$0000000F  c_p.l(_printf_llu.o)
    0x000001b8   0x0000000a   Code   RO         2710    .ARM.Collect$$_printf_percent$$00000010  c_p.l(_printf_llo.o)
    0x000001c2   0x0000000a   Code   RO         2711    .ARM.Collect$$_printf_percent$$00000011  c_p.l(_printf_llx.o)
    0x000001cc   0x0000000a   Code   RO         2707    .ARM.Collect$$_printf_percent$$00000012  c_p.l(_printf_l.o)
    0x000001d6   0x0000000a   Code   RO         2692    .ARM.Collect$$_printf_percent$$00000013  c_p.l(_printf_c.o)
    0x000001e0   0x0000000a   Code   RO         2378    .ARM.Collect$$_printf_percent$$00000014  c_p.l(_printf_s.o)
    0x000001ea   0x0000000a   Code   RO         2708    .ARM.Collect$$_printf_percent$$00000015  c_p.l(_printf_lc.o)
    0x000001f4   0x0000000a   Code   RO         2709    .ARM.Collect$$_printf_percent$$00000016  c_p.l(_printf_ls.o)
    0x000001fe   0x00000004   Code   RO         2702    .ARM.Collect$$_printf_percent$$00000017  c_p.l(_printf_percent_end.o)
    0x00000202   0x00000002   Code   RO         2451    .ARM.Collect$$libinit$$00000000  c_p.l(libinit.o)
    0x00000204   0x00000000   Code   RO         2756    .ARM.Collect$$libinit$$00000002  c_p.l(libinit2.o)
    0x00000204   0x00000000   Code   RO         2758    .ARM.Collect$$libinit$$00000004  c_p.l(libinit2.o)
    0x00000204   0x00000008   Code   RO         2759    .ARM.Collect$$libinit$$00000005  c_p.l(libinit2.o)
    0x0000020c   0x00000000   Code   RO         2761    .ARM.Collect$$libinit$$0000000A  c_p.l(libinit2.o)
    0x0000020c   0x00000000   Code   RO         2763    .ARM.Collect$$libinit$$0000000C  c_p.l(libinit2.o)
    0x0000020c   0x00000000   Code   RO         2765    .ARM.Collect$$libinit$$0000000E  c_p.l(libinit2.o)
    0x0000020c   0x00000006   Code   RO         2766    .ARM.Collect$$libinit$$0000000F  c_p.l(libinit2.o)
    0x00000212   0x00000000   Code   RO         2768    .ARM.Collect$$libinit$$00000011  c_p.l(libinit2.o)
    0x00000212   0x0000000c   Code   RO         2769    .ARM.Collect$$libinit$$00000012  c_p.l(libinit2.o)
    0x0000021e   0x00000000   Code   RO         2770    .ARM.Collect$$libinit$$00000013  c_p.l(libinit2.o)
    0x0000021e   0x00000000   Code   RO         2772    .ARM.Collect$$libinit$$00000015  c_p.l(libinit2.o)
    0x0000021e   0x0000000a   Code   RO         2773    .ARM.Collect$$libinit$$00000016  c_p.l(libinit2.o)
    0x00000228   0x00000000   Code   RO         2774    .ARM.Collect$$libinit$$00000017  c_p.l(libinit2.o)
    0x00000228   0x00000000   Code   RO         2776    .ARM.Collect$$libinit$$00000019  c_p.l(libinit2.o)
    0x00000228   0x00000000   Code   RO         2778    .ARM.Collect$$libinit$$0000001B  c_p.l(libinit2.o)
    0x00000228   0x00000000   Code   RO         2780    .ARM.Collect$$libinit$$0000001D  c_p.l(libinit2.o)
    0x00000228   0x00000000   Code   RO         2782    .ARM.Collect$$libinit$$0000001F  c_p.l(libinit2.o)
    0x00000228   0x00000000   Code   RO         2784    .ARM.Collect$$libinit$$00000021  c_p.l(libinit2.o)
    0x00000228   0x00000000   Code   RO         2786    .ARM.Collect$$libinit$$00000023  c_p.l(libinit2.o)
    0x00000228   0x00000004   Code   RO         2787    .ARM.Collect$$libinit$$00000024  c_p.l(libinit2.o)
    0x0000022c   0x00000000   Code   RO         2788    .ARM.Collect$$libinit$$00000025  c_p.l(libinit2.o)
    0x0000022c   0x00000000   Code   RO         2792    .ARM.Collect$$libinit$$0000002C  c_p.l(libinit2.o)
    0x0000022c   0x00000000   Code   RO         2794    .ARM.Collect$$libinit$$0000002E  c_p.l(libinit2.o)
    0x0000022c   0x00000000   Code   RO         2796    .ARM.Collect$$libinit$$00000030  c_p.l(libinit2.o)
    0x0000022c   0x00000004   Code   RO         2797    .ARM.Collect$$libinit$$00000031  c_p.l(libinit2.o)
    0x00000230   0x00000000   Code   RO         2798    .ARM.Collect$$libinit$$00000032  c_p.l(libinit2.o)
    0x00000230   0x00000002   Code   RO         2799    .ARM.Collect$$libinit$$00000033  c_p.l(libinit2.o)
    0x00000232   0x00000006   Code   RO         2800    .ARM.Collect$$libshutdown$$00000001  c_p.l(libshutdown2.o)
    0x00000238   0x00000000   Code   RO         2802    .ARM.Collect$$libshutdown$$00000003  c_p.l(libshutdown2.o)
    0x00000238   0x00000164   Code   RO          345    .emb_text           hal_cm0.o
    0x0000039c   0x00000028   Code   RO          614    .emb_text           rtx_conf_cm.o
    0x000003c4   0x00000000   Code   RO         2869    .emb_text           c_p.l(maybetermalloc1.o)
    0x000003c4   0x0000001c   Code   RO         1629    .text               startup_MKL25Z4.o
    0x000003e0   0x00000008   Code   RO         2256    .text               c_p.l(libspace.o)
    0x000003e8   0x0000000e   Code   RO         2321    .text               c_p.l(c89vfprintf.o)
    0x000003f6   0x00000006   Code   RO         2449    .text               c_p.l(heapauxi.o)
    0x000003fc   0x00000004   Code   RO         2645    .text               c_p.l(hguard.o)
    0x00000400   0x00000010   Code   RO         1628    .ARM.__at_0x400     startup_MKL25Z4.o
    0x00000410   0x00000644   Code   RO            3    .text               main.o
    0x00000a54   0x0000006c   Code   RO          381    .text               hal_cm.o
    0x00000ac0   0x00001368   Code   RO          409    .text               rt_cmsis.o
    0x00001e28   0x00000184   Code   RO          466    .text               rt_event.o
    0x00001fac   0x00000294   Code   RO          478    .text               rt_list.o
    0x00002240   0x00000304   Code   RO          500    .text               rt_mailbox.o
    0x00002544   0x000001e8   Code   RO          512    .text               rt_mutex.o
    0x0000272c   0x000000ca   Code   RO          524    .text               rt_membox.o
    0x000027f6   0x00000002   PAD
    0x000027f8   0x0000006c   Code   RO          536    .text               rt_robin.o
    0x00002864   0x000002f8   Code   RO          552    .text               rt_system.o
    0x00002b5c   0x00000150   Code   RO          576    .text               rt_semaphore.o
    0x00002cac   0x0000035c   Code   RO          588    .text               rt_task.o
    0x00003008   0x000000c8   Code   RO          615    .text               rtx_conf_cm.o
    0x000030d0   0x00000068   Code   RO          695    .text               rt_time.o
    0x00003138   0x0000012c   Code   RO          825    .text               thread.o
    0x00003264   0x0000009a   Code   RO         2267    .text               c_p.l(h1_alloc_mt.o)
    0x000032fe   0x00000074   Code   RO         2269    .text               c_p.l(h1_free_mt.o)
    0x00003372   0x00000016   Code   RO         2323    .text               c_p.l(__2fprintf.o)
    0x00003388   0x0000002c   Code   RO         2325    .text               c_p.l(__2sprintf.o)
    0x000033b4   0x00000052   Code   RO         2333    .text               c_p.l(_printf_str.o)
    0x00003406   0x00000002   PAD
    0x00003408   0x0000006c   Code   RO         2335    .text               c_p.l(_printf_dec.o)
    0x00003474   0x00000098   Code   RO         2355    .text               c_p.l(_printf_hex_int_ll_ptr.o)
    0x0000350c   0x00000188   Code   RO         2375    .text               c_p.l(__printf_flags_ss_wp.o)
    0x00003694   0x00000040   Code   RO         2384    .text               c_p.l(__0sscanf.o)
    0x000036d4   0x0000014a   Code   RO         2386    .text               c_p.l(_scanf_int.o)
    0x0000381e   0x0000001a   Code   RO         2406    .text               c_p.l(setbuf.o)
    0x00003838   0x0000004c   Code   RO         2414    .text               c_p.l(fclose.o)
    0x00003884   0x00000034   Code   RO         2420    .text               c_p.l(fclose_locked.o)
    0x000038b8   0x0000008c   Code   RO         2422    .text               c_p.l(fflush_locked.o)
    0x00003944   0x0000006c   Code   RO         2424    .text               c_p.l(setvbuf_locked.o)
    0x000039b0   0x00000140   Code   RO         2426    .text               c_p.l(fopen_locked.o)
    0x00003af0   0x00000044   Code   RO         2431    .text               c_p.l(strlen.o)
    0x00003b34   0x000000a0   Code   RO         2433    .text               c_p.l(strncmp.o)
    0x00003bd4   0x00000040   Code   RO         2439    .text               c_p.l(rt_memclr.o)
    0x00003c14   0x00000088   Code   RO         2443    .text               c_p.l(strcmp.o)
    0x00003c9c   0x0000015a   Code   RO         2445    .text               c_p.l(aeabi_sdiv.o)
    0x00003df6   0x00000002   PAD
    0x00003df8   0x00000024   Code   RO         2457    .text               c_p.l(init_aeabi.o)
    0x00003e1c   0x0000007c   Code   RO         2589    .text               fz_ps.l(d2f.o)
    0x00003e98   0x00000248   Code   RO         2591    .text               fz_ps.l(dmul.o)
    0x000040e0   0x00000054   Code   RO         2593    .text               fz_ps.l(f2d.o)
    0x00004134   0x00000160   Code   RO         2601    .text               fz_ps.l(fdiv.o)
    0x00004294   0x0000004c   Code   RO         2606    .text               fz_ps.l(ffixi.o)
    0x000042e0   0x00000030   Code   RO         2608    .text               fz_ps.l(ffixui.o)
    0x00004310   0x0000005e   Code   RO         2610    .text               fz_ps.l(fflti.o)
    0x0000436e   0x00000002   PAD
    0x00004370   0x00000044   Code   RO         2618    .text               fz_ps.l(fscalbn.o)
    0x000043b4   0x0000000a   Code   RO         2629    .text               c_p.l(rt_heap_descriptor_twolibspace.o)
    0x000043be   0x0000000a   Code   RO         2636    .text               c_p.l(rt_new_handler_addr_twolibspace.o)
    0x000043c8   0x0000000a   Code   RO         2643    .text               c_p.l(rt_ddtor_pointer_addr_twolibspace.o)
    0x000043d2   0x00000088   Code   RO         2647    .text               c_p.l(init_alloc.o)
    0x0000445a   0x00000016   Code   RO         2653    .text               c_p.l(h1_init_mt.o)
    0x00004470   0x0000004e   Code   RO         2665    .text               c_p.l(_printf_pad.o)
    0x000044be   0x00000024   Code   RO         2667    .text               c_p.l(_printf_truncate.o)
    0x000044e2   0x000000b0   Code   RO         2669    .text               c_p.l(_printf_intcommon.o)
    0x00004592   0x00000026   Code   RO         2671    .text               c_p.l(_printf_charcount.o)
    0x000045b8   0x00000030   Code   RO         2673    .text               c_p.l(_printf_char_common.o)
    0x000045e8   0x0000000a   Code   RO         2675    .text               c_p.l(_sputc.o)
    0x000045f2   0x0000002e   Code   RO         2677    .text               c_p.l(_printf_char.o)
    0x00004620   0x000000bc   Code   RO         2681    .text               c_p.l(_printf_wctomb.o)
    0x000046dc   0x00000070   Code   RO         2684    .text               c_p.l(_printf_longlong_dec.o)
    0x0000474c   0x00000070   Code   RO         2690    .text               c_p.l(_printf_oct_int_ll.o)
    0x000047bc   0x0000001e   Code   RO         2712    .text               c_p.l(_chval.o)
    0x000047da   0x00000002   PAD
    0x000047dc   0x00000030   Code   RO         2718    .text               c_p.l(scanf_char.o)
    0x0000480c   0x00000044   Code   RO         2720    .text               c_p.l(_sgetc.o)
    0x00004850   0x000001f0   Code   RO         2734    .text               c_p.l(flsbuf.o)
    0x00004a40   0x000000f4   Code   RO         2736    .text               c_p.l(fseek.o)
    0x00004b34   0x000000f0   Code   RO         2738    .text               c_p.l(stdio.o)
    0x00004c24   0x000001cc   Code   RO         2745    .text               c_p.l(initio_locked.o)
    0x00004df0   0x0000000c   Code   RO         2747    .text               c_p.l(defsig_pvfn_outer.o)
    0x00004dfc   0x00000028   Code   RO         2751    .text               c_p.l(rtudiv10.o)
    0x00004e24   0x00000008   Code   RO         2824    .text               cpprt_p.l(arm_newhandler_noexceptions.o)
    0x00004e2c   0x00000064   Code   RO         2856    .text               fz_ps.l(fcmpin.o)
    0x00004e90   0x00000036   Code   RO         2873    .text               c_p.l(h1_extend_mt.o)
    0x00004ec6   0x0000007a   Code   RO         2877    .text               c_p.l(lludiv10.o)
    0x00004f40   0x00000012   Code   RO         2879    .text               c_p.l(isspace.o)
    0x00004f52   0x00000002   PAD
    0x00004f54   0x00000414   Code   RO         2881    .text               c_p.l(_printf_fp_dec.o)
    0x00005368   0x0000003c   Code   RO         2885    .text               c_p.l(_printf_char_file_locked.o)
    0x000053a4   0x0000002e   Code   RO         2887    .text               c_p.l(_printf_wchar.o)
    0x000053d2   0x00000002   PAD
    0x000053d4   0x00000380   Code   RO         2889    .text               c_p.l(_scanf.o)
    0x00005754   0x00000042   Code   RO         2899    .text               c_p.l(ftell.o)
    0x00005796   0x00000040   Code   RO         2925    .text               c_p.l(_wcrtomb.o)
    0x000057d6   0x0000000c   Code   RO         2927    .text               c_p.l(defsig_exit.o)
    0x000057e2   0x0000000c   Code   RO         2929    .text               c_p.l(defsig_rtred_outer.o)
    0x000057ee   0x0000000c   Code   RO         2933    .text               c_p.l(defsig_rtmem_outer.o)
    0x000057fa   0x00000002   PAD
    0x000057fc   0x00000030   Code   RO         2937    .text               c_p.l(defsig_pvfn_inner.o)
    0x0000582c   0x0000001c   Code   RO         2968    .text               cpprt_p.l(arm_exceptions_terminate.o)
    0x00005848   0x00000054   Code   RO         2971    .text               cpprt_p.l(arm_exceptions_globs.o)
    0x0000589c   0x00000030   Code   RO         2974    .text               fz_ps.l(cmpret.o)
    0x000058cc   0x00000010   Code   RO         2976    .text               fz_ps.l(fnan2.o)
    0x000058dc   0x0000000c   Code   RO         2980    .text               c_p.l(sys_exit.o)
    0x000058e8   0x00000010   Code   RO         2982    .text               c_p.l(rt_ctype_table.o)
    0x000058f8   0x0000000a   Code   RO         2989    .text               c_p.l(rt_locale_twolibspace.o)
    0x00005902   0x0000000a   Code   RO         2996    .text               c_p.l(rt_eh_globals_addr_twolibspace.o)
    0x0000590c   0x00000008   Code   RO         3003    .text               c_p.l(rt_errno_addr_twolibspace.o)
    0x00005914   0x00000088   Code   RO         3007    .text               c_p.l(_printf_fp_infnan.o)
    0x0000599c   0x000000c8   Code   RO         3009    .text               c_p.l(bigflt0.o)
    0x00005a64   0x000004a8   Code   RO         3012    .text               c_p.l(btod.o)
    0x00005f0c   0x00000010   Code   RO         3021    .text               c_p.l(abort.o)
    0x00005f1c   0x00000034   Code   RO         3025    .text               c_p.l(defsig_general.o)
    0x00005f50   0x00000034   Code   RO         3031    .text               c_p.l(defsig_rtred_inner.o)
    0x00005f84   0x00000050   Code   RO         3033    .text               c_p.l(defsig_rtmem_inner.o)
    0x00005fd4   0x00000042   Code   RO         3048    .text               cpprt_p.l(arm_exceptions_mem.o)
    0x00006016   0x0000005e   Code   RO         3056    .text               fz_ps.l(retnan.o)
    0x00006074   0x0000000c   Code   RO         3072    .text               c_p.l(sys_wrch.o)
    0x00006080   0x00000002   Code   RO         3074    .text               c_p.l(use_no_semi.o)
    0x00006082   0x00000000   Code   RO         3076    .text               c_p.l(indicate_semi.o)
    0x00006082   0x0000000c   Code   RO         3092    .text               c_p.l(defsig_abrt_outer.o)
    0x0000608e   0x00000002   PAD
    0x00006090   0x00000030   Code   RO         3110    .text               c_p.l(defsig_abrt_inner.o)
    0x000060c0   0x0000003a   Code   RO         3159    .text               c_p.l(__dczerorl.o)
    0x000060fa   0x00000002   PAD
    0x000060fc   0x00000004   Code   RO          857    SVC_TABLE           svc_table.o
    0x00006100   0x0000000c   Code   RO         1633    i.$Sub$$main        retarget.o
    0x0000610c   0x0000000a   Code   RO         2197    i.<Func1>           mbed.ar(SerialBase.o)
    0x00006116   0x00000002   PAD
    0x00006118   0x00000038   Code   RO         1611    i.NVIC_SetVector    cmsis_nvic.o
    0x00006150   0x00000098   Code   RO         1619    i.SystemInit        system_MKL25Z4.o
    0x000061e8   0x00000020   Code   RO         1634    i._Z11init_serialv  retarget.o
    0x00006208   0x00000014   Code   RO           49    i._ZN4mbed10DigitalOutC1E7PinName  main.o
    0x0000621c   0x0000001e   Code   RO           31    i._ZN4mbed10DigitalOutaSEi  main.o
    0x0000623a   0x0000003a   Code   RO         1730    i._ZN4mbed10FileHandle4flenEv  retarget.o
    0x00006274   0x00000028   Code   RO         1636    i._ZN4mbed10FileHandleD2Ev  retarget.o
    0x0000629c   0x0000000c   Code   RO         2199    i._ZN4mbed10SerialBase10_base_putcEi  mbed.ar(SerialBase.o)
    0x000062a8   0x00000010   Code   RO         2201    i._ZN4mbed10SerialBase12_irq_handlerEj9SerialIrq  mbed.ar(SerialBase.o)
    0x000062b8   0x0000003c   Code   RO         2207    i._ZN4mbed10SerialBaseC1E7PinNameS1_  mbed.ar(SerialBase.o)
    0x000062f4   0x0000001a   Code   RO         2245    i._ZN4mbed15FunctionPointer4callEv  mbed.ar(FunctionPointer.o)
    0x0000630e   0x00000008   Code   RO         2247    i._ZN4mbed15FunctionPointerC1EPFvvE  mbed.ar(FunctionPointer.o)
    0x00006316   0x00000010   Code   RO         2033    i._ZN4mbed5Timer5resetEv  mbed.ar(Timer.o)
    0x00006326   0x00000010   Code   RO         2034    i._ZN4mbed5Timer5startEv  mbed.ar(Timer.o)
    0x00006336   0x00000010   Code   RO         2035    i._ZN4mbed5Timer7read_msEv  mbed.ar(Timer.o)
    0x00006346   0x0000000e   Code   RO         2036    i._ZN4mbed5Timer7read_usEv  mbed.ar(Timer.o)
    0x00006354   0x00000014   Code   RO         2037    i._ZN4mbed5Timer9slicetimeEv  mbed.ar(Timer.o)
    0x00006368   0x0000000c   Code   RO         2038    i._ZN4mbed5TimerC1Ev  mbed.ar(Timer.o)
    0x00006374   0x00000010   Code   RO           37    i._ZN4mbed6PwmOut5writeEf  main.o
    0x00006384   0x00000010   Code   RO           43    i._ZN4mbed6PwmOut6periodEf  main.o
    0x00006394   0x00000012   Code   RO           55    i._ZN4mbed6PwmOutC1E7PinName  main.o
    0x000063a6   0x0000000a   Code   RO         1936    i._ZN4mbed6Serial5_putcEi  mbed.ar(Serial.o)
    0x000063b0   0x00000020   Code   RO         1937    i._ZN4mbed6SerialC1E7PinNameS1_PKc  mbed.ar(Serial.o)
    0x000063d0   0x00000008   Code   RO         1949    i._ZN4mbed6SerialD1Ev  mbed.ar(Serial.o)
    0x000063d8   0x00000004   Code   RO         1967    i._ZN4mbed6Stream4flenEv  mbed.ar(Stream.o)
    0x000063dc   0x00000004   Code   RO         1973    i._ZN4mbed6Stream5closeEv  mbed.ar(Stream.o)
    0x000063e0   0x00000004   Code   RO         1975    i._ZN4mbed6Stream5lseekEli  mbed.ar(Stream.o)
    0x000063e4   0x00000024   Code   RO         1977    i._ZN4mbed6Stream5writeEPKvj  mbed.ar(Stream.o)
    0x00006408   0x00000004   Code   RO         1978    i._ZN4mbed6Stream6isattyEv  mbed.ar(Stream.o)
    0x0000640c   0x00000020   Code   RO         1979    i._ZN4mbed6Stream6printfEPKcz  mbed.ar(Stream.o)
    0x0000642c   0x0000003c   Code   RO         1980    i._ZN4mbed6StreamC2EPKc  mbed.ar(Stream.o)
    0x00006468   0x00000020   Code   RO         1982    i._ZN4mbed6StreamD2Ev  mbed.ar(Stream.o)
    0x00006488   0x00000004   Code   RO         2144    i._ZN4mbed8FileBase11getPathTypeEv  mbed.ar(FileBase.o)
    0x0000648c   0x0000003c   Code   RO         2146    i._ZN4mbed8FileBase6lookupEPKcj  mbed.ar(FileBase.o)
    0x000064c8   0x00000024   Code   RO         2148    i._ZN4mbed8FileBaseC1EPKcNS_8PathTypeE  mbed.ar(FileBase.o)
    0x000064ec   0x00000030   Code   RO         2150    i._ZN4mbed8FileBaseD1Ev  mbed.ar(FileBase.o)
    0x0000651c   0x00000020   Code   RO         2174    i._ZN4mbed8FileLikeC2EPKc  mbed.ar(FileLike.o)
    0x0000653c   0x00000010   Code   RO         2176    i._ZN4mbed8FileLikeD2Ev  mbed.ar(FileLike.o)
    0x0000654c   0x00000010   Code   RO         1850    i._ZN4mbed8FilePath10fileSystemEv  mbed.ar(FilePath.o)
    0x0000655c   0x00000014   Code   RO         1851    i._ZN4mbed8FilePath12isFileSystemEv  mbed.ar(FilePath.o)
    0x00006570   0x00000016   Code   RO         1852    i._ZN4mbed8FilePath4fileEv  mbed.ar(FilePath.o)
    0x00006586   0x0000000a   Code   RO         1853    i._ZN4mbed8FilePath6existsEv  mbed.ar(FilePath.o)
    0x00006590   0x00000018   Code   RO         1854    i._ZN4mbed8FilePath6isFileEv  mbed.ar(FilePath.o)
    0x000065a8   0x00000004   Code   RO         1855    i._ZN4mbed8FilePath8fileNameEv  mbed.ar(FilePath.o)
    0x000065ac   0x00000042   Code   RO         1856    i._ZN4mbed8FilePathC1EPKc  mbed.ar(FilePath.o)
    0x000065ee   0x0000001c   Code   RO           25    i._ZN4mbed9DigitalIncviEv  main.o
    0x0000660a   0x00000008   Code   RO         2460    i._ZdaPv            cpprt_p.l(array_del.o)
    0x00006612   0x00000008   Code   RO         2467    i._ZdlPv            cpprt_p.l(delete.o)
    0x0000661a   0x00000008   Code   RO         2463    i._Znaj             cpprt_p.l(array_new.o)
    0x00006622   0x00000002   PAD
    0x00006624   0x00000028   Code   RO         2470    i._Znwj             cpprt_p.l(new.o)
    0x0000664c   0x00000030   Code   RO         3014    i.__ARM_common_ll_muluu  c_p.l(btod.o)
    0x0000667c   0x0000001a   Code   RO         1625    i.__ARM_common_switch8  system_MKL25Z4.o
    0x00006696   0x00000002   PAD
    0x00006698   0x0000002c   Code   RO         3064    i.__ARM_fpclassify  m_ps.l(fpclassify.o)
    0x000066c4   0x0000002c   Code   RO         2583    i.__aeabi_atexit    cpprt_p.l(aeabi_atexit.o)
    0x000066f0   0x00000022   Code   RO         2586    i.__aeabi_vec_ctor_nocookie_nodtor  cpprt_p.l(aeabi_vec_ctor_nocookie_nodtor.o)
    0x00006712   0x00000042   Code   RO         2840    i.__cxa_finalize    cpprt_p.l(cxa_finalize.o)
    0x00006754   0x0000000a   Code   RO         2474    i.__cxa_pure_virtual  cpprt_p.l(pure_virt.o)
    0x0000675e   0x00000002   PAD
    0x00006760   0x00000010   Code   RO         1605    i.__user_setup_stackheap  sys.o
    0x00006770   0x0000000e   Code   RO         2368    i._is_digit         c_p.l(__printf_wp.o)
    0x0000677e   0x00000002   PAD
    0x00006780   0x0000002c   Code   RO         1637    i._sys_close        retarget.o
    0x000067ac   0x00000028   Code   RO         1640    i._sys_flen         retarget.o
    0x000067d4   0x00000028   Code   RO         1641    i._sys_istty        retarget.o
    0x000067fc   0x00000100   Code   RO         1642    i._sys_open         retarget.o
    0x000068fc   0x00000028   Code   RO         1644    i._sys_seek         retarget.o
    0x00006924   0x00000058   Code   RO         1645    i._sys_write        retarget.o
    0x0000697c   0x000000d8   Code   RO         1738    i.analogin_init     mbed.ar(analogin_api.o)
    0x00006a54   0x00000018   Code   RO         1739    i.analogin_read     mbed.ar(analogin_api.o)
    0x00006a6c   0x0000001c   Code   RO         1740    i.analogin_read_u16  mbed.ar(analogin_api.o)
    0x00006a88   0x00000018   Code   RO         1838    i.exit              mbed.ar(exit.o)
    0x00006aa0   0x000000bc   Code   RO         2070    i.extosc_frequency  mbed.ar(us_ticker.o)
    0x00006b5c   0x0000001e   Code   RO         2397    i.fputc             c_p.l(fputc.o)
    0x00006b7a   0x0000001e   Code   RO         1749    i.gpio_dir          mbed.ar(gpio_api.o)
    0x00006b98   0x00000050   Code   RO         1750    i.gpio_init         mbed.ar(gpio_api.o)
    0x00006be8   0x00000014   Code   RO         1752    i.gpio_set          mbed.ar(gpio_api.o)
    0x00006bfc   0x00000010   Code   RO         1830    i.gpio_write        mbed.ar(board.o)
    0x00006c0c   0x00000080   Code   RO         2071    i.lptmr_init        mbed.ar(us_ticker.o)
    0x00006c8c   0x00000044   Code   RO         2072    i.lptmr_isr         mbed.ar(us_ticker.o)
    0x00006cd0   0x00000020   Code   RO         2073    i.lptmr_set         mbed.ar(us_ticker.o)
    0x00006cf0   0x00000030   Code   RO         1831    i.mbed_die          mbed.ar(board.o)
    0x00006d20   0x00000008   Code   RO         2093    i.mbed_interface_connected  mbed.ar(mbed_interface.o)
    0x00006d28   0x00000002   Code   RO         1647    i.mbed_main         retarget.o
    0x00006d2a   0x00000002   PAD
    0x00006d2c   0x00000040   Code   RO         2062    i.pin_function      mbed.ar(pinmap.o)
    0x00006d6c   0x00000018   Code   RO         2063    i.pin_mode          mbed.ar(pinmap.o)
    0x00006d84   0x00000018   Code   RO         2113    i.pinmap_find_peripheral  mbed.ar(pinmap_common.o)
    0x00006d9c   0x00000038   Code   RO         2114    i.pinmap_merge      mbed.ar(pinmap_common.o)
    0x00006dd4   0x00000048   Code   RO         2115    i.pinmap_peripheral  mbed.ar(pinmap_common.o)
    0x00006e1c   0x00000050   Code   RO         2116    i.pinmap_pinout     mbed.ar(pinmap_common.o)
    0x00006e6c   0x000000f8   Code   RO         1762    i.pwmout_init       mbed.ar(pwmout_api.o)
    0x00006f64   0x00000020   Code   RO         1763    i.pwmout_period     mbed.ar(pwmout_api.o)
    0x00006f84   0x0000000e   Code   RO         1764    i.pwmout_period_ms  mbed.ar(pwmout_api.o)
    0x00006f92   0x00000002   PAD
    0x00006f94   0x00000030   Code   RO         1765    i.pwmout_period_us  mbed.ar(pwmout_api.o)
    0x00006fc4   0x00000038   Code   RO         1769    i.pwmout_read       mbed.ar(pwmout_api.o)
    0x00006ffc   0x0000003c   Code   RO         1770    i.pwmout_write      mbed.ar(pwmout_api.o)
    0x00007038   0x0000000c   Code   RO         2125    i.semihost_connected  mbed.ar(semihost_api.o)
    0x00007044   0x0000000c   Code   RO         2127    i.semihost_exit     mbed.ar(semihost_api.o)
    0x00007050   0x00000064   Code   RO         1787    i.serial_baud       mbed.ar(serial_api.o)
    0x000070b4   0x00000174   Code   RO         1791    i.serial_format     mbed.ar(serial_api.o)
    0x00007228   0x0000014c   Code   RO         1794    i.serial_init       mbed.ar(serial_api.o)
    0x00007374   0x00000018   Code   RO         1795    i.serial_irq_handler  mbed.ar(serial_api.o)
    0x0000738c   0x00000016   Code   RO         1798    i.serial_putc       mbed.ar(serial_api.o)
    0x000073a2   0x0000001a   Code   RO         1800    i.serial_writable   mbed.ar(serial_api.o)
    0x000073bc   0x00000002   Code   RO         2074    i.us_ticker_clear_interrupt  mbed.ar(us_ticker.o)
    0x000073be   0x00000002   PAD
    0x000073c0   0x00000010   Code   RO         2075    i.us_ticker_disable_interrupt  mbed.ar(us_ticker.o)
    0x000073d0   0x0000006c   Code   RO         2076    i.us_ticker_init    mbed.ar(us_ticker.o)
    0x0000743c   0x00000040   Code   RO         2235    i.us_ticker_irq_handler  mbed.ar(us_ticker_api.o)
    0x0000747c   0x00000020   Code   RO         2077    i.us_ticker_read    mbed.ar(us_ticker.o)
    0x0000749c   0x00000044   Code   RO         2078    i.us_ticker_set_interrupt  mbed.ar(us_ticker.o)
    0x000074e0   0x00000018   Code   RO         1842    i.wait              mbed.ar(wait_api.o)
    0x000074f8   0x0000000e   Code   RO         1843    i.wait_ms           mbed.ar(wait_api.o)
    0x00007506   0x00000016   Code   RO         1844    i.wait_us           mbed.ar(wait_api.o)
    0x0000751c   0x0000002c   Code   RO         3019    locale$$code        c_p.l(lc_numeric_c.o)
    0x00007548   0x0000002c   Code   RO         3088    locale$$code        c_p.l(lc_ctype_c.o)
    0x00007574   0x0000008c   Code   RO         2595    x$fpl$fadd          fz_ps.l(faddsub.o)
    0x00007600   0x00000054   Code   RO         2604    x$fpl$feqf          fz_ps.l(feqf.o)
    0x00007654   0x00000054   Code   RO         2612    x$fpl$fleqf         fz_ps.l(flef.o)
    0x000076a8   0x000000b0   Code   RO         2614    x$fpl$fmul          fz_ps.l(fmul.o)
    0x00007758   0x00000058   Code   RO         2616    x$fpl$frleqf        fz_ps.l(frlef.o)
    0x000077b0   0x000000d0   Code   RO         2597    x$fpl$fsub          fz_ps.l(faddsub.o)
    0x00007880   0x00000010   Code   RO         2858    x$fpl$printf1       fz_ps.l(printf1.o)
    0x00007890   0x00000000   Code   RO         2862    x$fpl$usenofp       fz_ps.l(usenofp.o)
    0x00007890   0x0000001b   Data   RO          617    .constdata          rtx_conf_cm.o
    0x000078ab   0x00000017   Data   RO         1684    .constdata          retarget.o
    0x000078c2   0x00000002   PAD
    0x000078c4   0x000000cc   Data   RO         1741    .constdata          mbed.ar(analogin_api.o)
    0x00007990   0x000001bc   Data   RO         1771    .constdata          mbed.ar(pwmout_api.o)
    0x00007b4c   0x000000d8   Data   RO         1806    .constdata          mbed.ar(serial_api.o)
    0x00007c24   0x00000028   Data   RO         2356    .constdata          c_p.l(_printf_hex_int_ll_ptr.o)
    0x00007c4c   0x00000011   Data   RO         2376    .constdata          c_p.l(__printf_flags_ss_wp.o)
    0x00007c5d   0x00000040   Data   RO         2602    .constdata          fz_ps.l(fdiv.o)
    0x00007c9d   0x00000003   PAD
    0x00007ca0   0x00000008   Data   RO         2682    .constdata          c_p.l(_printf_wctomb.o)
    0x00007ca8   0x00000094   Data   RO         3010    .constdata          c_p.l(bigflt0.o)
    0x00007d3c   0x0000002c   Data   RO         1729    .constdata__ZTVN4mbed10FileHandleE  retarget.o
    0x00007d68   0x00000044   Data   RO         1947    .constdata__ZTVN4mbed6SerialE  mbed.ar(Serial.o)
    0x00007dac   0x00000044   Data   RO         2026    .constdata__ZTVN4mbed6StreamE  mbed.ar(Stream.o)
    0x00007df0   0x00000010   Data   RO         2169    .constdata__ZTVN4mbed8FileBaseE  mbed.ar(FileBase.o)
    0x00007e00   0x0000003c   Data   RO         2192    .constdata__ZTVN4mbed8FileLikeE  mbed.ar(FileLike.o)
    0x00007e3c   0x00000010   Data   RO          841    .constdata__ZTVN4rtos6ThreadE  thread.o
    0x00007e4c   0x00000020   Data   RO         3158    Region$$Table       anon$$obj.o
    0x00007e6c   0x0000001c   Data   RO         3018    locale$$data        c_p.l(lc_numeric_c.o)
    0x00007e88   0x00000110   Data   RO         3087    locale$$data        c_p.l(lc_ctype_c.o)
    0x00007f98   0x00000004   Data   RO            7    .init_array         main.o
    0x00007f9c   0x00000000   Data   RO         2455    .init_array         c_p.l(init_aeabi.o)


    Execution Region RW_IRAM1 (Base: 0x1ffff0c0, Size: 0x000012b4, Max: 0x00003f40, ABSOLUTE, COMPRESSED[0x0000002c])

    Base Addr    Size         Type   Attr      Idx    E Section Name        Object

    0x1ffff0c0   0x00000018   Data   RW            6    .data               main.o
    0x1ffff0d8   0x00000008   Data   RW          410    .data               rt_cmsis.o
    0x1ffff0e0   0x00000008   Data   RW          537    .data               rt_robin.o
    0x1ffff0e8   0x00000007   Data   RW          553    .data               rt_system.o
    0x1ffff0ef   0x00000001   PAD
    0x1ffff0f0   0x00000008   Data   RW          590    .data               rt_task.o
    0x1ffff0f8   0x00000154   Data   RW          618    .data               rtx_conf_cm.o
    0x1ffff24c   0x00000004   Data   RW          696    .data               rt_time.o
    0x1ffff250   0x00000004   Data   RW         1620    .data               system_MKL25Z4.o
    0x1ffff254   0x00000004   Data   RW         1772    .data               mbed.ar(pwmout_api.o)
    0x1ffff258   0x00000010   Data   RW         1807    .data               mbed.ar(serial_api.o)
    0x1ffff268   0x0000000c   Data   RW         2079    .data               mbed.ar(us_ticker.o)
    0x1ffff274   0x00000004   Data   RW         2132    .data               mbed.ar(semihost_api.o)
    0x1ffff278   0x00000004   Data   RW         2158    .data               mbed.ar(FileBase.o)
    0x1ffff27c   0x00000008   Data   RW         2238    .data               mbed.ar(us_ticker_api.o)
    0x1ffff284   0x00000004   Data   RW         2411    .data               c_p.l(stdio_streams.o)
    0x1ffff288   0x00000004   Data   RW         2412    .data               c_p.l(stdio_streams.o)
    0x1ffff28c   0x00000004   Data   RW         2413    .data               c_p.l(stdio_streams.o)
    0x1ffff290   0x00000004   Data   RW         2740    .data               c_p.l(streamlock.o)
    0x1ffff294   0x00000328   Zero   RW            5    .bss                main.o
    0x1ffff5bc   0x00000030   Zero   RW          479    .bss                rt_list.o
    0x1ffff5ec   0x00000090   Zero   RW          589    .bss                rt_task.o
    0x1ffff67c   0x00000b50   Zero   RW          616    .bss                rtx_conf_cm.o
    0x200001cc   0x00000040   Zero   RW         1683    .bss                retarget.o
    0x2000020c   0x0000000c   Zero   RW         1805    .bss                mbed.ar(serial_api.o)
    0x20000218   0x00000060   Zero   RW         2257    .bss                c_p.l(libspace.o)
    0x20000278   0x00000054   Zero   RW         2408    .bss                c_p.l(stdio_streams.o)
    0x200002cc   0x00000054   Zero   RW         2409    .bss                c_p.l(stdio_streams.o)
    0x20000320   0x00000054   Zero   RW         2410    .bss                c_p.l(stdio_streams.o)


==============================================================================

Image component sizes


      Code (inc. data)   RO Data    RW Data    ZI Data      Debug   Object Name

        56         10          0          0          0         76   cmsis_nvic.o
       108          6          0          0          0       3715   hal_cm.o
       356         40          0          0          0       2312   hal_cm0.o
      1732        280          4         24        808     120587   main.o
         0          0          0          0          0       4980   mutex.o
       652         66         67          0         64        728   retarget.o
      4968        248          0          8          0      42245   rt_cmsis.o
       388         12          0          0          0       1926   rt_event.o
       660         22          0          0         48       5414   rt_list.o
       772         10          0          0          0       2583   rt_mailbox.o
       202          0          0          0          0       1517   rt_membox.o
       488         10          0          0          0       1539   rt_mutex.o
       108         18          0          8          0        720   rt_robin.o
       336         10          0          0          0       1752   rt_semaphore.o
       760         66          0          7          0       4928   rt_system.o
       860         70          0          8        144       5424   rt_task.o
       104          8          0          4          0       1107   rt_time.o
       240         68         27        340       2896       7792   rtx_conf_cm.o
        44         24        192          0          0        164   startup_MKL25Z4.o
         4          4          0          0          0        188   svc_table.o
        16          6          0          0          0         60   sys.o
       178         30          0          4          0        132   system_MKL25Z4.o
       300         46         16          0          0       4568   thread.o

    ----------------------------------------------------------------------
     13338       1054        340        404       3960     214457   Object Totals
         0          0         32          0          0          0   (incl. Generated)
         6          0          2          1          0          0   (incl. Padding)

    ----------------------------------------------------------------------

      Code (inc. data)   RO Data    RW Data    ZI Data      Debug   Library Member Name

        64         10          0          0          0         84   __0sscanf.o
        22          0          0          0          0         84   __2fprintf.o
        44          4          0          0          0         84   __2sprintf.o
        58          0          0          0          0          0   __dczerorl.o
         8          0          0          0          0         68   __main.o
       392          6         17          0          0         76   __printf_flags_ss_wp.o
        14          0          0          0          0         60   __printf_wp.o
        60          8          0          0          0          0   __scatter.o
        28          0          0          0          0          0   __scatter_zi.o
        30          0          0          0          0         60   _chval.o
        10          0          0          0          0          0   _printf_a.o
        10          0          0          0          0          0   _printf_c.o
        46          0          0          0          0        100   _printf_char.o
        48          6          0          0          0         88   _printf_char_common.o
        60          6          0          0          0         76   _printf_char_file_locked.o
        38          0          0          0          0         60   _printf_charcount.o
        10          0          0          0          0          0   _printf_d.o
       108         18          0          0          0         76   _printf_dec.o
        10          0          0          0          0          0   _printf_e.o
        10          0          0          0          0          0   _printf_f.o
      1044         14          0          0          0        176   _printf_fp_dec.o
       136         16          0          0          0         76   _printf_fp_infnan.o
        10          0          0          0          0          0   _printf_g.o
       152          4         40          0          0        148   _printf_hex_int_ll_ptr.o
        10          0          0          0          0          0   _printf_i.o
       176          0          0          0          0         84   _printf_intcommon.o
        10          0          0          0          0          0   _printf_l.o
        10          0          0          0          0          0   _printf_lc.o
        10          0          0          0          0          0   _printf_ll.o
        10          0          0          0          0          0   _printf_lld.o
        10          0          0          0          0          0   _printf_lli.o
        10          0          0          0          0          0   _printf_llo.o
        10          0          0          0          0          0   _printf_llu.o
        10          0          0          0          0          0   _printf_llx.o
       112         18          0          0          0         76   _printf_longlong_dec.o
        10          0          0          0          0          0   _printf_ls.o
        10          0          0          0          0          0   _printf_n.o
        10          0          0          0          0          0   _printf_o.o
       112         10          0          0          0        112   _printf_oct_int_ll.o
        10          0          0          0          0          0   _printf_p.o
        78          0          0          0          0        100   _printf_pad.o
         2          0          0          0          0          0   _printf_percent.o
         4          0          0          0          0          0   _printf_percent_end.o
        10          0          0          0          0          0   _printf_s.o
        82          0          0          0          0         72   _printf_str.o
        36          0          0          0          0         76   _printf_truncate.o
        10          0          0          0          0          0   _printf_u.o
        46          0          0          0          0        100   _printf_wchar.o
       188          6          8          0          0         80   _printf_wctomb.o
        10          0          0          0          0          0   _printf_x.o
       896         16          0          0          0         84   _scanf.o
       330          0          0          0          0         84   _scanf_int.o
        68          0          0          0          0         76   _sgetc.o
        10          0          0          0          0         60   _sputc.o
        64          0          0          0          0         72   _wcrtomb.o
        16          0          0          0          0         64   abort.o
       346          0          0          0          0         92   aeabi_sdiv.o
       200          4        148          0          0         80   bigflt0.o
      1240         12          0          0          0        316   btod.o
        14          0          0          0          0         68   c89vfprintf.o
        48         34          0          0          0         68   defsig_abrt_inner.o
        12          0          0          0          0         68   defsig_abrt_outer.o
        12          0          0          0          0         68   defsig_exit.o
        52          0          0          0          0         72   defsig_general.o
        48         34          0          0          0         68   defsig_pvfn_inner.o
        12          0          0          0          0         68   defsig_pvfn_outer.o
        80         58          0          0          0         68   defsig_rtmem_inner.o
        12          0          0          0          0         68   defsig_rtmem_outer.o
        52         38          0          0          0         68   defsig_rtred_inner.o
        12          0          0          0          0         68   defsig_rtred_outer.o
        76          4          0          0          0         76   fclose.o
        52          6          0          0          0         72   fclose_locked.o
       140         10          0          0          0        108   fflush_locked.o
       496         10          0          0          0         76   flsbuf.o
       320         12          0          0          0        148   fopen_locked.o
        30          0          0          0          0         68   fputc.o
       244          4          0          0          0         76   fseek.o
        66          0          0          0          0         68   ftell.o
       154          0          0          0          0        116   h1_alloc_mt.o
        54          0          0          0          0         72   h1_extend_mt.o
       116          0          0          0          0        100   h1_free_mt.o
        22          0          0          0          0         84   h1_init_mt.o
         6          0          0          0          0        136   heapauxi.o
         4          0          0          0          0        120   hguard.o
         0          0          0          0          0          0   indicate_semi.o
        36         10          0          0          0         72   init_aeabi.o
       136          0          0          0          0        160   init_alloc.o
       460         50          0          0          0        100   initio_locked.o
        18          0          0          0          0         68   isspace.o
        44         10        272          0          0         76   lc_ctype_c.o
        44         10         28          0          0         76   lc_numeric_c.o
         2          0          0          0          0          0   libinit.o
        46          0          0          0          0          0   libinit2.o
         6          0          0          0          0          0   libshutdown2.o
         8          4          0          0         96         68   libspace.o
       122          0          0          0          0         72   lludiv10.o
         0          0          0          0          0          0   maybetermalloc1.o
        16          4          0          0          0         76   rt_ctype_table.o
        10          0          0          0          0         76   rt_ddtor_pointer_addr_twolibspace.o
        10          0          0          0          0         76   rt_eh_globals_addr_twolibspace.o
         8          0          0          0          0         76   rt_errno_addr_twolibspace.o
        10          0          0          0          0         76   rt_heap_descriptor_twolibspace.o
        10          0          0          0          0         76   rt_locale_twolibspace.o
        64          0          0          0          0        108   rt_memclr.o
        10          0          0          0          0         76   rt_new_handler_addr_twolibspace.o
        40          0          0          0          0         60   rtudiv10.o
        48          8          0          0          0         84   scanf_char.o
        26          0          0          0          0         68   setbuf.o
       108          4          0          0          0         80   setvbuf_locked.o
       240          8          0          0          0        144   stdio.o
         0          0          0         12        252          0   stdio_streams.o
       136          4          0          0          0         72   strcmp.o
         0          0          0          4          0          0   streamlock.o
        68          6          0          0          0         72   strlen.o
       160          6          0          0          0         76   strncmp.o
        12          4          0          0          0         60   sys_exit.o
        12          0          0          0          0         68   sys_wrch.o
         2          0          0          0          0         68   use_no_semi.o
        44          0          0          0          0         76   aeabi_atexit.o
        34          0          0          0          0         80   aeabi_vec_ctor_nocookie_nodtor.o
        84         12          0          0          0         96   arm_exceptions_globs.o
        66          0          0          0          0        100   arm_exceptions_mem.o
        28          0          0          0          0         68   arm_exceptions_terminate.o
         8          0          0          0          0         68   arm_newhandler_noexceptions.o
         8          0          0          0          0         68   array_del.o
         8          0          0          0          0         68   array_new.o
        66          0          0          0          0         76   cxa_finalize.o
         8          0          0          0          0         68   delete.o
        40          4          0          0          0         68   new.o
        10          0          0          0          0         68   pure_virt.o
        48          4          0          0          0         60   cmpret.o
       124          4          0          0          0         72   d2f.o
       584         26          0          0          0         84   dmul.o
        84          4          0          0          0         60   f2d.o
       348          8          0          0          0        160   faddsub.o
       100          4          0          0          0         68   fcmpin.o
       352         10         64          0          0         92   fdiv.o
        84          4          0          0          0         76   feqf.o
        76          0          0          0          0         68   ffixi.o
        48          0          0          0          0         60   ffixui.o
        94          0          0          0          0         92   fflti.o
        84          4          0          0          0         76   flef.o
       176          4          0          0          0         80   fmul.o
        16          6          0          0          0         68   fnan2.o
        88          4          0          0          0         76   frlef.o
        68          4          0          0          0         68   fscalbn.o
        16          4          0          0          0         76   printf1.o
        94          0          0          0          0         68   retnan.o
         0          0          0          0          0          0   usenofp.o
        44          4          0          0          0         60   fpclassify.o
       148         24         16          4          0        252   FileBase.o
        48          8         60          0          0        136   FileLike.o
       162          0          0          0          0        460   FilePath.o
        34          0          0          0          0        120   FunctionPointer.o
        50          4         68          0          0        204   Serial.o
        98          8          0          0          0        276   SerialBase.o
       176         20         68          0          0        548   Stream.o
        94          0          0          0          0        408   Timer.o
       268         62        204          0          0        200   analogin_api.o
        64          6          0          0          0        128   board.o
        24          0          0          0          0         64   exit.o
       130          4          0          0          0        200   gpio_api.o
         8          0          0          0          0         68   mbed_interface.o
        88         14          0          0          0        132   pinmap.o
       232         84          0          0          0        264   pinmap_common.o
       458         76        444          4          0        428   pwmout_api.o
        24          6          0          4          0        132   semihost_api.o
       876        274        216         16         12        420   serial_api.o
       642        120          0         12          0        596   us_ticker.o
        64          6          0          8          0         68   us_ticker_api.o
        60          6          0          0          0        208   wait_api.o

    ----------------------------------------------------------------------
     17334       1328       1656         64        360      14880   Library Totals
        30          0          3          0          0          0   (incl. Padding)

    ----------------------------------------------------------------------

      Code (inc. data)   RO Data    RW Data    ZI Data      Debug   Library Name

     10624        496        513         16        348       7200   c_p.l
       404         16          0          0          0        904   cpprt_p.l
      2484         90         64          0          0       1404   fz_ps.l
        44          4          0          0          0         60   m_ps.l
      3748        722       1076         48         12       5312   mbed.ar

    ----------------------------------------------------------------------
     17334       1328       1656         64        360      14880   Library Totals

    ----------------------------------------------------------------------

==============================================================================


      Code (inc. data)   RO Data    RW Data    ZI Data      Debug   

     30672       2382       1996        468       4320     218721   Grand Totals
     30672       2382       1996         44       4320     218721   ELF Image Totals (compressed)
     30672       2382       1996         44          0          0   ROM Totals

==============================================================================

    Total RO  Size (Code + RO Data)                32668 (  31.90kB)
    Total RW  Size (RW Data + ZI Data)              4788 (   4.68kB)
    Total ROM Size (Code + RO Data + RW Data)      32712 (  31.95kB)

==============================================================================

