<html>
<body>
<pre>
<h1>µVision Build Log</h1>
<h2>Tool Versions:</h2>
IDE-Version: µVision V5.12.0.0
Copyright (C) 2014 ARM Ltd and ARM Germany GmbH. All rights reserved.
License Information: Instructional Support Group EECS Flex license: MDK-ARM Professional: 100 user(s) (mdk_pro) Operation stops: 19 Oct 2015
 
Tool Versions:
Toolchain:       MDK-ARM Professional: 100 user(s)  Version: 5.12.0.0
Toolchain Path:  C:\Keil\ARM\ARMCC\Bin
C Compiler:      Armcc.exe V5.05 (build 41)
Assembler:       Armasm.exe V5.05 (build 41)
Linker/Locator:  ArmLink.exe V5.05 (build 41)
Library Manager: ArmAr.exe V5.05 (build 41)
Hex Converter:   FromElf.exe V5.05 (build 41)
CPU DLL:         SARMCM3.DLL V5.12.0.0
Dialog DLL:      DARMCM1.DLL V1.11.00.0
Target DLL:      CMSIS_AGDI.dll V1.19.0.0
Dialog DLL:      TARMCM1.DLL V1.08.00.0
 
<h2>Project:</h2>
U:\EE192\team7\ee192-sp14.uvproj
Project File Date:  03/17/2015

<h2>Output:</h2>
Build target 'mbed FRDM-KL25Z'
compiling main.cpp...
main.cpp(202): warning:  #177-D: variable "WIDTH" was declared but never referenced
                        const int WIDTH = 20;
main.cpp(203): warning:  #177-D: variable "absVal" was declared but never referenced
                        int absVal = (minValue + maxValue) > 0 ? (minValue + maxValue) : -(minValue + maxValue);
main.cpp(138): warning:  #177-D: variable "MICRO" was declared but never referenced
        const int MICRO = 1000000;
main.cpp(139): warning:  #177-D: variable "SIZE" was declared but never referenced
        const int SIZE = 128;
main.cpp(151): warning:  #177-D: variable "mid1" was declared but never referenced
        int mid1 = 55;
main.cpp(152): warning:  #177-D: variable "mid2" was declared but never referenced
        int mid2 = 56;
main.cpp(38): warning:  #177-D: variable "RIGHTMOTOR" was declared but never referenced
  const int RIGHTMOTOR = 1;
main.cpp(39): warning:  #177-D: variable "CENTER" was declared but never referenced
  const float CENTER = 0.075f;
main.cpp(40): warning:  #177-D: variable "LEFT" was declared but never referenced
  const float LEFT = 0.09f;
main.cpp(41): warning:  #177-D: variable "RIGHT" was declared but never referenced
  const float RIGHT = 0.06f;
main.cpp: 10 warnings, 0 errors
linking...
Program Size: Code=30672 RO-data=1996 RW-data=468 ZI-data=4320  
After Build - User command #1: fromelf --bin -o build\ee192-sp14_KL25Z.bin build\ee192-sp14.axf
".\build\ee192-sp14.axf" - 0 Error(s), 10 Warning(s).
