Component: ARM Compiler 5.05 (build 41) Tool: armlink [4d0eb9]

==============================================================================

Section Cross References

    main.o(.text) refers to main.o(i._ZN4mbed6PwmOut5writeEf) for mbed::PwmOut::write(float)
    main.o(.text) refers to fdiv.o(.text) for __aeabi_fdiv
    main.o(.text) refers to faddsub.o(x$fpl$fsub) for __aeabi_fsub
    main.o(.text) refers to fmul.o(x$fpl$fmul) for __aeabi_fmul
    main.o(.text) refers to faddsub.o(x$fpl$fadd) for __aeabi_fadd
    main.o(.text) refers to frlef.o(x$fpl$frleqf) for __aeabi_cfrcmple
    main.o(.text) refers to flef.o(x$fpl$fleqf) for __aeabi_cfcmple
    main.o(.text) refers to Timer.o(i._ZN4mbed5TimerC1Ev) for mbed::Timer::Timer()
    main.o(.text) refers to main.o(i._ZN4mbed9DigitalIncviEv) for mbed::DigitalIn::operator int()
    main.o(.text) refers to Timer.o(i._ZN4mbed5Timer5startEv) for mbed::Timer::start()
    main.o(.text) refers to Timer.o(i._ZN4mbed5Timer7read_msEv) for mbed::Timer::read_ms()
    main.o(.text) refers to Timer.o(i._ZN4mbed5Timer5resetEv) for mbed::Timer::reset()
    main.o(.text) refers to Timer.o(i._ZN4mbed5Timer7read_usEv) for mbed::Timer::read_us()
    main.o(.text) refers to fflti.o(.text) for __aeabi_i2f
    main.o(.text) refers to main.o(i._ZN4mbed10DigitalOutaSEi) for mbed::DigitalOut::operator =(int)
    main.o(.text) refers to wait_api.o(i.wait_us) for wait_us
    main.o(.text) refers to main.o(i._ZN4mbed8AnalogIncvfEv) for mbed::AnalogIn::operator float()
    main.o(.text) refers to ffixui.o(.text) for __aeabi_f2uiz
    main.o(.text) refers to main.o(.bss) for motor_left
    main.o(.text) refers to main.o(.data) for current_velocity
    main.o(.text) refers to ffixi.o(.text) for __aeabi_f2iz
    main.o(.text) refers to SerialBase.o(i._ZN4mbed10SerialBase6formatEiNS0_6ParityEi) for mbed::SerialBase::format(int, mbed::SerialBase::Parity, int)
    main.o(.text) refers to SerialBase.o(i._ZN4mbed10SerialBase4baudEi) for mbed::SerialBase::baud(int)
    main.o(.text) refers to thread.o(.text) for rtos::Thread::wait(unsigned)
    main.o(.text) refers to Stream.o(i._ZN4mbed6Stream6printfEPKcz) for mbed::Stream::printf(const char*, ...)
    main.o(.text) refers to modserial.o(.text) for AjK::MODSERIAL::txBufferFull()
    main.o(.text) refers to telemetry.o(.text) for telemetry::ReceivePacketBuffer::ReceivePacketBuffer(telemetry::HalInterface&)
    main.o(.text) refers to main.o(i._ZN9telemetry4DataC2EPKcS2_S2_) for telemetry::Data::Data__sub_object(const char*, const char*, const char*)
    main.o(.text) refers to main.o(t._ZN9telemetry12NumericArrayItLj128EEC1ERNS_9TelemetryEPKcS5_S5_t) for telemetry::NumericArray<unsigned short, (unsigned)128>::NumericArray(telemetry::Telemetry&, const char*, const char*, const char*, unsigned short)
    main.o(.text) refers to main.o(t._ZN9telemetry16NumericArrayBaseItLj127EEC2ERNS_9TelemetryEPKcS5_S5_t) for telemetry::NumericArrayBase<unsigned short, (unsigned)127>::NumericArrayBase__sub_object(telemetry::Telemetry&, const char*, const char*, const char*, unsigned short)
    main.o(.text) refers to main.o(t._ZN9telemetry16NumericArrayBaseItLj128EEixEi) for telemetry::NumericArrayBase<unsigned short, (unsigned)128>::operator [](int)
    main.o(.text) refers to main.o(t._ZN9telemetry20NumericArrayAccessorItLj128EEaSEt) for telemetry::NumericArrayAccessor<unsigned short, (unsigned)128>::operator =(unsigned short)
    main.o(.text) refers to main.o(.conststring) for .conststring
    main.o(.text) refers to main.o(.constdata__ZTVN9telemetry12HalInterfaceE) for vtable for telemetry::HalInterface
    main.o(.text) refers to telemetry-mbed-hal.o(.constdata__ZTVN9telemetry7MbedHalE) for vtable for telemetry::MbedHal
    main.o(.text) refers to main.o(.constdata__ZTVN9telemetry7NumericIjEE) for vtable for telemetry::Numeric<unsigned>
    main.o(.text) refers to main.o(.constdata__ZTVN9telemetry12NumericArrayItLj127EEE) for vtable for telemetry::NumericArray<unsigned short, (unsigned)127>
    main.o(.text) refers to wait_api.o(i.wait) for wait
    main.o(.text) refers to main.o(i._ZN4mbed6PwmOut6periodEf) for mbed::PwmOut::period(float)
    main.o(.text) refers to aeabi_atexit.o(i.__aeabi_atexit) for __aeabi_atexit
    main.o(.text) refers to main.o(i._ZN4mbed10DigitalOutC1E7PinName) for mbed::DigitalOut::DigitalOut(PinName)
    main.o(.text) refers to TimerEvent.o(i._ZN4mbed10TimerEventC2Ev) for mbed::TimerEvent::TimerEvent__sub_object()
    main.o(.text) refers to FunctionPointer.o(i._ZN4mbed15FunctionPointerC1EPFvvE) for mbed::FunctionPointer::FunctionPointer(void(*)())
    main.o(.text) refers to main.o(i._ZN4mbed6PwmOutC1E7PinName) for mbed::PwmOut::PwmOut(PinName)
    main.o(.text) refers to analogin_api.o(i.analogin_init) for analogin_init
    main.o(.text) refers to gpio_api.o(i.gpio_init) for gpio_init
    main.o(.text) refers to Ticker.o(.constdata__ZTVN4mbed6TickerE) for vtable for mbed::Ticker
[...]
    mbed::Stream::close()                    0x00007e3f   Thumb Code     4  Stream.o(i._ZN4mbed6Stream5closeEv)
    mbed::Stream::lseek(long, int)           0x00007e43   Thumb Code     4  Stream.o(i._ZN4mbed6Stream5lseekEli)
    mbed::Stream::write(const void*, unsigned) 0x00007e47   Thumb Code    36  Stream.o(i._ZN4mbed6Stream5writeEPKvj)
    mbed::Stream::isatty()                   0x00007e6b   Thumb Code     4  Stream.o(i._ZN4mbed6Stream6isattyEv)
    mbed::Stream::printf(const char*, ...)   0x00007e6f   Thumb Code    32  Stream.o(i._ZN4mbed6Stream6printfEPKcz)
    mbed::Stream::Stream__sub_object(const char*) 0x00007e91   Thumb Code    46  Stream.o(i._ZN4mbed6StreamC2EPKc)
    mbed::Stream::~Stream()                  0x00007ecd   Thumb Code     0  Stream.o(i._ZN4mbed6StreamD2Ev)
    mbed::Stream::~Stream__sub_object()      0x00007ecd   Thumb Code    26  Stream.o(i._ZN4mbed6StreamD2Ev)
    mbed::Ticker::handler()                  0x00007eed   Thumb Code    26  Ticker.o(i._ZN4mbed6Ticker7handlerEv)
    mbed::Ticker::~Ticker()                  0x00007f07   Thumb Code     8  Ticker.o(i._ZN4mbed6TickerD1Ev)
    mbed::Ticker::~Ticker__sub_object()      0x00007f07   Thumb Code     0  Ticker.o(i._ZN4mbed6TickerD1Ev)
    mbed::AnalogIn::operator float()         0x00007f0f   Thumb Code    14  main.o(i._ZN4mbed8AnalogIncvfEv)
    mbed::FileBase::getPathType()            0x00007f1d   Thumb Code     4  FileBase.o(i._ZN4mbed8FileBase11getPathTypeEv)
    mbed::FileBase::lookup(const char*, unsigned) 0x00007f21   Thumb Code    54  FileBase.o(i._ZN4mbed8FileBase6lookupEPKcj)
    mbed::FileBase::FileBase(const char*, mbed::PathType) 0x00007f5d   Thumb Code    28  FileBase.o(i._ZN4mbed8FileBaseC1EPKcNS_8PathTypeE)
    mbed::FileBase::FileBase__sub_object(const char*, mbed::PathType) 0x00007f5d   Thumb Code     0  FileBase.o(i._ZN4mbed8FileBaseC1EPKcNS_8PathTypeE)
    mbed::FileBase::~FileBase()              0x00007f81   Thumb Code    38  FileBase.o(i._ZN4mbed8FileBaseD1Ev)
    mbed::FileBase::~FileBase__sub_object()  0x00007f81   Thumb Code     0  FileBase.o(i._ZN4mbed8FileBaseD1Ev)
    mbed::FileLike::FileLike__sub_object(const char*) 0x00007fb1   Thumb Code    24  FileLike.o(i._ZN4mbed8FileLikeC2EPKc)
    mbed::FileLike::~FileLike()              0x00007fd1   Thumb Code     0  FileLike.o(i._ZN4mbed8FileLikeD2Ev)
    mbed::FileLike::~FileLike__sub_object()  0x00007fd1   Thumb Code    16  FileLike.o(i._ZN4mbed8FileLikeD2Ev)
    mbed::FilePath::fileSystem()             0x00007fe1   Thumb Code    16  FilePath.o(i._ZN4mbed8FilePath10fileSystemEv)
    mbed::FilePath::isFileSystem()           0x00007ff1   Thumb Code    20  FilePath.o(i._ZN4mbed8FilePath12isFileSystemEv)
    mbed::FilePath::file()                   0x00008005   Thumb Code    22  FilePath.o(i._ZN4mbed8FilePath4fileEv)
    mbed::FilePath::exists()                 0x0000801b   Thumb Code    10  FilePath.o(i._ZN4mbed8FilePath6existsEv)
    mbed::FilePath::isFile()                 0x00008025   Thumb Code    24  FilePath.o(i._ZN4mbed8FilePath6isFileEv)
    mbed::FilePath::fileName()               0x0000803d   Thumb Code     4  FilePath.o(i._ZN4mbed8FilePath8fileNameEv)
    mbed::FilePath::FilePath(const char*)    0x00008041   Thumb Code    66  FilePath.o(i._ZN4mbed8FilePathC1EPKc)
    mbed::FilePath::FilePath__sub_object(const char*) 0x00008041   Thumb Code     0  FilePath.o(i._ZN4mbed8FilePathC1EPKc)
    mbed::DigitalIn::operator int()          0x00008083   Thumb Code    28  main.o(i._ZN4mbed9DigitalIncviEv)
    telemetry::FixedLengthTransmitPacket::~FixedLengthTransmitPacket() 0x0000809f   Thumb Code     4  telemetry.o(i._ZN9telemetry25FixedLengthTransmitPacketD1Ev)
    telemetry::FixedLengthTransmitPacket::~FixedLengthTransmitPacket__sub_object() 0x0000809f   Thumb Code     0  telemetry.o(i._ZN9telemetry25FixedLengthTransmitPacketD1Ev)
    telemetry::Data::Data__sub_object(const char*, const char*, const char*) 0x000080a5   Thumb Code    14  main.o(i._ZN9telemetry4DataC2EPKcS2_S2_)
    telemetry::Telemetry::do_error(const char*) 0x000080b9   Thumb Code    18  telemetry.o(i._ZN9telemetry9Telemetry8do_errorEPKc)
    operator delete[] (void*)                0x000080cb   Thumb Code     8  array_del.o(i._ZdaPv)
    operator delete (void*)                  0x000080d3   Thumb Code     8  delete.o(i._ZdlPv)
    operator new[] (unsigned)                0x000080db   Thumb Code     8  array_new.o(i._Znaj)
    operator new(unsigned)                   0x000080e5   Thumb Code    36  new.o(i._Znwj)
    __ARM_common_ll_muluu                    0x0000810d   Thumb Code    48  btod.o(i.__ARM_common_ll_muluu)
    __ARM_common_switch8                     0x0000813d   Thumb Code    26  system_MKL25Z4.o(i.__ARM_common_switch8)
    __ARM_fpclassify                         0x00008159   Thumb Code    40  fpclassify.o(i.__ARM_fpclassify)
    __aeabi_atexit                           0x00008185   Thumb Code    44  aeabi_atexit.o(i.__aeabi_atexit)
    __aeabi_vec_ctor_nocookie_nodtor         0x000081b1   Thumb Code    34  aeabi_vec_ctor_nocookie_nodtor.o(i.__aeabi_vec_ctor_nocookie_nodtor)
    __cxa_finalize                           0x000081d3   Thumb Code    66  cxa_finalize.o(i.__cxa_finalize)
    __cxa_pure_virtual                       0x00008215   Thumb Code    10  pure_virt.o(i.__cxa_pure_virtual)
    __user_setup_stackheap                   0x00008221   Thumb Code    10  sys.o(i.__user_setup_stackheap)
    _is_digit                                0x00008231   Thumb Code    14  __printf_wp.o(i._is_digit)
    _sys_close                               0x00008241   Thumb Code    38  retarget.o(i._sys_close)
    _sys_flen                                0x0000826d   Thumb Code    34  retarget.o(i._sys_flen)
    _sys_istty                               0x00008295   Thumb Code    34  retarget.o(i._sys_istty)
    _sys_open                                0x000082bd   Thumb Code   244  retarget.o(i._sys_open)
    _sys_seek                                0x000083bd   Thumb Code    36  retarget.o(i._sys_seek)
    _sys_write                               0x000083e5   Thumb Code    76  retarget.o(i._sys_write)
    analogin_init                            0x0000843d   Thumb Code   166  analogin_api.o(i.analogin_init)
    analogin_read                            0x00008515   Thumb Code    18  analogin_api.o(i.analogin_read)
    analogin_read_u16                        0x0000852d   Thumb Code    22  analogin_api.o(i.analogin_read_u16)
    exit                                     0x00008549   Thumb Code    24  exit.o(i.exit)
    _fputc$unlocked                          0x0000861d   Thumb Code    30  fputc.o(i.fputc)
    gpio_dir                                 0x0000863b   Thumb Code    30  gpio_api.o(i.gpio_dir)
    gpio_init                                0x00008659   Thumb Code    76  gpio_api.o(i.gpio_init)
    gpio_set                                 0x000086a9   Thumb Code    20  gpio_api.o(i.gpio_set)
    mbed_die                                 0x000087b1   Thumb Code    42  board.o(i.mbed_die)
    mbed_interface_connected                 0x000087e1   Thumb Code     8  mbed_interface.o(i.mbed_interface_connected)
    mbed_main                                0x000087e9   Thumb Code     2  retarget.o(i.mbed_main)
    pin_function                             0x000087ed   Thumb Code    54  pinmap.o(i.pin_function)
    pin_mode                                 0x0000882d   Thumb Code    20  pinmap.o(i.pin_mode)
    pinmap_find_peripheral                   0x00008845   Thumb Code    24  pinmap_common.o(i.pinmap_find_peripheral)
    pinmap_merge                             0x0000885d   Thumb Code    32  pinmap_common.o(i.pinmap_merge)
    pinmap_peripheral                        0x00008895   Thumb Code    36  pinmap_common.o(i.pinmap_peripheral)
    pinmap_pinout                            0x000088dd   Thumb Code    56  pinmap_common.o(i.pinmap_pinout)
    pwmout_init                              0x0000892d   Thumb Code   188  pwmout_api.o(i.pwmout_init)
    pwmout_period                            0x00008a25   Thumb Code    28  pwmout_api.o(i.pwmout_period)
    pwmout_period_ms                         0x00008a45   Thumb Code    14  pwmout_api.o(i.pwmout_period_ms)
    pwmout_period_us                         0x00008a55   Thumb Code    44  pwmout_api.o(i.pwmout_period_us)
    pwmout_read                              0x00008a85   Thumb Code    52  pwmout_api.o(i.pwmout_read)
    pwmout_write                             0x00008abd   Thumb Code    56  pwmout_api.o(i.pwmout_write)
    semihost_connected                       0x00008af9   Thumb Code     6  semihost_api.o(i.semihost_connected)
    semihost_exit                            0x00008b05   Thumb Code    12  semihost_api.o(i.semihost_exit)
    serial_baud                              0x00008b11   Thumb Code    88  serial_api.o(i.serial_baud)
    serial_format                            0x00008b75   Thumb Code   186  serial_api.o(i.serial_format)
    serial_init                              0x00008ce9   Thumb Code   266  serial_api.o(i.serial_init)
    serial_irq_handler                       0x00008e35   Thumb Code    14  serial_api.o(i.serial_irq_handler)
    serial_irq_set                           0x00008e4d   Thumb Code   162  serial_api.o(i.serial_irq_set)
    serial_putc                              0x00008f05   Thumb Code    22  serial_api.o(i.serial_putc)
    serial_writable                          0x00008f1b   Thumb Code    26  serial_api.o(i.serial_writable)
    uart0_irq                                0x00008f35   Thumb Code    28  serial_api.o(i.uart0_irq)
    uart1_irq                                0x00008f55   Thumb Code    14  serial_api.o(i.uart1_irq)
    uart2_irq                                0x00008f69   Thumb Code    14  serial_api.o(i.uart2_irq)
    us_ticker_clear_interrupt                0x00008fad   Thumb Code     2  us_ticker.o(i.us_ticker_clear_interrupt)
    us_ticker_disable_interrupt              0x00008fb1   Thumb Code    12  us_ticker.o(i.us_ticker_disable_interrupt)
    us_ticker_init                           0x00008fc1   Thumb Code    84  us_ticker.o(i.us_ticker_init)
    us_ticker_insert_event                   0x0000902d   Thumb Code    54  us_ticker_api.o(i.us_ticker_insert_event)
    us_ticker_irq_handler                    0x00009069   Thumb Code    58  us_ticker_api.o(i.us_ticker_irq_handler)
    us_ticker_read                           0x000090a9   Thumb Code    22  us_ticker.o(i.us_ticker_read)
    us_ticker_remove_event                   0x000090c9   Thumb Code    50  us_ticker_api.o(i.us_ticker_remove_event)
    us_ticker_set_handler                    0x00009101   Thumb Code    14  us_ticker_api.o(i.us_ticker_set_handler)
    us_ticker_set_interrupt                  0x00009115   Thumb Code    58  us_ticker.o(i.us_ticker_set_interrupt)
    wait                                     0x00009159   Thumb Code    18  wait_api.o(i.wait)
    wait_ms                                  0x00009171   Thumb Code    14  wait_api.o(i.wait_ms)
    wait_us                                  0x0000917f   Thumb Code    22  wait_api.o(i.wait_us)
    _get_lc_numeric                          0x00009195   Thumb Code    44  lc_numeric_c.o(locale$$code)
    _get_lc_ctype                            0x000091c1   Thumb Code    44  lc_ctype_c.o(locale$$code)
    void mbed::SerialBase::attach<AjK::MODSERIAL>(T1*, void(T1::*)(), mbed::SerialBase::IrqType) 0x000091ed   Thumb Code   110  init.o(t._ZN4mbed10SerialBase6attachIN3AjK9MODSERIALEEEvPT_MS4_FvvENS0_7IrqTypeE)
    void mbed::FunctionPointer::membercaller<AjK::MODSERIAL>(void*, char*) 0x00009261   Thumb Code    80  init.o(t._ZN4mbed15FunctionPointer12membercallerIN3AjK9MODSERIALEEEvPvPc)
    telemetry::NumericArray<unsigned short, (unsigned)127>::get_subtype() 0x000092b1   Thumb Code     6  main.o(t._ZN9telemetry12NumericArrayItLj127EE11get_subtypeEv)
    telemetry::NumericArray<unsigned short, (unsigned)127>::serialize_data(unsigned short, telemetry::TransmitPacketInterface&) 0x000092b7   Thumb Code    20  main.o(t._ZN9telemetry12NumericArrayItLj127EE14serialize_dataEtRNS_23TransmitPacketInterfaceE)
    telemetry::NumericArray<unsigned short, (unsigned)127>::deserialize_data(telemetry::ReceivePacketBuffer&) 0x000092cb   Thumb Code    14  main.o(t._ZN9telemetry12NumericArrayItLj127EE16deserialize_dataERNS_19ReceivePacketBufferE)
    telemetry::NumericArray<unsigned short, (unsigned)128>::get_subtype() 0x000092d9   Thumb Code     6  main.o(t._ZN9telemetry12NumericArrayItLj128EE11get_subtypeEv)
    telemetry::NumericArray<unsigned short, (unsigned)128>::serialize_data(unsigned short, telemetry::TransmitPacketInterface&) 0x000092df   Thumb Code    20  main.o(t._ZN9telemetry12NumericArrayItLj128EE14serialize_dataEtRNS_23TransmitPacketInterfaceE)
    telemetry::NumericArray<unsigned short, (unsigned)128>::deserialize_data(telemetry::ReceivePacketBuffer&) 0x000092f3   Thumb Code    14  main.o(t._ZN9telemetry12NumericArrayItLj128EE16deserialize_dataERNS_19ReceivePacketBufferE)
    telemetry::NumericArray<unsigned short, (unsigned)128>::NumericArray(telemetry::Telemetry&, const char*, const char*, const char*, unsigned short) 0x00009301   Thumb Code    42  main.o(t._ZN9telemetry12NumericArrayItLj128EEC1ERNS_9TelemetryEPKcS5_S5_t)
    telemetry::NumericArray<unsigned short, (unsigned)128>::NumericArray__sub_object(telemetry::Telemetry&, const char*, const char*, const char*, unsigned short) 0x00009301   Thumb Code     0  main.o(t._ZN9telemetry12NumericArrayItLj128EEC1ERNS_9TelemetryEPKcS5_S5_t)
    telemetry::NumericArrayBase<unsigned short, (unsigned)127>::get_data_type() 0x00009331   Thumb Code     6  main.o(t._ZN9telemetry16NumericArrayBaseItLj127EE13get_data_typeEv)
    telemetry::NumericArrayBase<unsigned short, (unsigned)127>::write_payload(telemetry::TransmitPacketInterface&) 0x00009337   Thumb Code    36  main.o(t._ZN9telemetry16NumericArrayBaseItLj127EE13write_payloadERNS_23TransmitPacketInterfaceE)
    telemetry::NumericArrayBase<unsigned short, (unsigned)127>::set_from_packet(telemetry::ReceivePacketBuffer&) 0x0000935b   Thumb Code    44  main.o(t._ZN9telemetry16NumericArrayBaseItLj127EE15set_from_packetERNS_19ReceivePacketBufferE)
    telemetry::NumericArrayBase<unsigned short, (unsigned)127>::write_header_kvrs(telemetry::TransmitPacketInterface&) 0x00009387   Thumb Code   130  main.o(t._ZN9telemetry16NumericArrayBaseItLj127EE17write_header_kvrsERNS_23TransmitPacketInterfaceE)
    telemetry::NumericArrayBase<unsigned short, (unsigned)127>::get_payload_length() 0x00009409   Thumb Code     6  main.o(t._ZN9telemetry16NumericArrayBaseItLj127EE18get_payload_lengthEv)
    telemetry::NumericArrayBase<unsigned short, (unsigned)127>::get_header_kvrs_length() 0x0000940f   Thumb Code    14  main.o(t._ZN9telemetry16NumericArrayBaseItLj127EE22get_header_kvrs_lengthEv)
    telemetry::NumericArrayBase<unsigned short, (unsigned)127>::NumericArrayBase__sub_object(telemetry::Telemetry&, const char*, const char*, const char*, unsigned short) 0x0000941d   Thumb Code    82  main.o(t._ZN9telemetry16NumericArrayBaseItLj127EEC2ERNS_9TelemetryEPKcS5_S5_t)
    telemetry::NumericArrayBase<unsigned short, (unsigned)128>::get_data_type() 0x00009475   Thumb Code     6  main.o(t._ZN9telemetry16NumericArrayBaseItLj128EE13get_data_typeEv)
    telemetry::NumericArrayBase<unsigned short, (unsigned)128>::write_payload(telemetry::TransmitPacketInterface&) 0x0000947b   Thumb Code    36  main.o(t._ZN9telemetry16NumericArrayBaseItLj128EE13write_payloadERNS_23TransmitPacketInterfaceE)
    telemetry::NumericArrayBase<unsigned short, (unsigned)128>::set_from_packet(telemetry::ReceivePacketBuffer&) 0x0000949f   Thumb Code    44  main.o(t._ZN9telemetry16NumericArrayBaseItLj128EE15set_from_packetERNS_19ReceivePacketBufferE)
    telemetry::NumericArrayBase<unsigned short, (unsigned)128>::write_header_kvrs(telemetry::TransmitPacketInterface&) 0x000094cb   Thumb Code   130  main.o(t._ZN9telemetry16NumericArrayBaseItLj128EE17write_header_kvrsERNS_23TransmitPacketInterfaceE)
    telemetry::NumericArrayBase<unsigned short, (unsigned)128>::get_payload_length() 0x0000954d   Thumb Code     8  main.o(t._ZN9telemetry16NumericArrayBaseItLj128EE18get_payload_lengthEv)
    telemetry::NumericArrayBase<unsigned short, (unsigned)128>::get_header_kvrs_length() 0x00009555   Thumb Code    14  main.o(t._ZN9telemetry16NumericArrayBaseItLj128EE22get_header_kvrs_lengthEv)
    telemetry::NumericArrayBase<unsigned short, (unsigned)128>::NumericArrayBase__sub_object(telemetry::Telemetry&, const char*, const char*, const char*, unsigned short) 0x00009565   Thumb Code    82  main.o(t._ZN9telemetry16NumericArrayBaseItLj128EEC2ERNS_9TelemetryEPKcS5_S5_t)
    telemetry::NumericArrayBase<unsigned short, (unsigned)128>::operator [](int) 0x000095bd   Thumb Code    10  main.o(t._ZN9telemetry16NumericArrayBaseItLj128EEixEi)
    telemetry::NumericArrayAccessor<unsigned short, (unsigned)128>::operator =(unsigned short) 0x000095c7   Thumb Code    50  main.o(t._ZN9telemetry20NumericArrayAccessorItLj128EEaSEt)
    telemetry::Numeric<unsigned>::get_data_type() 0x000095f9   Thumb Code     6  main.o(t._ZN9telemetry7NumericIjE13get_data_typeEv)
    telemetry::Numeric<unsigned>::write_payload(telemetry::TransmitPacketInterface&) 0x000095ff   Thumb Code    18  main.o(t._ZN9telemetry7NumericIjE13write_payloadERNS_23TransmitPacketInterfaceE)
    telemetry::Numeric<unsigned>::set_from_packet(telemetry::ReceivePacketBuffer&) 0x00009611   Thumb Code    26  main.o(t._ZN9telemetry7NumericIjE15set_from_packetERNS_19ReceivePacketBufferE)
    telemetry::Numeric<unsigned>::write_header_kvrs(telemetry::TransmitPacketInterface&) 0x0000962b   Thumb Code    96  main.o(t._ZN9telemetry7NumericIjE17write_header_kvrsERNS_23TransmitPacketInterfaceE)
    telemetry::Numeric<unsigned>::get_payload_length() 0x0000968b   Thumb Code     6  main.o(t._ZN9telemetry7NumericIjE18get_payload_lengthEv)
    telemetry::Numeric<unsigned>::get_header_kvrs_length() 0x00009691   Thumb Code    14  main.o(t._ZN9telemetry7NumericIjE22get_header_kvrs_lengthEv)
    __aeabi_fadd                             0x000096a1   Thumb Code     0  faddsub.o(x$fpl$fadd)
    _fadd                                    0x000096a1   Thumb Code   134  faddsub.o(x$fpl$fadd)
    __aeabi_cfcmple                          0x0000972d   Thumb Code     0  flef.o(x$fpl$fleqf)
    _fcmple                                  0x0000972d   Thumb Code    78  flef.o(x$fpl$fleqf)
    __aeabi_fmul                             0x00009781   Thumb Code     0  fmul.o(x$fpl$fmul)
    _fmul                                    0x00009781   Thumb Code   172  fmul.o(x$fpl$fmul)
    __aeabi_cfrcmple                         0x00009831   Thumb Code     0  frlef.o(x$fpl$frleqf)
    _frcmple                                 0x00009831   Thumb Code    84  frlef.o(x$fpl$frleqf)
    __aeabi_fsub                             0x00009889   Thumb Code     0  faddsub.o(x$fpl$fsub)
    _fsub                                    0x00009889   Thumb Code   204  faddsub.o(x$fpl$fsub)
    _printf_fp_dec                           0x00009959   Thumb Code    16  printf1.o(x$fpl$printf1)
    __I$use$fp                               0x00009968   Number         0  usenofp.o(x$fpl$usenofp)
    os_maxtaskrun                            0x00009968   Data           2  rtx_conf_cm.o(.constdata)
    os_rrobin                                0x0000996c   Data           4  rtx_conf_cm.o(.constdata)
    os_trv                                   0x00009970   Data           4  rtx_conf_cm.o(.constdata)
    os_flags                                 0x00009974   Data           1  rtx_conf_cm.o(.constdata)
    os_clockrate                             0x00009978   Data           4  rtx_conf_cm.o(.constdata)
    os_timernum                              0x0000997c   Data           4  rtx_conf_cm.o(.constdata)
    idle_task_stack_size                     0x00009980   Data           2  rtx_conf_cm.o(.constdata)
    os_fifo_size                             0x00009982   Data           1  rtx_conf_cm.o(.constdata)
    __stdin_name                             0x00009985   Data           7  retarget.o(.constdata)
    __stdout_name                            0x0000998c   Data           8  retarget.o(.constdata)
    __stderr_name                            0x00009994   Data           8  retarget.o(.constdata)
    vtable for AjK::MODSERIAL                0x00009e14   Data          68  modserial.o(.constdata__ZTVN3AjK9MODSERIALE)
    vtable for mbed::FileHandle              0x00009e58   Data          44  retarget.o(.constdata__ZTVN4mbed10FileHandleE)
    vtable for mbed::TimerEvent              0x00009e84   Data          20  TimerEvent.o(.constdata__ZTVN4mbed10TimerEventE)
    vtable for mbed::Serial                  0x00009e98   Data          68  Serial.o(.constdata__ZTVN4mbed6SerialE)
    vtable for mbed::Stream                  0x00009edc   Data          68  Stream.o(.constdata__ZTVN4mbed6StreamE)
    vtable for mbed::Ticker                  0x00009f20   Data          20  Ticker.o(.constdata__ZTVN4mbed6TickerE)
    vtable for mbed::FileBase                0x00009f34   Data          16  FileBase.o(.constdata__ZTVN4mbed8FileBaseE)
    vtable for mbed::FileLike                0x00009f44   Data          60  FileLike.o(.constdata__ZTVN4mbed8FileLikeE)
    vtable for rtos::Thread                  0x00009f80   Data          16  thread.o(.constdata__ZTVN4rtos6ThreadE)
    vtable for telemetry::HalInterface       0x00009f90   Data          36  main.o(.constdata__ZTVN9telemetry12HalInterfaceE)
    vtable for telemetry::NumericArray<unsigned short, (unsigned)127> 0x00009fb4   Data          52  main.o(.constdata__ZTVN9telemetry12NumericArrayItLj127EEE)
    vtable for telemetry::NumericArray<unsigned short, (unsigned)128> 0x00009fe8   Data          52  main.o(.constdata__ZTVN9telemetry12NumericArrayItLj128EEE)
    vtable for telemetry::NumericArrayBase<unsigned short, (unsigned)127> 0x0000a01c   Data          52  main.o(.constdata__ZTVN9telemetry16NumericArrayBaseItLj127EEE)
    vtable for telemetry::NumericArrayBase<unsigned short, (unsigned)128> 0x0000a050   Data          52  main.o(.constdata__ZTVN9telemetry16NumericArrayBaseItLj128EEE)
    vtable for telemetry::TransmitPacketInterface 0x0000a084   Data          40  telemetry.o(.constdata__ZTVN9telemetry23TransmitPacketInterfaceE)
    vtable for telemetry::FixedLengthTransmitPacket 0x0000a0ac   Data          40  telemetry.o(.constdata__ZTVN9telemetry25FixedLengthTransmitPacketE)
    vtable for telemetry::Data               0x0000a0d4   Data          40  telemetry-data.o(.constdata__ZTVN9telemetry4DataE)
    vtable for telemetry::MbedHal            0x0000a0fc   Data          36  telemetry-mbed-hal.o(.constdata__ZTVN9telemetry7MbedHalE)
    vtable for telemetry::Numeric<unsigned>  0x0000a120   Data          40  main.o(.constdata__ZTVN9telemetry7NumericIjEE)
    Region$$Table$$Base                      0x0000a208   Number         0  anon$$obj.o(Region$$Table)
    Region$$Table$$Limit                     0x0000a228   Number         0  anon$$obj.o(Region$$Table)
    __ctype                                  0x0000a251   Data           0  lc_ctype_c.o(locale$$data)
    SHT$$INIT_ARRAY$$Base                    0x0000a354   Number         0  main.o(.init_array)
    SHT$$INIT_ARRAY$$Limit                   0x0000a358   Number         0  init_aeabi.o(.init_array)
    camera1                                  0x1ffff0c8   Data           1  main.o(.data)
    target_velocity                          0x1ffff0cc   Data           4  main.o(.data)
    motor_pwm                                0x1ffff0d0   Data           4  main.o(.data)
    midpoint                                 0x1ffff0d4   Data           4  main.o(.data)
    min_index_hold                           0x1ffff0d8   Data           4  main.o(.data)
    max_index_hold                           0x1ffff0dc   Data           4  main.o(.data)
    min_value_hold                           0x1ffff0e0   Data           4  main.o(.data)
    max_value_hold                           0x1ffff0e4   Data           4  main.o(.data)
    left_edge_hold                           0x1ffff0e8   Data           1  main.o(.data)
    right_edge_hold                          0x1ffff0e9   Data           1  main.o(.data)
    exposure                                 0x1ffff0ec   Data           4  main.o(.data)
    camera_normalization                     0x1ffff0f0   Data         512  main.o(.data)
    current_velocity                         0x1ffff2f0   Data           4  main.o(.data)
    buffer_pointer                           0x1ffff2f4   Data           4  main.o(.data)
    PERIOD                                   0x1ffff2f8   Data           4  main.o(.data)
    os_initialized                           0x1ffff2fc   Data           1  rt_cmsis.o(.data)
    os_running                               0x1ffff2fd   Data           1  rt_cmsis.o(.data)
    os_timer_head                            0x1ffff300   Data           4  rt_cmsis.o(.data)
    os_robin                                 0x1ffff304   Data           8  rt_robin.o(.data)
    os_tick_irqn                             0x1ffff30c   Data           4  rt_system.o(.data)
    os_tsk                                   0x1ffff314   Data           8  rt_task.o(.data)
    os_thread_def_osTimerThread              0x1ffff31c   Data         160  rtx_conf_cm.o(.data)
    osThreadId_osTimerThread                 0x1ffff3bc   Data           4  rtx_conf_cm.o(.data)
    os_messageQ_def_osTimerMessageQ          0x1ffff3c0   Data           8  rtx_conf_cm.o(.data)
    osMessageQId_osTimerMessageQ             0x1ffff3c8   Data           4  rtx_conf_cm.o(.data)
    os_thread_def_main                       0x1ffff3d0   Data         160  rtx_conf_cm.o(.data)
    os_time                                  0x1ffff470   Data           4  rt_time.o(.data)
    SystemCoreClock                          0x1ffff494   Data           4  system_MKL25Z4.o(.data)
    stdio_uart_inited                        0x1ffff49c   Data           4  serial_api.o(.data)
    stdio_uart                               0x1ffff4a4   Data           8  serial_api.o(.data)
    mbed::FileBase::_head                    0x1ffff4c4   Data           4  FileBase.o(.data)
    __aeabi_stdin                            0x1ffff4c8   Data           4  stdio_streams.o(.data)
    __aeabi_stdout                           0x1ffff4cc   Data           4  stdio_streams.o(.data)
    __aeabi_stderr                           0x1ffff4d0   Data           4  stdio_streams.o(.data)
    _stream_list_lock                        0x1ffff4d4   Data           4  streamlock.o(.data)
    telemetry_serial                         0x1ffff4d8   Data         256  main.o(.bss)
    led_green                                0x1ffff5d8   Data          24  main.o(.bss)
    led_red                                  0x1ffff5f0   Data          24  main.o(.bss)
    led_blue                                 0x1ffff608   Data          24  main.o(.bss)
    flipper                                  0x1ffff620   Data          48  main.o(.bss)
    servo                                    0x1ffff650   Data          12  main.o(.bss)
    motor_left                               0x1ffff65c   Data          12  main.o(.bss)
    brake_left                               0x1ffff668   Data          12  main.o(.bss)
    motor_right                              0x1ffff674   Data          12  main.o(.bss)
    brake_right                              0x1ffff680   Data          12  main.o(.bss)
    CLK                                      0x1ffff68c   Data          24  main.o(.bss)
    SI                                       0x1ffff6a4   Data          24  main.o(.bss)
    encoder                                  0x1ffff6bc   Data          24  main.o(.bss)
    linescan_buffer                          0x1ffff6d4   Data         256  main.o(.bss)
    track_buffer                             0x1ffff7d4   Data         256  main.o(.bss)
    low_pass_filter                          0x1ffff8d4   Data         256  main.o(.bss)
    high_pass_filter                         0x1ffff9d4   Data         254  main.o(.bss)
    normalized_buffer                        0x1ffffad2   Data         256  main.o(.bss)
    os_rdy                                   0x1ffffbd4   Data          24  rt_list.o(.bss)
    os_dly                                   0x1ffffbec   Data          24  rt_list.o(.bss)
    os_idle_TCB                              0x1ffffc04   Data         144  rt_task.o(.bss)
    idle_task_stack                          0x1ffffc94   Data         512  rtx_conf_cm.o(.bss)
    os_fifo                                  0x1ffffe94   Data         132  rtx_conf_cm.o(.bss)
    os_active_TCB                            0x1fffff18   Data          28  rtx_conf_cm.o(.bss)
    os_thread_def_stack_osTimerThread        0x1fffff34   Data        2048  rtx_conf_cm.o(.bss)
    os_messageQ_q_osTimerMessageQ            0x20000734   Data          32  rtx_conf_cm.o(.bss)
    __libspace_start                         0x20000830   Data          96  libspace.o(.bss)
    __stdin                                  0x20000890   Data          84  stdio_streams.o(.bss)
    __temporary_stack_top$libspace           0x20000890   Data           0  libspace.o(.bss)
    __stdout                                 0x200008e4   Data          84  stdio_streams.o(.bss)
    __stderr                                 0x20000938   Data          84  stdio_streams.o(.bss)
    Image$$RW_IRAM1$$ZI$$Limit               0x2000098c   Number         0  anon$$obj.o ABSOLUTE



==============================================================================

Memory Map of the image

  Image Entry point : 0x000000c1

  Load Region LR_IROM1 (Base: 0x00000000, Size: 0x0000a770, Max: 0x00020000, ABSOLUTE, COMPRESSED[0x0000a440])

    Execution Region ER_IROM1 (Base: 0x00000000, Size: 0x0000a358, Max: 0x00020000, ABSOLUTE)

    Base Addr    Size         Type   Attr      Idx    E Section Name        Object

    0x00000000   0x000000c0   Data   RO         1925    RESET               startup_MKL25Z4.o
    0x000000c0   0x00000008   Code   RO         2796  * !!!main             c_p.l(__main.o)
    0x000000c8   0x0000003c   Code   RO         3503    !!!scatter          c_p.l(__scatter.o)
    0x00000104   0x0000001c   Code   RO         3505    !!handler_zi        c_p.l(__scatter_zi.o)
    0x00000120   0x00000002   Code   RO         2725    .ARM.Collect$$_printf_percent$$00000000  c_p.l(_printf_percent.o)
    0x00000122   0x0000000a   Code   RO         3033    .ARM.Collect$$_printf_percent$$00000001  c_p.l(_printf_n.o)
    0x0000012c   0x0000000a   Code   RO         2723    .ARM.Collect$$_printf_percent$$00000002  c_p.l(_printf_p.o)
    0x00000136   0x0000000a   Code   RO         3038    .ARM.Collect$$_printf_percent$$00000003  c_p.l(_printf_f.o)
    0x00000140   0x0000000a   Code   RO         3039    .ARM.Collect$$_printf_percent$$00000004  c_p.l(_printf_e.o)
    0x0000014a   0x0000000a   Code   RO         3040    .ARM.Collect$$_printf_percent$$00000005  c_p.l(_printf_g.o)
    0x00000154   0x0000000a   Code   RO         3041    .ARM.Collect$$_printf_percent$$00000006  c_p.l(_printf_a.o)
    0x0000015e   0x0000000a   Code   RO         3046    .ARM.Collect$$_printf_percent$$00000007  c_p.l(_printf_ll.o)
    0x00000168   0x0000000a   Code   RO         3036    .ARM.Collect$$_printf_percent$$00000008  c_p.l(_printf_i.o)
    0x00000172   0x0000000a   Code   RO         2724    .ARM.Collect$$_printf_percent$$00000009  c_p.l(_printf_d.o)
    0x0000017c   0x0000000a   Code   RO         3037    .ARM.Collect$$_printf_percent$$0000000A  c_p.l(_printf_u.o)
    0x00000186   0x0000000a   Code   RO         3035    .ARM.Collect$$_printf_percent$$0000000B  c_p.l(_printf_o.o)
    0x00000190   0x0000000a   Code   RO         3034    .ARM.Collect$$_printf_percent$$0000000C  c_p.l(_printf_x.o)
    0x0000019a   0x0000000a   Code   RO         3043    .ARM.Collect$$_printf_percent$$0000000D  c_p.l(_printf_lli.o)
    0x000001a4   0x0000000a   Code   RO         3044    .ARM.Collect$$_printf_percent$$0000000E  c_p.l(_printf_lld.o)
    0x000001ae   0x0000000a   Code   RO         3045    .ARM.Collect$$_printf_percent$$0000000F  c_p.l(_printf_llu.o)
    0x000001b8   0x0000000a   Code   RO         3050    .ARM.Collect$$_printf_percent$$00000010  c_p.l(_printf_llo.o)
    0x000001c2   0x0000000a   Code   RO         3051    .ARM.Collect$$_printf_percent$$00000011  c_p.l(_printf_llx.o)
    0x000001cc   0x0000000a   Code   RO         3047    .ARM.Collect$$_printf_percent$$00000012  c_p.l(_printf_l.o)
    0x000001d6   0x0000000a   Code   RO         3032    .ARM.Collect$$_printf_percent$$00000013  c_p.l(_printf_c.o)
    0x000001e0   0x0000000a   Code   RO         2722    .ARM.Collect$$_printf_percent$$00000014  c_p.l(_printf_s.o)
    0x000001ea   0x0000000a   Code   RO         3048    .ARM.Collect$$_printf_percent$$00000015  c_p.l(_printf_lc.o)
    0x000001f4   0x0000000a   Code   RO         3049    .ARM.Collect$$_printf_percent$$00000016  c_p.l(_printf_ls.o)
    0x000001fe   0x00000004   Code   RO         3042    .ARM.Collect$$_printf_percent$$00000017  c_p.l(_printf_percent_end.o)
    0x00000202   0x00000002   Code   RO         2795    .ARM.Collect$$libinit$$00000000  c_p.l(libinit.o)
    0x00000204   0x00000000   Code   RO         3096    .ARM.Collect$$libinit$$00000002  c_p.l(libinit2.o)
    0x00000204   0x00000000   Code   RO         3098    .ARM.Collect$$libinit$$00000004  c_p.l(libinit2.o)
    0x00000204   0x00000008   Code   RO         3099    .ARM.Collect$$libinit$$00000005  c_p.l(libinit2.o)
    0x0000020c   0x00000000   Code   RO         3101    .ARM.Collect$$libinit$$0000000A  c_p.l(libinit2.o)
    0x0000020c   0x00000000   Code   RO         3103    .ARM.Collect$$libinit$$0000000C  c_p.l(libinit2.o)
    0x0000020c   0x00000000   Code   RO         3105    .ARM.Collect$$libinit$$0000000E  c_p.l(libinit2.o)
    0x0000020c   0x00000006   Code   RO         3106    .ARM.Collect$$libinit$$0000000F  c_p.l(libinit2.o)
    0x00000212   0x00000000   Code   RO         3108    .ARM.Collect$$libinit$$00000011  c_p.l(libinit2.o)
    0x00000212   0x0000000c   Code   RO         3109    .ARM.Collect$$libinit$$00000012  c_p.l(libinit2.o)
    0x0000021e   0x00000000   Code   RO         3110    .ARM.Collect$$libinit$$00000013  c_p.l(libinit2.o)
    0x0000021e   0x00000000   Code   RO         3112    .ARM.Collect$$libinit$$00000015  c_p.l(libinit2.o)
    0x0000021e   0x0000000a   Code   RO         3113    .ARM.Collect$$libinit$$00000016  c_p.l(libinit2.o)
    0x00000228   0x00000000   Code   RO         3114    .ARM.Collect$$libinit$$00000017  c_p.l(libinit2.o)
    0x00000228   0x00000000   Code   RO         3116    .ARM.Collect$$libinit$$00000019  c_p.l(libinit2.o)
    0x00000228   0x00000000   Code   RO         3118    .ARM.Collect$$libinit$$0000001B  c_p.l(libinit2.o)
    0x00000228   0x00000000   Code   RO         3120    .ARM.Collect$$libinit$$0000001D  c_p.l(libinit2.o)
    0x00000228   0x00000000   Code   RO         3122    .ARM.Collect$$libinit$$0000001F  c_p.l(libinit2.o)
    0x00000228   0x00000000   Code   RO         3124    .ARM.Collect$$libinit$$00000021  c_p.l(libinit2.o)
    0x00000228   0x00000000   Code   RO         3126    .ARM.Collect$$libinit$$00000023  c_p.l(libinit2.o)
    0x00000228   0x00000004   Code   RO         3127    .ARM.Collect$$libinit$$00000024  c_p.l(libinit2.o)
    0x0000022c   0x00000000   Code   RO         3128    .ARM.Collect$$libinit$$00000025  c_p.l(libinit2.o)
    0x0000022c   0x00000000   Code   RO         3132    .ARM.Collect$$libinit$$0000002C  c_p.l(libinit2.o)
    0x0000022c   0x00000000   Code   RO         3134    .ARM.Collect$$libinit$$0000002E  c_p.l(libinit2.o)
    0x0000022c   0x00000000   Code   RO         3136    .ARM.Collect$$libinit$$00000030  c_p.l(libinit2.o)
    0x0000022c   0x00000004   Code   RO         3137    .ARM.Collect$$libinit$$00000031  c_p.l(libinit2.o)
    0x00000230   0x00000000   Code   RO         3138    .ARM.Collect$$libinit$$00000032  c_p.l(libinit2.o)
    0x00000230   0x00000002   Code   RO         3139    .ARM.Collect$$libinit$$00000033  c_p.l(libinit2.o)
    0x00000232   0x00000006   Code   RO         3140    .ARM.Collect$$libshutdown$$00000001  c_p.l(libshutdown2.o)
    0x00000238   0x00000000   Code   RO         3142    .ARM.Collect$$libshutdown$$00000003  c_p.l(libshutdown2.o)
    0x00000238   0x00000164   Code   RO          645    .emb_text           hal_cm0.o
    0x0000039c   0x00000028   Code   RO          914    .emb_text           rtx_conf_cm.o
    0x000003c4   0x00000038   Code   RO         2779    .emb_text           c_p.l(rt_memcpy.o)
    0x000003fc   0x00000000   Code   RO         3209    .emb_text           c_p.l(maybetermalloc1.o)
    0x000003fc   0x00000004   Code   RO         2985    .text               c_p.l(hguard.o)
    0x00000400   0x00000010   Code   RO         1926    .ARM.__at_0x400     startup_MKL25Z4.o
    0x00000410   0x00000fe0   Code   RO            3    .text               main.o
    0x000013f0   0x0000006c   Code   RO          681    .text               hal_cm.o
    0x0000145c   0x00001368   Code   RO          709    .text               rt_cmsis.o
    0x000027c4   0x00000184   Code   RO          766    .text               rt_event.o
    0x00002948   0x00000294   Code   RO          778    .text               rt_list.o
    0x00002bdc   0x00000304   Code   RO          800    .text               rt_mailbox.o
    0x00002ee0   0x000001e8   Code   RO          812    .text               rt_mutex.o
    0x000030c8   0x000000ca   Code   RO          824    .text               rt_membox.o
    0x00003192   0x00000002   PAD
    0x00003194   0x0000006c   Code   RO          836    .text               rt_robin.o
    0x00003200   0x000002f8   Code   RO          852    .text               rt_system.o
    0x000034f8   0x00000150   Code   RO          876    .text               rt_semaphore.o
    0x00003648   0x0000035c   Code   RO          888    .text               rt_task.o
    0x000039a4   0x000000c8   Code   RO          915    .text               rtx_conf_cm.o
    0x00003a6c   0x00000068   Code   RO          995    .text               rt_time.o
    0x00003ad4   0x0000012c   Code   RO         1125    .text               thread.o
    0x00003c00   0x00000098   Code   RO         1332    .text               getc.o
    0x00003c98   0x00000110   Code   RO         1365    .text               init.o
    0x00003da8   0x000000fc   Code   RO         1441    .text               isr_rx.o
    0x00003ea4   0x000000b6   Code   RO         1510    .text               isr_tx.o
    0x00003f5a   0x000000dc   Code   RO         1543    .text               putc.o
    0x00004036   0x00000002   PAD
    0x00004038   0x0000005c   Code   RO         1611    .text               modserial_kl25z.o
    0x00004094   0x0000025c   Code   RO         1687    .text               modserial.o
    0x000042f0   0x0000089c   Code   RO         1752    .text               telemetry.o
    0x00004b8c   0x00000126   Code   RO         1813    .text               telemetry-data.o
    0x00004cb2   0x00000002   PAD
    0x00004cb4   0x00000058   Code   RO         1850    .text               telemetry-mbed-hal.o
    0x00004d0c   0x0000001c   Code   RO         1927    .text               startup_MKL25Z4.o
    0x00004d28   0x00000008   Code   RO         2600    .text               c_p.l(libspace.o)
    0x00004d30   0x0000009a   Code   RO         2611    .text               c_p.l(h1_alloc_mt.o)
    0x00004dca   0x00000074   Code   RO         2613    .text               c_p.l(h1_free_mt.o)
    0x00004e3e   0x0000000e   Code   RO         2665    .text               c_p.l(c89vfprintf.o)
    0x00004e4c   0x00000016   Code   RO         2667    .text               c_p.l(__2fprintf.o)
    0x00004e62   0x00000002   PAD
    0x00004e64   0x0000002c   Code   RO         2669    .text               c_p.l(__2sprintf.o)
    0x00004e90   0x00000052   Code   RO         2677    .text               c_p.l(_printf_str.o)
    0x00004ee2   0x00000002   PAD
    0x00004ee4   0x0000006c   Code   RO         2679    .text               c_p.l(_printf_dec.o)
    0x00004f50   0x00000098   Code   RO         2699    .text               c_p.l(_printf_hex_int_ll_ptr.o)
    0x00004fe8   0x00000188   Code   RO         2719    .text               c_p.l(__printf_flags_ss_wp.o)
    0x00005170   0x00000040   Code   RO         2728    .text               c_p.l(__0sscanf.o)
    0x000051b0   0x0000014a   Code   RO         2730    .text               c_p.l(_scanf_int.o)
    0x000052fa   0x0000001a   Code   RO         2750    .text               c_p.l(setbuf.o)
    0x00005314   0x0000004c   Code   RO         2758    .text               c_p.l(fclose.o)
    0x00005360   0x00000024   Code   RO         2762    .text               c_p.l(fputc_locked.o)
    0x00005384   0x00000034   Code   RO         2764    .text               c_p.l(fclose_locked.o)
    0x000053b8   0x0000008c   Code   RO         2766    .text               c_p.l(fflush_locked.o)
    0x00005444   0x0000006c   Code   RO         2768    .text               c_p.l(setvbuf_locked.o)
    0x000054b0   0x00000140   Code   RO         2770    .text               c_p.l(fopen_locked.o)
    0x000055f0   0x00000044   Code   RO         2775    .text               c_p.l(strlen.o)
    0x00005634   0x000000a0   Code   RO         2777    .text               c_p.l(strncmp.o)
    0x000056d4   0x00000082   Code   RO         2780    .text               c_p.l(rt_memcpy.o)
    0x00005756   0x00000040   Code   RO         2783    .text               c_p.l(rt_memclr.o)
    0x00005796   0x00000002   PAD
    0x00005798   0x00000088   Code   RO         2787    .text               c_p.l(strcmp.o)
    0x00005820   0x0000015a   Code   RO         2789    .text               c_p.l(aeabi_sdiv.o)
    0x0000597a   0x00000006   Code   RO         2793    .text               c_p.l(heapauxi.o)
    0x00005980   0x00000024   Code   RO         2801    .text               c_p.l(init_aeabi.o)
    0x000059a4   0x0000007c   Code   RO         2933    .text               fz_ps.l(d2f.o)
    0x00005a20   0x00000054   Code   RO         2935    .text               fz_ps.l(f2d.o)
    0x00005a74   0x00000160   Code   RO         2943    .text               fz_ps.l(fdiv.o)
    0x00005bd4   0x0000004c   Code   RO         2946    .text               fz_ps.l(ffixi.o)
    0x00005c20   0x00000030   Code   RO         2948    .text               fz_ps.l(ffixui.o)
    0x00005c50   0x0000005e   Code   RO         2950    .text               fz_ps.l(fflti.o)
    0x00005cae   0x00000002   PAD
    0x00005cb0   0x00000044   Code   RO         2958    .text               fz_ps.l(fscalbn.o)
    0x00005cf4   0x0000000a   Code   RO         2969    .text               c_p.l(rt_heap_descriptor_twolibspace.o)
    0x00005cfe   0x0000000a   Code   RO         2976    .text               c_p.l(rt_new_handler_addr_twolibspace.o)
    0x00005d08   0x0000000a   Code   RO         2983    .text               c_p.l(rt_ddtor_pointer_addr_twolibspace.o)
    0x00005d12   0x00000088   Code   RO         2987    .text               c_p.l(init_alloc.o)
    0x00005d9a   0x00000016   Code   RO         2993    .text               c_p.l(h1_init_mt.o)
    0x00005db0   0x0000004e   Code   RO         3005    .text               c_p.l(_printf_pad.o)
    0x00005dfe   0x00000024   Code   RO         3007    .text               c_p.l(_printf_truncate.o)
    0x00005e22   0x000000b0   Code   RO         3009    .text               c_p.l(_printf_intcommon.o)
    0x00005ed2   0x00000026   Code   RO         3011    .text               c_p.l(_printf_charcount.o)
    0x00005ef8   0x00000030   Code   RO         3013    .text               c_p.l(_printf_char_common.o)
    0x00005f28   0x0000000a   Code   RO         3015    .text               c_p.l(_sputc.o)
    0x00005f32   0x0000002e   Code   RO         3017    .text               c_p.l(_printf_char.o)
    0x00005f60   0x000000bc   Code   RO         3021    .text               c_p.l(_printf_wctomb.o)
    0x0000601c   0x00000070   Code   RO         3024    .text               c_p.l(_printf_longlong_dec.o)
    0x0000608c   0x00000070   Code   RO         3030    .text               c_p.l(_printf_oct_int_ll.o)
    0x000060fc   0x0000001e   Code   RO         3052    .text               c_p.l(_chval.o)
    0x0000611a   0x00000002   PAD
    0x0000611c   0x00000030   Code   RO         3058    .text               c_p.l(scanf_char.o)
    0x0000614c   0x00000044   Code   RO         3060    .text               c_p.l(_sgetc.o)
    0x00006190   0x000001f0   Code   RO         3074    .text               c_p.l(flsbuf.o)
    0x00006380   0x000000f4   Code   RO         3076    .text               c_p.l(fseek.o)
    0x00006474   0x000000f0   Code   RO         3078    .text               c_p.l(stdio.o)
    0x00006564   0x000001cc   Code   RO         3085    .text               c_p.l(initio_locked.o)
    0x00006730   0x0000000c   Code   RO         3087    .text               c_p.l(defsig_pvfn_outer.o)
    0x0000673c   0x00000028   Code   RO         3091    .text               c_p.l(rtudiv10.o)
    0x00006764   0x00000008   Code   RO         3164    .text               cpprt_p.l(arm_newhandler_noexceptions.o)
    0x0000676c   0x00000064   Code   RO         3196    .text               fz_ps.l(fcmpin.o)
    0x000067d0   0x00000036   Code   RO         3213    .text               c_p.l(h1_extend_mt.o)
    0x00006806   0x0000007a   Code   RO         3217    .text               c_p.l(lludiv10.o)
    0x00006880   0x00000012   Code   RO         3219    .text               c_p.l(isspace.o)
    0x00006892   0x00000002   PAD
    0x00006894   0x00000414   Code   RO         3221    .text               c_p.l(_printf_fp_dec.o)
    0x00006ca8   0x0000003c   Code   RO         3225    .text               c_p.l(_printf_char_file_locked.o)
    0x00006ce4   0x0000002e   Code   RO         3227    .text               c_p.l(_printf_wchar.o)
    0x00006d12   0x00000002   PAD
    0x00006d14   0x00000380   Code   RO         3229    .text               c_p.l(_scanf.o)
    0x00007094   0x00000042   Code   RO         3239    .text               c_p.l(ftell.o)
    0x000070d6   0x00000040   Code   RO         3265    .text               c_p.l(_wcrtomb.o)
    0x00007116   0x0000000c   Code   RO         3267    .text               c_p.l(defsig_exit.o)
    0x00007122   0x0000000c   Code   RO         3269    .text               c_p.l(defsig_rtred_outer.o)
    0x0000712e   0x0000000c   Code   RO         3273    .text               c_p.l(defsig_rtmem_outer.o)
    0x0000713a   0x00000002   PAD
    0x0000713c   0x00000030   Code   RO         3277    .text               c_p.l(defsig_pvfn_inner.o)
    0x0000716c   0x0000001c   Code   RO         3308    .text               cpprt_p.l(arm_exceptions_terminate.o)
    0x00007188   0x00000054   Code   RO         3311    .text               cpprt_p.l(arm_exceptions_globs.o)
    0x000071dc   0x00000030   Code   RO         3314    .text               fz_ps.l(cmpret.o)
    0x0000720c   0x00000010   Code   RO         3316    .text               fz_ps.l(fnan2.o)
    0x0000721c   0x0000000c   Code   RO         3320    .text               c_p.l(sys_exit.o)
    0x00007228   0x00000010   Code   RO         3322    .text               c_p.l(rt_ctype_table.o)
    0x00007238   0x0000000a   Code   RO         3329    .text               c_p.l(rt_locale_twolibspace.o)
    0x00007242   0x0000000a   Code   RO         3336    .text               c_p.l(rt_eh_globals_addr_twolibspace.o)
    0x0000724c   0x00000008   Code   RO         3343    .text               c_p.l(rt_errno_addr_twolibspace.o)
    0x00007254   0x00000088   Code   RO         3347    .text               c_p.l(_printf_fp_infnan.o)
    0x000072dc   0x000000c8   Code   RO         3349    .text               c_p.l(bigflt0.o)
    0x000073a4   0x000004a8   Code   RO         3352    .text               c_p.l(btod.o)
    0x0000784c   0x00000010   Code   RO         3361    .text               c_p.l(abort.o)
    0x0000785c   0x00000034   Code   RO         3365    .text               c_p.l(defsig_general.o)
    0x00007890   0x00000034   Code   RO         3371    .text               c_p.l(defsig_rtred_inner.o)
    0x000078c4   0x00000050   Code   RO         3373    .text               c_p.l(defsig_rtmem_inner.o)
    0x00007914   0x00000042   Code   RO         3388    .text               cpprt_p.l(arm_exceptions_mem.o)
    0x00007956   0x0000005e   Code   RO         3396    .text               fz_ps.l(retnan.o)
    0x000079b4   0x0000000c   Code   RO         3412    .text               c_p.l(sys_wrch.o)
    0x000079c0   0x00000002   Code   RO         3414    .text               c_p.l(use_no_semi.o)
    0x000079c2   0x00000000   Code   RO         3416    .text               c_p.l(indicate_semi.o)
    0x000079c2   0x0000000c   Code   RO         3432    .text               c_p.l(defsig_abrt_outer.o)
    0x000079ce   0x00000002   PAD
    0x000079d0   0x00000030   Code   RO         3450    .text               c_p.l(defsig_abrt_inner.o)
    0x00007a00   0x00000056   Code   RO         3501    .text               c_p.l(__dczerorl2.o)
    0x00007a56   0x00000002   PAD
    0x00007a58   0x00000004   Code   RO         1157    SVC_TABLE           svc_table.o
    0x00007a5c   0x0000000c   Code   RO         1931    i.$Sub$$main        retarget.o
    0x00007a68   0x0000000a   Code   RO         2273    i.<Func1>           mbed.ar(SerialBase.o)
    0x00007a72   0x00000002   PAD
    0x00007a74   0x00000038   Code   RO         1909    i.NVIC_SetVector    cmsis_nvic.o
    0x00007aac   0x00000098   Code   RO         1917    i.SystemInit        system_MKL25Z4.o
    0x00007b44   0x00000020   Code   RO         1932    i._Z11init_serialv  retarget.o
    0x00007b64   0x00000006   Code   RO         1706    i._ZN3AjK18MODSERIAL_IRQ_INFOC1Ev  modserial.o
    0x00007b6a   0x0000005e   Code   RO         1457    i._ZN3AjK18MODSERIAL_callback4callEPNS_18MODSERIAL_IRQ_INFOE  isr_rx.o
    0x00007bc8   0x00000014   Code   RO         1712    i._ZN3AjK18MODSERIAL_callbackC1Ev  modserial.o
    0x00007bdc   0x00000012   Code   RO         1718    i._ZN3AjK9MODSERIAL5_putcEi  modserial.o
    0x00007bee   0x0000000e   Code   RO         1393    i._ZN3AjK9MODSERIAL6isr_txEv  init.o
    0x00007bfc   0x00000014   Code   RO           92    i._ZN4mbed10DigitalOutC1E7PinName  main.o
    0x00007c10   0x0000001e   Code   RO           32    i._ZN4mbed10DigitalOutaSEi  main.o
    0x00007c2e   0x0000003a   Code   RO         2028    i._ZN4mbed10FileHandle4flenEv  retarget.o
    0x00007c68   0x00000028   Code   RO         1934    i._ZN4mbed10FileHandleD2Ev  retarget.o
    0x00007c90   0x0000000c   Code   RO         2275    i._ZN4mbed10SerialBase10_base_putcEi  mbed.ar(SerialBase.o)
    0x00007c9c   0x00000010   Code   RO         2277    i._ZN4mbed10SerialBase12_irq_handlerEj9SerialIrq  mbed.ar(SerialBase.o)
    0x00007cac   0x0000000e   Code   RO         2278    i._ZN4mbed10SerialBase4baudEi  mbed.ar(SerialBase.o)
    0x00007cba   0x00000008   Code   RO         2280    i._ZN4mbed10SerialBase6formatEiNS0_6ParityEi  mbed.ar(SerialBase.o)
    0x00007cc2   0x00000002   PAD
    0x00007cc4   0x0000003c   Code   RO         2283    i._ZN4mbed10SerialBaseC1E7PinNameS1_  mbed.ar(SerialBase.o)
    0x00007d00   0x00000006   Code   RO         2425    i._ZN4mbed10TimerEvent3irqEj  mbed.ar(TimerEvent.o)
    0x00007d06   0x0000000c   Code   RO         2426    i._ZN4mbed10TimerEvent6insertEj  mbed.ar(TimerEvent.o)
    0x00007d12   0x00000002   PAD
    0x00007d14   0x0000001c   Code   RO         2428    i._ZN4mbed10TimerEventC2Ev  mbed.ar(TimerEvent.o)
    0x00007d30   0x00000018   Code   RO         2430    i._ZN4mbed10TimerEventD2Ev  mbed.ar(TimerEvent.o)
    0x00007d48   0x0000001a   Code   RO         2231    i._ZN4mbed15FunctionPointer4callEv  mbed.ar(FunctionPointer.o)
    0x00007d62   0x00000008   Code   RO         2233    i._ZN4mbed15FunctionPointerC1EPFvvE  mbed.ar(FunctionPointer.o)
    0x00007d6a   0x00000010   Code   RO         2396    i._ZN4mbed5Timer5resetEv  mbed.ar(Timer.o)
    0x00007d7a   0x00000010   Code   RO         2397    i._ZN4mbed5Timer5startEv  mbed.ar(Timer.o)
    0x00007d8a   0x00000010   Code   RO         2398    i._ZN4mbed5Timer7read_msEv  mbed.ar(Timer.o)
    0x00007d9a   0x0000000e   Code   RO         2399    i._ZN4mbed5Timer7read_usEv  mbed.ar(Timer.o)
    0x00007da8   0x00000014   Code   RO         2400    i._ZN4mbed5Timer9slicetimeEv  mbed.ar(Timer.o)
    0x00007dbc   0x0000000c   Code   RO         2401    i._ZN4mbed5TimerC1Ev  mbed.ar(Timer.o)
    0x00007dc8   0x00000010   Code   RO           62    i._ZN4mbed6PwmOut5writeEf  main.o
    0x00007dd8   0x00000010   Code   RO           86    i._ZN4mbed6PwmOut6periodEf  main.o
    0x00007de8   0x00000012   Code   RO           98    i._ZN4mbed6PwmOutC1E7PinName  main.o
    0x00007dfa   0x0000000a   Code   RO         2243    i._ZN4mbed6Serial5_putcEi  mbed.ar(Serial.o)
    0x00007e04   0x00000020   Code   RO         2244    i._ZN4mbed6SerialC1E7PinNameS1_PKc  mbed.ar(Serial.o)
    0x00007e24   0x00000004   Code   RO         2310    i._ZN4mbed6Stream4flenEv  mbed.ar(Stream.o)
    0x00007e28   0x00000016   Code   RO         2313    i._ZN4mbed6Stream4putcEi  mbed.ar(Stream.o)
    0x00007e3e   0x00000004   Code   RO         2316    i._ZN4mbed6Stream5closeEv  mbed.ar(Stream.o)
    0x00007e42   0x00000004   Code   RO         2318    i._ZN4mbed6Stream5lseekEli  mbed.ar(Stream.o)
    0x00007e46   0x00000024   Code   RO         2320    i._ZN4mbed6Stream5writeEPKvj  mbed.ar(Stream.o)
    0x00007e6a   0x00000004   Code   RO         2321    i._ZN4mbed6Stream6isattyEv  mbed.ar(Stream.o)
    0x00007e6e   0x00000020   Code   RO         2322    i._ZN4mbed6Stream6printfEPKcz  mbed.ar(Stream.o)
    0x00007e8e   0x00000002   PAD
    0x00007e90   0x0000003c   Code   RO         2323    i._ZN4mbed6StreamC2EPKc  mbed.ar(Stream.o)
    0x00007ecc   0x00000020   Code   RO         2325    i._ZN4mbed6StreamD2Ev  mbed.ar(Stream.o)
    0x00007eec   0x0000001a   Code   RO         2374    i._ZN4mbed6Ticker7handlerEv  mbed.ar(Ticker.o)
    0x00007f06   0x00000008   Code   RO         2384    i._ZN4mbed6TickerD1Ev  mbed.ar(Ticker.o)
    0x00007f0e   0x0000000e   Code   RO           68    i._ZN4mbed8AnalogIncvfEv  main.o
    0x00007f1c   0x00000004   Code   RO         2547    i._ZN4mbed8FileBase11getPathTypeEv  mbed.ar(FileBase.o)
    0x00007f20   0x0000003c   Code   RO         2549    i._ZN4mbed8FileBase6lookupEPKcj  mbed.ar(FileBase.o)
    0x00007f5c   0x00000024   Code   RO         2551    i._ZN4mbed8FileBaseC1EPKcNS_8PathTypeE  mbed.ar(FileBase.o)
    0x00007f80   0x00000030   Code   RO         2553    i._ZN4mbed8FileBaseD1Ev  mbed.ar(FileBase.o)
    0x00007fb0   0x00000020   Code   RO         2577    i._ZN4mbed8FileLikeC2EPKc  mbed.ar(FileLike.o)
    0x00007fd0   0x00000010   Code   RO         2579    i._ZN4mbed8FileLikeD2Ev  mbed.ar(FileLike.o)
    0x00007fe0   0x00000010   Code   RO         2148    i._ZN4mbed8FilePath10fileSystemEv  mbed.ar(FilePath.o)
    0x00007ff0   0x00000014   Code   RO         2149    i._ZN4mbed8FilePath12isFileSystemEv  mbed.ar(FilePath.o)
    0x00008004   0x00000016   Code   RO         2150    i._ZN4mbed8FilePath4fileEv  mbed.ar(FilePath.o)
    0x0000801a   0x0000000a   Code   RO         2151    i._ZN4mbed8FilePath6existsEv  mbed.ar(FilePath.o)
    0x00008024   0x00000018   Code   RO         2152    i._ZN4mbed8FilePath6isFileEv  mbed.ar(FilePath.o)
    0x0000803c   0x00000004   Code   RO         2153    i._ZN4mbed8FilePath8fileNameEv  mbed.ar(FilePath.o)
    0x00008040   0x00000042   Code   RO         2154    i._ZN4mbed8FilePathC1EPKc  mbed.ar(FilePath.o)
    0x00008082   0x0000001c   Code   RO           26    i._ZN4mbed9DigitalIncviEv  main.o
    0x0000809e   0x00000004   Code   RO         1767    i._ZN9telemetry25FixedLengthTransmitPacketD1Ev  telemetry.o
    0x000080a2   0x00000002   PAD
    0x000080a4   0x00000014   Code   RO           50    i._ZN9telemetry4DataC2EPKcS2_S2_  main.o
    0x000080b8   0x00000012   Code   RO         1770    i._ZN9telemetry9Telemetry8do_errorEPKc  telemetry.o
    0x000080ca   0x00000008   Code   RO         2804    i._ZdaPv            cpprt_p.l(array_del.o)
    0x000080d2   0x00000008   Code   RO         2811    i._ZdlPv            cpprt_p.l(delete.o)
    0x000080da   0x00000008   Code   RO         2807    i._Znaj             cpprt_p.l(array_new.o)
    0x000080e2   0x00000002   PAD
    0x000080e4   0x00000028   Code   RO         2814    i._Znwj             cpprt_p.l(new.o)
    0x0000810c   0x00000030   Code   RO         3354    i.__ARM_common_ll_muluu  c_p.l(btod.o)
    0x0000813c   0x0000001a   Code   RO         1923    i.__ARM_common_switch8  system_MKL25Z4.o
    0x00008156   0x00000002   PAD
    0x00008158   0x0000002c   Code   RO         3404    i.__ARM_fpclassify  m_ps.l(fpclassify.o)
    0x00008184   0x0000002c   Code   RO         2927    i.__aeabi_atexit    cpprt_p.l(aeabi_atexit.o)
    0x000081b0   0x00000022   Code   RO         2930    i.__aeabi_vec_ctor_nocookie_nodtor  cpprt_p.l(aeabi_vec_ctor_nocookie_nodtor.o)
    0x000081d2   0x00000042   Code   RO         3180    i.__cxa_finalize    cpprt_p.l(cxa_finalize.o)
    0x00008214   0x0000000a   Code   RO         2818    i.__cxa_pure_virtual  cpprt_p.l(pure_virt.o)
    0x0000821e   0x00000002   PAD
    0x00008220   0x00000010   Code   RO         1903    i.__user_setup_stackheap  sys.o
    0x00008230   0x0000000e   Code   RO         2712    i._is_digit         c_p.l(__printf_wp.o)
    0x0000823e   0x00000002   PAD
    0x00008240   0x0000002c   Code   RO         1935    i._sys_close        retarget.o
    0x0000826c   0x00000028   Code   RO         1938    i._sys_flen         retarget.o
    0x00008294   0x00000028   Code   RO         1939    i._sys_istty        retarget.o
    0x000082bc   0x00000100   Code   RO         1940    i._sys_open         retarget.o
    0x000083bc   0x00000028   Code   RO         1942    i._sys_seek         retarget.o
    0x000083e4   0x00000058   Code   RO         1943    i._sys_write        retarget.o
    0x0000843c   0x000000d8   Code   RO         2036    i.analogin_init     mbed.ar(analogin_api.o)
    0x00008514   0x00000018   Code   RO         2037    i.analogin_read     mbed.ar(analogin_api.o)
    0x0000852c   0x0000001c   Code   RO         2038    i.analogin_read_u16  mbed.ar(analogin_api.o)
    0x00008548   0x00000018   Code   RO         2136    i.exit              mbed.ar(exit.o)
    0x00008560   0x000000bc   Code   RO         2460    i.extosc_frequency  mbed.ar(us_ticker.o)
    0x0000861c   0x0000001e   Code   RO         2741    i.fputc             c_p.l(fputc.o)
    0x0000863a   0x0000001e   Code   RO         2047    i.gpio_dir          mbed.ar(gpio_api.o)
    0x00008658   0x00000050   Code   RO         2048    i.gpio_init         mbed.ar(gpio_api.o)
    0x000086a8   0x00000014   Code   RO         2050    i.gpio_set          mbed.ar(gpio_api.o)
    0x000086bc   0x00000010   Code   RO         2128    i.gpio_write        mbed.ar(board.o)
    0x000086cc   0x00000080   Code   RO         2461    i.lptmr_init        mbed.ar(us_ticker.o)
    0x0000874c   0x00000044   Code   RO         2462    i.lptmr_isr         mbed.ar(us_ticker.o)
    0x00008790   0x00000020   Code   RO         2463    i.lptmr_set         mbed.ar(us_ticker.o)
    0x000087b0   0x00000030   Code   RO         2129    i.mbed_die          mbed.ar(board.o)
    0x000087e0   0x00000008   Code   RO         2483    i.mbed_interface_connected  mbed.ar(mbed_interface.o)
    0x000087e8   0x00000002   Code   RO         1945    i.mbed_main         retarget.o
    0x000087ea   0x00000002   PAD
    0x000087ec   0x00000040   Code   RO         2452    i.pin_function      mbed.ar(pinmap.o)
    0x0000882c   0x00000018   Code   RO         2453    i.pin_mode          mbed.ar(pinmap.o)
    0x00008844   0x00000018   Code   RO         2503    i.pinmap_find_peripheral  mbed.ar(pinmap_common.o)
    0x0000885c   0x00000038   Code   RO         2504    i.pinmap_merge      mbed.ar(pinmap_common.o)
    0x00008894   0x00000048   Code   RO         2505    i.pinmap_peripheral  mbed.ar(pinmap_common.o)
    0x000088dc   0x00000050   Code   RO         2506    i.pinmap_pinout     mbed.ar(pinmap_common.o)
    0x0000892c   0x000000f8   Code   RO         2060    i.pwmout_init       mbed.ar(pwmout_api.o)
    0x00008a24   0x00000020   Code   RO         2061    i.pwmout_period     mbed.ar(pwmout_api.o)
    0x00008a44   0x0000000e   Code   RO         2062    i.pwmout_period_ms  mbed.ar(pwmout_api.o)
    0x00008a52   0x00000002   PAD
    0x00008a54   0x00000030   Code   RO         2063    i.pwmout_period_us  mbed.ar(pwmout_api.o)
    0x00008a84   0x00000038   Code   RO         2067    i.pwmout_read       mbed.ar(pwmout_api.o)
    0x00008abc   0x0000003c   Code   RO         2068    i.pwmout_write      mbed.ar(pwmout_api.o)
    0x00008af8   0x0000000c   Code   RO         2515    i.semihost_connected  mbed.ar(semihost_api.o)
    0x00008b04   0x0000000c   Code   RO         2517    i.semihost_exit     mbed.ar(semihost_api.o)
    0x00008b10   0x00000064   Code   RO         2085    i.serial_baud       mbed.ar(serial_api.o)
    0x00008b74   0x00000174   Code   RO         2089    i.serial_format     mbed.ar(serial_api.o)
    0x00008ce8   0x0000014c   Code   RO         2092    i.serial_init       mbed.ar(serial_api.o)
    0x00008e34   0x00000018   Code   RO         2093    i.serial_irq_handler  mbed.ar(serial_api.o)
    0x00008e4c   0x000000b8   Code   RO         2094    i.serial_irq_set    mbed.ar(serial_api.o)
    0x00008f04   0x00000016   Code   RO         2096    i.serial_putc       mbed.ar(serial_api.o)
    0x00008f1a   0x0000001a   Code   RO         2098    i.serial_writable   mbed.ar(serial_api.o)
    0x00008f34   0x00000020   Code   RO         2099    i.uart0_irq         mbed.ar(serial_api.o)
    0x00008f54   0x00000014   Code   RO         2100    i.uart1_irq         mbed.ar(serial_api.o)
    0x00008f68   0x00000014   Code   RO         2101    i.uart2_irq         mbed.ar(serial_api.o)
    0x00008f7c   0x00000030   Code   RO         2102    i.uart_irq          mbed.ar(serial_api.o)
    0x00008fac   0x00000002   Code   RO         2464    i.us_ticker_clear_interrupt  mbed.ar(us_ticker.o)
    0x00008fae   0x00000002   PAD
    0x00008fb0   0x00000010   Code   RO         2465    i.us_ticker_disable_interrupt  mbed.ar(us_ticker.o)
    0x00008fc0   0x0000006c   Code   RO         2466    i.us_ticker_init    mbed.ar(us_ticker.o)
    0x0000902c   0x0000003c   Code   RO         2534    i.us_ticker_insert_event  mbed.ar(us_ticker_api.o)
    0x00009068   0x00000040   Code   RO         2535    i.us_ticker_irq_handler  mbed.ar(us_ticker_api.o)
    0x000090a8   0x00000020   Code   RO         2467    i.us_ticker_read    mbed.ar(us_ticker.o)
    0x000090c8   0x00000038   Code   RO         2536    i.us_ticker_remove_event  mbed.ar(us_ticker_api.o)
    0x00009100   0x00000014   Code   RO         2537    i.us_ticker_set_handler  mbed.ar(us_ticker_api.o)
    0x00009114   0x00000044   Code   RO         2468    i.us_ticker_set_interrupt  mbed.ar(us_ticker.o)
    0x00009158   0x00000018   Code   RO         2140    i.wait              mbed.ar(wait_api.o)
    0x00009170   0x0000000e   Code   RO         2141    i.wait_ms           mbed.ar(wait_api.o)
    0x0000917e   0x00000016   Code   RO         2142    i.wait_us           mbed.ar(wait_api.o)
    0x00009194   0x0000002c   Code   RO         3359    locale$$code        c_p.l(lc_numeric_c.o)
    0x000091c0   0x0000002c   Code   RO         3428    locale$$code        c_p.l(lc_ctype_c.o)
    0x000091ec   0x00000074   Code   RO         1381    t._ZN4mbed10SerialBase6attachIN3AjK9MODSERIALEEEvPT_MS4_FvvENS0_7IrqTypeE  init.o
    0x00009260   0x00000050   Code   RO         1387    t._ZN4mbed15FunctionPointer12membercallerIN3AjK9MODSERIALEEEvPvPc  init.o
    0x000092b0   0x00000006   Code   RO          298    t._ZN9telemetry12NumericArrayItLj127EE11get_subtypeEv  main.o
    0x000092b6   0x00000014   Code   RO          304    t._ZN9telemetry12NumericArrayItLj127EE14serialize_dataEtRNS_23TransmitPacketInterfaceE  main.o
    0x000092ca   0x0000000e   Code   RO          311    t._ZN9telemetry12NumericArrayItLj127EE16deserialize_dataERNS_19ReceivePacketBufferE  main.o
    0x000092d8   0x00000006   Code   RO          228    t._ZN9telemetry12NumericArrayItLj128EE11get_subtypeEv  main.o
    0x000092de   0x00000014   Code   RO          234    t._ZN9telemetry12NumericArrayItLj128EE14serialize_dataEtRNS_23TransmitPacketInterfaceE  main.o
    0x000092f2   0x0000000e   Code   RO          241    t._ZN9telemetry12NumericArrayItLj128EE16deserialize_dataERNS_19ReceivePacketBufferE  main.o
    0x00009300   0x00000030   Code   RO           56    t._ZN9telemetry12NumericArrayItLj128EEC1ERNS_9TelemetryEPKcS5_S5_t  main.o
    0x00009330   0x00000006   Code   RO          253    t._ZN9telemetry16NumericArrayBaseItLj127EE13get_data_typeEv  main.o
    0x00009336   0x00000024   Code   RO          278    t._ZN9telemetry16NumericArrayBaseItLj127EE13write_payloadERNS_23TransmitPacketInterfaceE  main.o
    0x0000935a   0x0000002c   Code   RO          285    t._ZN9telemetry16NumericArrayBaseItLj127EE15set_from_packetERNS_19ReceivePacketBufferE  main.o
    0x00009386   0x00000082   Code   RO          265    t._ZN9telemetry16NumericArrayBaseItLj127EE17write_header_kvrsERNS_23TransmitPacketInterfaceE  main.o
    0x00009408   0x00000006   Code   RO          272    t._ZN9telemetry16NumericArrayBaseItLj127EE18get_payload_lengthEv  main.o
    0x0000940e   0x0000000e   Code   RO          259    t._ZN9telemetry16NumericArrayBaseItLj127EE22get_header_kvrs_lengthEv  main.o
    0x0000941c   0x00000058   Code   RO           74    t._ZN9telemetry16NumericArrayBaseItLj127EEC2ERNS_9TelemetryEPKcS5_S5_t  main.o
    0x00009474   0x00000006   Code   RO          183    t._ZN9telemetry16NumericArrayBaseItLj128EE13get_data_typeEv  main.o
    0x0000947a   0x00000024   Code   RO          208    t._ZN9telemetry16NumericArrayBaseItLj128EE13write_payloadERNS_23TransmitPacketInterfaceE  main.o
    0x0000949e   0x0000002c   Code   RO          215    t._ZN9telemetry16NumericArrayBaseItLj128EE15set_from_packetERNS_19ReceivePacketBufferE  main.o
    0x000094ca   0x00000082   Code   RO          195    t._ZN9telemetry16NumericArrayBaseItLj128EE17write_header_kvrsERNS_23TransmitPacketInterfaceE  main.o
    0x0000954c   0x00000008   Code   RO          202    t._ZN9telemetry16NumericArrayBaseItLj128EE18get_payload_lengthEv  main.o
    0x00009554   0x0000000e   Code   RO          189    t._ZN9telemetry16NumericArrayBaseItLj128EE22get_header_kvrs_lengthEv  main.o
    0x00009562   0x00000002   PAD
    0x00009564   0x00000058   Code   RO           80    t._ZN9telemetry16NumericArrayBaseItLj128EEC2ERNS_9TelemetryEPKcS5_S5_t  main.o
    0x000095bc   0x0000000a   Code   RO           38    t._ZN9telemetry16NumericArrayBaseItLj128EEixEi  main.o
    0x000095c6   0x00000032   Code   RO           44    t._ZN9telemetry20NumericArrayAccessorItLj128EEaSEt  main.o
    0x000095f8   0x00000006   Code   RO          140    t._ZN9telemetry7NumericIjE13get_data_typeEv  main.o
    0x000095fe   0x00000012   Code   RO          165    t._ZN9telemetry7NumericIjE13write_payloadERNS_23TransmitPacketInterfaceE  main.o
    0x00009610   0x0000001a   Code   RO          171    t._ZN9telemetry7NumericIjE15set_from_packetERNS_19ReceivePacketBufferE  main.o
    0x0000962a   0x00000060   Code   RO          152    t._ZN9telemetry7NumericIjE17write_header_kvrsERNS_23TransmitPacketInterfaceE  main.o
    0x0000968a   0x00000006   Code   RO          159    t._ZN9telemetry7NumericIjE18get_payload_lengthEv  main.o
    0x00009690   0x0000000e   Code   RO          146    t._ZN9telemetry7NumericIjE22get_header_kvrs_lengthEv  main.o
    0x0000969e   0x00000002   PAD
    0x000096a0   0x0000008c   Code   RO         2937    x$fpl$fadd          fz_ps.l(faddsub.o)
    0x0000972c   0x00000054   Code   RO         2952    x$fpl$fleqf         fz_ps.l(flef.o)
    0x00009780   0x000000b0   Code   RO         2954    x$fpl$fmul          fz_ps.l(fmul.o)
    0x00009830   0x00000058   Code   RO         2956    x$fpl$frleqf        fz_ps.l(frlef.o)
    0x00009888   0x000000d0   Code   RO         2939    x$fpl$fsub          fz_ps.l(faddsub.o)
    0x00009958   0x00000010   Code   RO         3198    x$fpl$printf1       fz_ps.l(printf1.o)
    0x00009968   0x00000000   Code   RO         3202    x$fpl$usenofp       fz_ps.l(usenofp.o)
    0x00009968   0x0000001b   Data   RO          917    .constdata          rtx_conf_cm.o
    0x00009983   0x00000002   Data   RO         1755    .constdata          telemetry.o
    0x00009985   0x00000017   Data   RO         1982    .constdata          retarget.o
    0x0000999c   0x000000cc   Data   RO         2039    .constdata          mbed.ar(analogin_api.o)
    0x00009a68   0x000001bc   Data   RO         2069    .constdata          mbed.ar(pwmout_api.o)
    0x00009c24   0x000000d8   Data   RO         2104    .constdata          mbed.ar(serial_api.o)
    0x00009cfc   0x00000028   Data   RO         2700    .constdata          c_p.l(_printf_hex_int_ll_ptr.o)
    0x00009d24   0x00000011   Data   RO         2720    .constdata          c_p.l(__printf_flags_ss_wp.o)
    0x00009d35   0x00000040   Data   RO         2944    .constdata          fz_ps.l(fdiv.o)
    0x00009d75   0x00000003   PAD
    0x00009d78   0x00000008   Data   RO         3022    .constdata          c_p.l(_printf_wctomb.o)
    0x00009d80   0x00000094   Data   RO         3350    .constdata          c_p.l(bigflt0.o)
    0x00009e14   0x00000044   Data   RO         1705    .constdata__ZTVN3AjK9MODSERIALE  modserial.o
    0x00009e58   0x0000002c   Data   RO         2027    .constdata__ZTVN4mbed10FileHandleE  retarget.o
    0x00009e84   0x00000014   Data   RO         2447    .constdata__ZTVN4mbed10TimerEventE  mbed.ar(TimerEvent.o)
    0x00009e98   0x00000044   Data   RO         2254    .constdata__ZTVN4mbed6SerialE  mbed.ar(Serial.o)
    0x00009edc   0x00000044   Data   RO         2369    .constdata__ZTVN4mbed6StreamE  mbed.ar(Stream.o)
    0x00009f20   0x00000014   Data   RO         2382    .constdata__ZTVN4mbed6TickerE  mbed.ar(Ticker.o)
    0x00009f34   0x00000010   Data   RO         2572    .constdata__ZTVN4mbed8FileBaseE  mbed.ar(FileBase.o)
    0x00009f44   0x0000003c   Data   RO         2595    .constdata__ZTVN4mbed8FileLikeE  mbed.ar(FileLike.o)
    0x00009f80   0x00000010   Data   RO         1141    .constdata__ZTVN4rtos6ThreadE  thread.o
    0x00009f90   0x00000024   Data   RO          108    .constdata__ZTVN9telemetry12HalInterfaceE  main.o
    0x00009fb4   0x00000034   Data   RO          118    .constdata__ZTVN9telemetry12NumericArrayItLj127EEE  main.o
    0x00009fe8   0x00000034   Data   RO          114    .constdata__ZTVN9telemetry12NumericArrayItLj128EEE  main.o
    0x0000a01c   0x00000034   Data   RO          116    .constdata__ZTVN9telemetry16NumericArrayBaseItLj127EEE  main.o
    0x0000a050   0x00000034   Data   RO          112    .constdata__ZTVN9telemetry16NumericArrayBaseItLj128EEE  main.o
    0x0000a084   0x00000028   Data   RO         1781    .constdata__ZTVN9telemetry23TransmitPacketInterfaceE  telemetry.o
    0x0000a0ac   0x00000028   Data   RO         1766    .constdata__ZTVN9telemetry25FixedLengthTransmitPacketE  telemetry.o
    0x0000a0d4   0x00000028   Data   RO         1824    .constdata__ZTVN9telemetry4DataE  telemetry-data.o
    0x0000a0fc   0x00000024   Data   RO         1867    .constdata__ZTVN9telemetry7MbedHalE  telemetry-mbed-hal.o
    0x0000a120   0x00000028   Data   RO          110    .constdata__ZTVN9telemetry7NumericIjEE  main.o
    0x0000a148   0x0000006c   Data   RO            6    .conststring        main.o
    0x0000a1b4   0x00000053   Data   RO         1689    .conststring        modserial.o
    0x0000a207   0x00000001   PAD
    0x0000a208   0x00000020   Data   RO         3500    Region$$Table       anon$$obj.o
    0x0000a228   0x0000001c   Data   RO         3358    locale$$data        c_p.l(lc_numeric_c.o)
    0x0000a244   0x00000110   Data   RO         3427    locale$$data        c_p.l(lc_ctype_c.o)
    0x0000a354   0x00000004   Data   RO            8    .init_array         main.o
    0x0000a358   0x00000000   Data   RO         2799    .init_array         c_p.l(init_aeabi.o)


    Execution Region RW_IRAM1 (Base: 0x1ffff0c0, Size: 0x000018cc, Max: 0x00003f40, ABSOLUTE, COMPRESSED[0x000000e8])

    Base Addr    Size         Type   Attr      Idx    E Section Name        Object

    0x1ffff0c0   0x0000023c   Data   RW            7    .data               main.o
    0x1ffff2fc   0x00000008   Data   RW          710    .data               rt_cmsis.o
    0x1ffff304   0x00000008   Data   RW          837    .data               rt_robin.o
    0x1ffff30c   0x00000007   Data   RW          853    .data               rt_system.o
    0x1ffff313   0x00000001   PAD
    0x1ffff314   0x00000008   Data   RW          890    .data               rt_task.o
    0x1ffff31c   0x00000154   Data   RW          918    .data               rtx_conf_cm.o
    0x1ffff470   0x00000004   Data   RW          996    .data               rt_time.o
    0x1ffff474   0x00000018   Data   RW         1367    .data               init.o
    0x1ffff48c   0x00000008   Data   RW         1690    .data               modserial.o
    0x1ffff494   0x00000004   Data   RW         1918    .data               system_MKL25Z4.o
    0x1ffff498   0x00000004   Data   RW         2070    .data               mbed.ar(pwmout_api.o)
    0x1ffff49c   0x00000010   Data   RW         2105    .data               mbed.ar(serial_api.o)
    0x1ffff4ac   0x0000000c   Data   RW         2469    .data               mbed.ar(us_ticker.o)
    0x1ffff4b8   0x00000004   Data   RW         2522    .data               mbed.ar(semihost_api.o)
    0x1ffff4bc   0x00000008   Data   RW         2538    .data               mbed.ar(us_ticker_api.o)
    0x1ffff4c4   0x00000004   Data   RW         2561    .data               mbed.ar(FileBase.o)
    0x1ffff4c8   0x00000004   Data   RW         2755    .data               c_p.l(stdio_streams.o)
    0x1ffff4cc   0x00000004   Data   RW         2756    .data               c_p.l(stdio_streams.o)
    0x1ffff4d0   0x00000004   Data   RW         2757    .data               c_p.l(stdio_streams.o)
    0x1ffff4d4   0x00000004   Data   RW         3080    .data               c_p.l(streamlock.o)
    0x1ffff4d8   0x000006fa   Zero   RW            5    .bss                main.o
    0x1ffffbd2   0x00000002   PAD
    0x1ffffbd4   0x00000030   Zero   RW          779    .bss                rt_list.o
    0x1ffffc04   0x00000090   Zero   RW          889    .bss                rt_task.o
    0x1ffffc94   0x00000b50   Zero   RW          916    .bss                rtx_conf_cm.o
    0x200007e4   0x00000040   Zero   RW         1981    .bss                retarget.o
    0x20000824   0x0000000c   Zero   RW         2103    .bss                mbed.ar(serial_api.o)
    0x20000830   0x00000060   Zero   RW         2601    .bss                c_p.l(libspace.o)
    0x20000890   0x00000054   Zero   RW         2752    .bss                c_p.l(stdio_streams.o)
    0x200008e4   0x00000054   Zero   RW         2753    .bss                c_p.l(stdio_streams.o)
    0x20000938   0x00000054   Zero   RW         2754    .bss                c_p.l(stdio_streams.o)


==============================================================================

Image component sizes


      Code (inc. data)   RO Data    RW Data    ZI Data      Debug   Object Name

        56         10          0          0          0         76   cmsis_nvic.o
         0          0          0          0          0      90340   flush.o
       152          0          0          0          0       8900   getc.o
       108          6          0          0          0       3715   hal_cm.o
       356         40          0          0          0       2312   hal_cm0.o
       482         72          0         24          0      18568   init.o
       346          6          0          0          0      11324   isr_rx.o
       182          0          0          0          0       8752   isr_tx.o
      5230        644        396        572       1786     157442   main.o
       648         36        151          8          0      17968   modserial.o
        92         12          0          0          0       9032   modserial_kl25z.o
         0          0          0          0          0       5432   mutex.o
       220          0          0          0          0       8908   putc.o
       652         66         67          0         64        728   retarget.o
      4968        248          0          8          0      42245   rt_cmsis.o
       388         12          0          0          0       1926   rt_event.o
       660         22          0          0         48       5414   rt_list.o
       772         10          0          0          0       2583   rt_mailbox.o
       202          0          0          0          0       1517   rt_membox.o
       488         10          0          0          0       1539   rt_mutex.o
       108         18          0          8          0        720   rt_robin.o
       336         10          0          0          0       1752   rt_semaphore.o
       760         66          0          7          0       4928   rt_system.o
       860         70          0          8        144       5424   rt_task.o
       104          8          0          4          0       1107   rt_time.o
       240         68         27        340       2896       7792   rtx_conf_cm.o
        44         24        192          0          0        164   startup_MKL25Z4.o
         4          4          0          0          0        188   svc_table.o
        16          6          0          0          0         60   sys.o
       178         30          0          4          0        132   system_MKL25Z4.o
       294          0         40          0          0      10940   telemetry-data.o
        88         10         36          0          0      14808   telemetry-mbed-hal.o
      2226        450         82          0          0      13035   telemetry.o
       300         46         16          0          0       4568   thread.o

    ----------------------------------------------------------------------
     21576       2004       1040        984       4940     464339   Object Totals
         0          0         32          0          0          0   (incl. Generated)
        16          0          1          1          2          0   (incl. Padding)

    ----------------------------------------------------------------------

      Code (inc. data)   RO Data    RW Data    ZI Data      Debug   Library Member Name

        64         10          0          0          0         84   __0sscanf.o
        22          0          0          0          0         84   __2fprintf.o
        44          4          0          0          0         84   __2sprintf.o
        86          0          0          0          0          0   __dczerorl2.o
         8          0          0          0          0         68   __main.o
       392          6         17          0          0         76   __printf_flags_ss_wp.o
        14          0          0          0          0         60   __printf_wp.o
        60          8          0          0          0          0   __scatter.o
        28          0          0          0          0          0   __scatter_zi.o
        30          0          0          0          0         60   _chval.o
        10          0          0          0          0          0   _printf_a.o
        10          0          0          0          0          0   _printf_c.o
        46          0          0          0          0        100   _printf_char.o
        48          6          0          0          0         88   _printf_char_common.o
        60          6          0          0          0         76   _printf_char_file_locked.o
        38          0          0          0          0         60   _printf_charcount.o
        10          0          0          0          0          0   _printf_d.o
       108         18          0          0          0         76   _printf_dec.o
        10          0          0          0          0          0   _printf_e.o
        10          0          0          0          0          0   _printf_f.o
      1044         14          0          0          0        176   _printf_fp_dec.o
       136         16          0          0          0         76   _printf_fp_infnan.o
        10          0          0          0          0          0   _printf_g.o
       152          4         40          0          0        148   _printf_hex_int_ll_ptr.o
        10          0          0          0          0          0   _printf_i.o
       176          0          0          0          0         84   _printf_intcommon.o
        10          0          0          0          0          0   _printf_l.o
        10          0          0          0          0          0   _printf_lc.o
        10          0          0          0          0          0   _printf_ll.o
        10          0          0          0          0          0   _printf_lld.o
        10          0          0          0          0          0   _printf_lli.o
        10          0          0          0          0          0   _printf_llo.o
        10          0          0          0          0          0   _printf_llu.o
        10          0          0          0          0          0   _printf_llx.o
       112         18          0          0          0         76   _printf_longlong_dec.o
        10          0          0          0          0          0   _printf_ls.o
        10          0          0          0          0          0   _printf_n.o
        10          0          0          0          0          0   _printf_o.o
       112         10          0          0          0        112   _printf_oct_int_ll.o
        10          0          0          0          0          0   _printf_p.o
        78          0          0          0          0        100   _printf_pad.o
         2          0          0          0          0          0   _printf_percent.o
         4          0          0          0          0          0   _printf_percent_end.o
        10          0          0          0          0          0   _printf_s.o
        82          0          0          0          0         72   _printf_str.o
        36          0          0          0          0         76   _printf_truncate.o
        10          0          0          0          0          0   _printf_u.o
        46          0          0          0          0        100   _printf_wchar.o
       188          6          8          0          0         80   _printf_wctomb.o
        10          0          0          0          0          0   _printf_x.o
       896         16          0          0          0         84   _scanf.o
       330          0          0          0          0         84   _scanf_int.o
        68          0          0          0          0         76   _sgetc.o
        10          0          0          0          0         60   _sputc.o
        64          0          0          0          0         72   _wcrtomb.o
        16          0          0          0          0         64   abort.o
       346          0          0          0          0         92   aeabi_sdiv.o
       200          4        148          0          0         80   bigflt0.o
      1240         12          0          0          0        316   btod.o
        14          0          0          0          0         68   c89vfprintf.o
        48         34          0          0          0         68   defsig_abrt_inner.o
        12          0          0          0          0         68   defsig_abrt_outer.o
        12          0          0          0          0         68   defsig_exit.o
        52          0          0          0          0         72   defsig_general.o
        48         34          0          0          0         68   defsig_pvfn_inner.o
        12          0          0          0          0         68   defsig_pvfn_outer.o
        80         58          0          0          0         68   defsig_rtmem_inner.o
        12          0          0          0          0         68   defsig_rtmem_outer.o
        52         38          0          0          0         68   defsig_rtred_inner.o
        12          0          0          0          0         68   defsig_rtred_outer.o
        76          4          0          0          0         76   fclose.o
        52          6          0          0          0         72   fclose_locked.o
       140         10          0          0          0        108   fflush_locked.o
       496         10          0          0          0         76   flsbuf.o
       320         12          0          0          0        148   fopen_locked.o
        30          0          0          0          0         68   fputc.o
        36          0          0          0          0         72   fputc_locked.o
       244          4          0          0          0         76   fseek.o
        66          0          0          0          0         68   ftell.o
       154          0          0          0          0        116   h1_alloc_mt.o
        54          0          0          0          0         72   h1_extend_mt.o
       116          0          0          0          0        100   h1_free_mt.o
        22          0          0          0          0         84   h1_init_mt.o
         6          0          0          0          0        136   heapauxi.o
         4          0          0          0          0        120   hguard.o
         0          0          0          0          0          0   indicate_semi.o
        36         10          0          0          0         72   init_aeabi.o
       136          0          0          0          0        160   init_alloc.o
       460         50          0          0          0        100   initio_locked.o
        18          0          0          0          0         68   isspace.o
        44         10        272          0          0         76   lc_ctype_c.o
        44         10         28          0          0         76   lc_numeric_c.o
         2          0          0          0          0          0   libinit.o
        46          0          0          0          0          0   libinit2.o
         6          0          0          0          0          0   libshutdown2.o
         8          4          0          0         96         68   libspace.o
       122          0          0          0          0         72   lludiv10.o
         0          0          0          0          0          0   maybetermalloc1.o
        16          4          0          0          0         76   rt_ctype_table.o
        10          0          0          0          0         76   rt_ddtor_pointer_addr_twolibspace.o
        10          0          0          0          0         76   rt_eh_globals_addr_twolibspace.o
         8          0          0          0          0         76   rt_errno_addr_twolibspace.o
        10          0          0          0          0         76   rt_heap_descriptor_twolibspace.o
        10          0          0          0          0         76   rt_locale_twolibspace.o
        64          0          0          0          0        108   rt_memclr.o
       186          0          0          0          0        144   rt_memcpy.o
        10          0          0          0          0         76   rt_new_handler_addr_twolibspace.o
        40          0          0          0          0         60   rtudiv10.o
        48          8          0          0          0         84   scanf_char.o
        26          0          0          0          0         68   setbuf.o
       108          4          0          0          0         80   setvbuf_locked.o
       240          8          0          0          0        144   stdio.o
         0          0          0         12        252          0   stdio_streams.o
       136          4          0          0          0         72   strcmp.o
         0          0          0          4          0          0   streamlock.o
        68          6          0          0          0         72   strlen.o
       160          6          0          0          0         76   strncmp.o
        12          4          0          0          0         60   sys_exit.o
        12          0          0          0          0         68   sys_wrch.o
         2          0          0          0          0         68   use_no_semi.o
        44          0          0          0          0         76   aeabi_atexit.o
        34          0          0          0          0         80   aeabi_vec_ctor_nocookie_nodtor.o
        84         12          0          0          0         96   arm_exceptions_globs.o
        66          0          0          0          0        100   arm_exceptions_mem.o
        28          0          0          0          0         68   arm_exceptions_terminate.o
         8          0          0          0          0         68   arm_newhandler_noexceptions.o
         8          0          0          0          0         68   array_del.o
         8          0          0          0          0         68   array_new.o
        66          0          0          0          0         76   cxa_finalize.o
         8          0          0          0          0         68   delete.o
        40          4          0          0          0         68   new.o
        10          0          0          0          0         68   pure_virt.o
        48          4          0          0          0         60   cmpret.o
       124          4          0          0          0         72   d2f.o
        84          4          0          0          0         60   f2d.o
       348          8          0          0          0        160   faddsub.o
       100          4          0          0          0         68   fcmpin.o
       352         10         64          0          0         92   fdiv.o
        76          0          0          0          0         68   ffixi.o
        48          0          0          0          0         60   ffixui.o
        94          0          0          0          0         92   fflti.o
        84          4          0          0          0         76   flef.o
       176          4          0          0          0         80   fmul.o
        16          6          0          0          0         68   fnan2.o
        88          4          0          0          0         76   frlef.o
        68          4          0          0          0         68   fscalbn.o
        16          4          0          0          0         76   printf1.o
        94          0          0          0          0         68   retnan.o
         0          0          0          0          0          0   usenofp.o
        44          4          0          0          0         60   fpclassify.o
       148         24         16          4          0        252   FileBase.o
        48          8         60          0          0        136   FileLike.o
       162          0          0          0          0        460   FilePath.o
        34          0          0          0          0        120   FunctionPointer.o
        42          4         68          0          0        136   Serial.o
       120          8          0          0          0        416   SerialBase.o
       198         20         68          0          0        620   Stream.o
        34          0         20          0          0        136   Ticker.o
        94          0          0          0          0        408   Timer.o
        70         16         20          0          0        264   TimerEvent.o
       268         62        204          0          0        200   analogin_api.o
        64          6          0          0          0        128   board.o
        24          0          0          0          0         64   exit.o
       130          4          0          0          0        200   gpio_api.o
         8          0          0          0          0         68   mbed_interface.o
        88         14          0          0          0        132   pinmap.o
       232         84          0          0          0        264   pinmap_common.o
       458         76        444          4          0        428   pwmout_api.o
        24          6          0          4          0        132   semihost_api.o
      1180        320        216         16         12        776   serial_api.o
       642        120          0         12          0        596   us_ticker.o
       200         24          0          8          0        276   us_ticker_api.o
        60          6          0          0          0        208   wait_api.o

    ----------------------------------------------------------------------
     17504       1378       1696         64        360      16044   Library Totals
        38          0          3          0          0          0   (incl. Padding)

    ----------------------------------------------------------------------

      Code (inc. data)   RO Data    RW Data    ZI Data      Debug   Library Name

     10874        496        513         16        348       7416   c_p.l
       404         16          0          0          0        904   cpprt_p.l
      1816         60         64          0          0       1244   fz_ps.l
        44          4          0          0          0         60   m_ps.l
      4328        802       1116         48         12       6420   mbed.ar

    ----------------------------------------------------------------------
     17504       1378       1696         64        360      16044   Library Totals

    ----------------------------------------------------------------------

==============================================================================


      Code (inc. data)   RO Data    RW Data    ZI Data      Debug   

     39080       3382       2736       1048       5300     466467   Grand Totals
     39080       3382       2736        232       5300     466467   ELF Image Totals (compressed)
     39080       3382       2736        232          0          0   ROM Totals

==============================================================================

    Total RO  Size (Code + RO Data)                41816 (  40.84kB)
    Total RW  Size (RW Data + ZI Data)              6348 (   6.20kB)
    Total ROM Size (Code + RO Data + RW Data)      42048 (  41.06kB)

==============================================================================

